Archive member included because of file (symbol)

contiki-sky.a(contiki-sky-pla)
                              obj_sky/contiki-sky-main.o (init_platform)
contiki-sky.a(button-sensor.o)
                              node3.co (button_sensor)
contiki-sky.a(ds2411.o)       obj_sky/contiki-sky-main.o (ds2411_init)
contiki-sky.a(xmem.o)         obj_sky/contiki-sky-main.o (xmem_init)
contiki-sky.a(node-id.o)      obj_sky/contiki-sky-main.o (node_id_restore)
contiki-sky.a(sensors.o)      node3.co (sensors_event)
contiki-sky.a(cc2420.o)       obj_sky/contiki-sky-main.o (cc2420_set_pan_addr)
contiki-sky.a(cc2420-arch.o)  contiki-sky.a(cc2420.o) (cc2420_arch_init)
contiki-sky.a(uart1.o)        obj_sky/contiki-sky-main.o (uart1_active)
contiki-sky.a(uart1-putchar.o)
                              obj_sky/contiki-sky-main.o (putchar)
contiki-sky.a(msp430.o)       contiki-sky.a(uart1.o) (msp430_add_lpm_req)
contiki-sky.a(clock.o)        obj_sky/contiki-sky-main.o (clock_init)
contiki-sky.a(leds.o)         obj_sky/contiki-sky-main.o (leds_init)
contiki-sky.a(leds-arch.o)    contiki-sky.a(leds.o) (leds_arch_init)
contiki-sky.a(watchdog.o)     obj_sky/contiki-sky-main.o (watchdog_start)
contiki-sky.a(rtimer-arch.o)  obj_sky/contiki-sky-main.o (rtimer_arch_now)
contiki-sky.a(autostart.o)    obj_sky/contiki-sky-main.o (autostart_start)
contiki-sky.a(ctimer.o)       obj_sky/contiki-sky-main.o (ctimer_init)
contiki-sky.a(energest.o)     obj_sky/contiki-sky-main.o (energest_init)
contiki-sky.a(etimer.o)       contiki-sky.a(clock.o) (etimer_request_poll)
contiki-sky.a(process.o)      contiki-sky.a(ctimer.o) (process_current)
contiki-sky.a(rtimer.o)       obj_sky/contiki-sky-main.o (rtimer_init)
contiki-sky.a(timer.o)        obj_sky/contiki-sky-main.o (timer_set)
contiki-sky.a(serial-line.o)  obj_sky/contiki-sky-main.o (serial_line_input_byte)
contiki-sky.a(list.o)         contiki-sky.a(ctimer.o) (list_init)
contiki-sky.a(random.o)       obj_sky/contiki-sky-main.o (random_init)
contiki-sky.a(ringbuf.o)      contiki-sky.a(serial-line.o) (ringbuf_init)
contiki-sky.a(broadcast.o)    node3.co (broadcast_open)
contiki-sky.a(channel.o)      contiki-sky.a(broadcast.o) (channel_set_attributes)
contiki-sky.a(rime.o)         obj_sky/contiki-sky-main.o (rime_driver)
contiki-sky.a(runicast.o)     node3.co (runicast_open)
contiki-sky.a(stunicast.o)    contiki-sky.a(runicast.o) (stunicast_open)
contiki-sky.a(unicast.o)      contiki-sky.a(stunicast.o) (unicast_open)
contiki-sky.a(csma.o)         obj_sky/contiki-sky-main.o (csma_driver)
contiki-sky.a(mac.o)          contiki-sky.a(csma.o) (mac_call_sent_callback)
contiki-sky.a(linkaddr.o)     obj_sky/contiki-sky-main.o (linkaddr_copy)
contiki-sky.a(packetbuf.o)    contiki-sky.a(rime.o) (packetbuf_compact)
contiki-sky.a(queuebuf.o)     contiki-sky.a(rime.o) (queuebuf_init)
contiki-sky.a(contikimac.o)   obj_sky/contiki-sky-main.o (contikimac_driver)
contiki-sky.a(contikimac-fram)
                              contiki-sky.a(contikimac.o) (contikimac_framer)
contiki-sky.a(nullsec.o)      obj_sky/contiki-sky-main.o (nullsec_driver)
contiki-sky.a(spi.o)          contiki-sky.a(xmem.o) (spi_init)
contiki-sky.a(compower.o)     contiki-sky.a(contikimac.o) (compower_idle_activity)
contiki-sky.a(memb.o)         contiki-sky.a(csma.o) (memb_init)
contiki-sky.a(abc.o)          contiki-sky.a(broadcast.o) (abc_open)
contiki-sky.a(announcement.o)
                              contiki-sky.a(rime.o) (announcement_init)
contiki-sky.a(broadcast-annou)
                              contiki-sky.a(rime.o) (broadcast_announcement_init)
contiki-sky.a(chameleon.o)    contiki-sky.a(rime.o) (chameleon_init)
contiki-sky.a(framer-802154.o)
                              contiki-sky.a(contikimac-fram) (framer_802154)
contiki-sky.a(framer.o)       contiki-sky.a(framer-802154.o) (framer_canonical_create_and_secure)
contiki-sky.a(mac-sequence.o)
                              contiki-sky.a(contikimac.o) (mac_sequence_is_duplicate)
contiki-sky.a(chameleon-bitop)
                              contiki-sky.a(chameleon.o) (chameleon_bitopt)
contiki-sky.a(frame802154.o)  contiki-sky.a(framer-802154.o) (frame802154_hdrlen)
/usr/local/msp430/bin/../lib/gcc/msp430/4.7.0/mmpy-16/libgcc.a(_mulsi3.o)
                              contiki-sky.a(csma.o) (__mulsi3)
/usr/local/msp430/bin/../lib/gcc/msp430/4.7.0/mmpy-16/libgcc.a(_divmod16.o)
                              node3.co (__modhi3)
/usr/local/msp430/bin/../lib/gcc/msp430/4.7.0/mmpy-16/libgcc.a(_udivmod32.o)
                              obj_sky/contiki-sky-main.o (__udivsi3)
/usr/local/msp430/bin/../lib/gcc/msp430/4.7.0/mmpy-16/libgcc.a(_udivmod16.o)
                              /usr/local/msp430/bin/../lib/gcc/msp430/4.7.0/mmpy-16/libgcc.a(_divmod16.o) (__ext_udivmod16)
/usr/local/msp430/bin/../lib/gcc/msp430/4.7.0/../../../../msp430/lib/mmpy-16/libc.a(printf.o)
                              node3.co (printf)
[...]
Memory Configuration

Name             Origin             Length             Attributes
sfr              0x00000000         0x00000010
peripheral_8bit  0x00000010         0x000000f0
peripheral_16bit 0x00000100         0x00000100
ram_mirror       0x00000200         0x00000800         xw
infomem          0x00001000         0x00000100
infob            0x00001000         0x00000080
infoa            0x00001080         0x00000080
ram              0x00001100         0x00002800         xw
rom              0x00004000         0x0000bfe0         xr
vectors          0x0000ffe0         0x00000020
bsl              0x00000000         0x00000000
infoc            0x00000000         0x00000000
infod            0x00000000         0x00000000
ram2             0x00000000         0x00000000         xw
usbram           0x00000000         0x00000000         xw
far_rom          0x00000000         0x00000000
*default*        0x00000000         0xffffffff

Linker script and memory map

LOAD /usr/local/msp430/bin/../lib/gcc/msp430/4.7.0/mmpy-16/crt0ivtbl16.o
LOAD node3.co
LOAD obj_sky/contiki-sky-main.o
LOAD contiki-sky.a
LOAD /usr/local/msp430/bin/../lib/gcc/msp430/4.7.0/mmpy-16/libgcc.a
LOAD /usr/local/msp430/bin/../lib/gcc/msp430/4.7.0/../../../../msp430/lib/mmpy-16/libc.a
LOAD /usr/local/msp430/bin/../lib/gcc/msp430/4.7.0/mmpy-16/libgcc.a
LOAD /usr/local/msp430/bin/../lib/gcc/msp430/4.7.0/mmpy-16/libcrt0.a
                0x00000080                PROVIDE (__info_segment_size, 0x80)
                0x00001000                PROVIDE (__infob, 0x1000)
                0x00001080                PROVIDE (__infoa, 0x1080)
                0x00000000                __IE1 = 0x0
                0x00000002                __IFG1 = 0x2
                0x00000004                __ME1 = 0x4
                0x00000001                __IE2 = 0x1
                0x00000003                __IFG2 = 0x3
                0x00000005                __ME2 = 0x5
                0x00000120                __WDTCTL = 0x120
                0x00000130                __MPY = 0x130
                0x00000132                __MPYS = 0x132
                0x00000134                __MAC = 0x134
                0x00000136                __MACS = 0x136
                0x00000138                __OP2 = 0x138
                0x0000013a                __RESLO = 0x13a
                0x0000013c                __RESHI = 0x13c
                0x0000013e                __SUMEXT = 0x13e
                0x00000020                __P1IN = 0x20
                0x00000021                __P1OUT = 0x21
                0x00000022                __P1DIR = 0x22
                0x00000023                __P1IFG = 0x23
                0x00000024                __P1IES = 0x24
                0x00000025                __P1IE = 0x25
                0x00000026                __P1SEL = 0x26
                0x00000028                __P2IN = 0x28
                0x00000029                __P2OUT = 0x29
                0x0000002a                __P2DIR = 0x2a
                0x0000002b                __P2IFG = 0x2b
                0x0000002c                __P2IES = 0x2c
                0x0000002d                __P2IE = 0x2d
                0x0000002e                __P2SEL = 0x2e
                0x00000018                __P3IN = 0x18
                0x00000019                __P3OUT = 0x19
                0x0000001a                __P3DIR = 0x1a
                0x0000001b                __P3SEL = 0x1b
                0x0000001c                __P4IN = 0x1c
                0x0000001d                __P4OUT = 0x1d
                0x0000001e                __P4DIR = 0x1e
                0x0000001f                __P4SEL = 0x1f
                0x00000030                __P5IN = 0x30
                0x00000031                __P5OUT = 0x31
                0x00000032                __P5DIR = 0x32
                0x00000033                __P5SEL = 0x33
                0x00000034                __P6IN = 0x34
                0x00000035                __P6OUT = 0x35
                0x00000036                __P6DIR = 0x36
                0x00000037                __P6SEL = 0x37
                0x00000070                __U0CTL = 0x70
                0x00000071                __U0TCTL = 0x71
                0x00000072                __U0RCTL = 0x72
                0x00000073                __U0MCTL = 0x73
                0x00000074                __U0BR0 = 0x74
                0x00000075                __U0BR1 = 0x75
                0x00000076                __U0RXBUF = 0x76
                0x00000077                __U0TXBUF = 0x77
                0x00000078                __U1CTL = 0x78
                0x00000079                __U1TCTL = 0x79
                0x0000007a                __U1RCTL = 0x7a
                0x0000007b                __U1MCTL = 0x7b
                0x0000007c                __U1BR0 = 0x7c
                0x0000007d                __U1BR1 = 0x7d
                0x0000007e                __U1RXBUF = 0x7e
                0x0000007f                __U1TXBUF = 0x7f
                0x00000050                __I2CIE = 0x50
                0x00000051                __I2CIFG = 0x51
                0x00000052                __I2CNDAT = 0x52
                0x00000071                __I2CTCTL = 0x71
                0x00000072                __I2CDCTL = 0x72
                0x00000073                __I2CPSC = 0x73
                0x00000074                __I2CSCLH = 0x74
                0x00000075                __I2CSCLL = 0x75
                0x00000076                __I2CDRB = 0x76
                0x00000076                __I2CDRW = 0x76
                0x00000118                __I2COA = 0x118
                0x0000011a                __I2CSA = 0x11a
                0x0000011c                __I2CIV = 0x11c
                0x0000012e                __TAIV = 0x12e
                0x00000160                __TACTL = 0x160
                0x00000162                __TACCTL0 = 0x162
                0x00000164                __TACCTL1 = 0x164
                0x00000166                __TACCTL2 = 0x166
                0x00000170                __TAR = 0x170
                0x00000172                __TACCR0 = 0x172
                0x00000174                __TACCR1 = 0x174
                0x00000176                __TACCR2 = 0x176
                0x0000011e                __TBIV = 0x11e
                0x00000180                __TBCTL = 0x180
                0x00000182                __TBCCTL0 = 0x182
                0x00000184                __TBCCTL1 = 0x184
                0x00000186                __TBCCTL2 = 0x186
                0x00000188                __TBCCTL3 = 0x188
                0x0000018a                __TBCCTL4 = 0x18a
                0x0000018c                __TBCCTL5 = 0x18c
                0x0000018e                __TBCCTL6 = 0x18e
                0x00000190                __TBR = 0x190
                0x00000192                __TBCCR0 = 0x192
                0x00000194                __TBCCR1 = 0x194
                0x00000196                __TBCCR2 = 0x196
                0x00000198                __TBCCR3 = 0x198
                0x0000019a                __TBCCR4 = 0x19a
                0x0000019c                __TBCCR5 = 0x19c
                0x0000019e                __TBCCR6 = 0x19e
                0x00000056                __DCOCTL = 0x56
                0x00000057                __BCSCTL1 = 0x57
                0x00000058                __BCSCTL2 = 0x58
                0x00000055                __SVSCTL = 0x55
                0x00000128                __FCTL1 = 0x128
                0x0000012a                __FCTL2 = 0x12a
                0x0000012c                __FCTL3 = 0x12c
                0x00000059                __CACTL1 = 0x59
                0x0000005a                __CACTL2 = 0x5a
                0x0000005b                __CAPD = 0x5b
                0x000001a0                __ADC12CTL0 = 0x1a0
                0x000001a2                __ADC12CTL1 = 0x1a2
                0x000001a4                __ADC12IFG = 0x1a4
                0x000001a6                __ADC12IE = 0x1a6
                0x000001a8                __ADC12IV = 0x1a8
                0x00000140                __ADC12MEM0 = 0x140
                0x00000142                __ADC12MEM1 = 0x142
                0x00000144                __ADC12MEM2 = 0x144
                0x00000146                __ADC12MEM3 = 0x146
                0x00000148                __ADC12MEM4 = 0x148
                0x0000014a                __ADC12MEM5 = 0x14a
                0x0000014c                __ADC12MEM6 = 0x14c
                0x0000014e                __ADC12MEM7 = 0x14e
                0x00000150                __ADC12MEM8 = 0x150
                0x00000152                __ADC12MEM9 = 0x152
                0x00000154                __ADC12MEM10 = 0x154
                0x00000156                __ADC12MEM11 = 0x156
                0x00000158                __ADC12MEM12 = 0x158
                0x0000015a                __ADC12MEM13 = 0x15a
                0x0000015c                __ADC12MEM14 = 0x15c
                0x0000015e                __ADC12MEM15 = 0x15e
                0x00000080                __ADC12MCTL0 = 0x80
                0x00000081                __ADC12MCTL1 = 0x81
                0x00000082                __ADC12MCTL2 = 0x82
                0x00000083                __ADC12MCTL3 = 0x83
                0x00000084                __ADC12MCTL4 = 0x84
                0x00000085                __ADC12MCTL5 = 0x85
                0x00000086                __ADC12MCTL6 = 0x86
                0x00000087                __ADC12MCTL7 = 0x87
                0x00000088                __ADC12MCTL8 = 0x88
                0x00000089                __ADC12MCTL9 = 0x89
                0x0000008a                __ADC12MCTL10 = 0x8a
                0x0000008b                __ADC12MCTL11 = 0x8b
                0x0000008c                __ADC12MCTL12 = 0x8c
                0x0000008d                __ADC12MCTL13 = 0x8d
                0x0000008e                __ADC12MCTL14 = 0x8e
                0x0000008f                __ADC12MCTL15 = 0x8f
                0x000001c0                __DAC12_0CTL = 0x1c0
                0x000001c2                __DAC12_1CTL = 0x1c2
                0x000001c8                __DAC12_0DAT = 0x1c8
                0x000001ca                __DAC12_1DAT = 0x1ca
                0x00000122                __DMACTL0 = 0x122
                0x00000124                __DMACTL1 = 0x124
                0x000001e0                __DMA0CTL = 0x1e0
                0x000001e8                __DMA1CTL = 0x1e8
                0x000001f0                __DMA2CTL = 0x1f0
                0x000001e2                __DMA0SA = 0x1e2
                0x000001e4                __DMA0DA = 0x1e4
                0x000001e6                __DMA0SZ = 0x1e6
                0x000001ea                __DMA1SA = 0x1ea
                0x000001ec                __DMA1DA = 0x1ec
                0x000001ee                __DMA1SZ = 0x1ee
                0x000001f2                __DMA2SA = 0x1f2
                0x000001f4                __DMA2DA = 0x1f4
                0x000001f6                __DMA2SZ = 0x1f6

.hash
 *(.hash)

.dynsym
 *(.dynsym)

.dynstr
 *(.dynstr)

.gnu.version
 *(.gnu.version)

.gnu.version_d
 *(.gnu.version_d)

.gnu.version_r
 *(.gnu.version_r)

.rel.init
 *(.rel.init)

.rela.init
 *(.rela.init)

.rel.fini
 *(.rel.fini)

.rela.fini
 *(.rela.fini)

.rel.text
 *(.rel.text .rel.text.* .rel.gnu.linkonce.t.*)

.rela.text
 *(.rela.text .rela.text.* .rela.gnu.linkonce.t.*)

.rel.rodata
 *(.rel.rodata .rel.rodata.* .rel.gnu.linkonce.r.*)

.rela.rodata
 *(.rela.rodata .rela.rodata.* .rela.gnu.linkonce.r.*)

.rel.data
 *(.rel.data .rel.data.* .rel.gnu.linkonce.d.*)

.rela.data
 *(.rela.data .rela.data.* .rela.gnu.linkonce.d.*)

.rel.bss
 *(.rel.bss .rel.bss.* .rel.gnu.linkonce.b.*)

.rela.bss
 *(.rela.bss .rela.bss.* .rela.gnu.linkonce.b.*)

.rel.ctors
 *(.rel.ctors)

.rela.ctors
 *(.rela.ctors)

.rel.dtors
 *(.rel.dtors)

.rela.dtors
 *(.rela.dtors)

.rel.got
 *(.rel.got)

.rela.got
 *(.rela.got)

.rel.plt
 *(.rel.plt)

.rela.plt
 *(.rela.plt)

.text           0x00004000     0x5396
                0x00004000                . = ALIGN (0x2)
 *(.init .init.*)
 *(.init0)
 .init0         0x00004000        0x0 /usr/local/msp430/bin/../lib/gcc/msp430/4.7.0/mmpy-16/libcrt0.a(_reset_vector__.o)
                0x00004000                _reset_vector__
 *(.init1)
 .init1         0x00004000        0xc /usr/local/msp430/bin/../lib/gcc/msp430/4.7.0/mmpy-16/libcrt0.a(__watchdog_support.o)
                0x00004000                __watchdog_support
 *(.init2)
 .init2         0x0000400c        0x4 /usr/local/msp430/bin/../lib/gcc/msp430/4.7.0/mmpy-16/libcrt0.a(__init_stack.o)
                0x0000400c                __init_stack
 *(.init3)
 .init3         0x00004010        0x0 /usr/local/msp430/bin/../lib/gcc/msp430/4.7.0/mmpy-16/libcrt0.a(__low_level_init.o)
                0x00004010                __low_level_init
 *(.init4)
 .init4         0x00004010       0x18 /usr/local/msp430/bin/../lib/gcc/msp430/4.7.0/mmpy-16/libcrt0.a(_copy_data.o)
                0x00004010                __do_copy_data
 .init4         0x00004028       0x16 /usr/local/msp430/bin/../lib/gcc/msp430/4.7.0/mmpy-16/libcrt0.a(_clear_bss.o)
                0x00004028                __do_clear_bss
 *(.init5)
 *(.init6)
 *(.init7)
 *(.init8)
 *(.init9)
 .init9         0x0000403e      0x2ce obj_sky/contiki-sky-main.o
                0x0000403e                main
 *(.fini9)
 .fini9         0x0000430c        0x0 /usr/local/msp430/bin/../lib/gcc/msp430/4.7.0/mmpy-16/libcrt0.a(__stop_progExec__.o)
                0x0000430c                __stop_progExec__
 *(.fini8)
 *(.fini7)
 *(.fini6)
 *(.fini5)
 *(.fini4)
 *(.fini3)
 *(.fini2)
 *(.fini1)
 *(.fini0)
 .fini0         0x0000430c        0x6 /usr/local/msp430/bin/../lib/gcc/msp430/4.7.0/mmpy-16/libcrt0.a(_endless_loop__.o)
                0x0000430c                _endless_loop__
 *(.fini .fini.*)
                0x00004312                . = ALIGN (0x2)
                0x00004312                __ctors_start = .
 *(.ctors)
                0x00004312                __ctors_end = .
                0x00004312                __dtors_start = .
 *(.dtors)
                0x00004312                __dtors_end = .
                0x00004312                . = ALIGN (0x2)
 *(.text .text.* .gnu.linkonce.t.*)
 .text          0x00004312        0x4 /usr/local/msp430/bin/../lib/gcc/msp430/4.7.0/mmpy-16/crt0ivtbl16.o
                0x00004312                __isr_14
                0x00004312                __isr_11
                0x00004312                __isr_2
                0x00004312                __isr_7
                0x00004312                __isr_0
                0x00004312                __isr_8
                0x00004312                __isr_3
                0x00004312                __isr_12
                0x00004312                __isr_13
                0x00004312                __isr_9
 .text.broadcast_recv
                0x00004316        0x2 node3.co
 .text.sent_runicast
                0x00004318        0x2 node3.co
 .text.broadcast_sent
                0x0000431a       0x12 node3.co
 .text.timedout_runicast
                0x0000432c       0x10 node3.co
 .text.recv_runicast
                0x0000433c      0x10e node3.co
 .text.show_available_commands
                0x0000444a       0x42 node3.co
 .text.send_broadcast_frame
                0x0000448c       0x1e node3.co
 .text.send_runicast_frame
                0x000044aa       0x36 node3.co
 .text.process_thread_main_process_node3
                0x000044e0      0x1ca node3.co
 .text.start_network_layer
                0x000046aa       0x3c obj_sky/contiki-sky-main.o
 .text.init_platform
                0x000046e6        0xc contiki-sky.a(contiki-sky-pla)
                0x000046e6                init_platform
 .text.status   0x000046f2       0x18 contiki-sky.a(button-sensor.o)
 .text.value    0x0000470a       0x20 contiki-sky.a(button-sensor.o)
 .text.configure
                0x0000472a       0x4c contiki-sky.a(button-sensor.o)
 .text.irq_p2   0x00004776       0x88 contiki-sky.a(button-sensor.o)
                0x00004776                irq_p2
                0x00004776                __isr_1
 .text.owreadb  0x000047fe       0x50 contiki-sky.a(ds2411.o)
 .text.ds2411_init
                0x0000484e      0x120 contiki-sky.a(ds2411.o)
                0x0000484e                ds2411_init
 .text.wait_ready
                0x0000496e       0x4a contiki-sky.a(xmem.o)
 .text.xmem_init
                0x000049b8       0x3c contiki-sky.a(xmem.o)
                0x000049b8                xmem_init
 .text.xmem_pread
                0x000049f4       0xe0 contiki-sky.a(xmem.o)
                0x000049f4                xmem_pread
 .text.node_id_restore
                0x00004ad4       0x38 contiki-sky.a(node-id.o)
                0x00004ad4                node_id_restore
 .text.process_thread_sensors_process
                0x00004b0c       0xc2 contiki-sky.a(sensors.o)
 .text.sensors_changed
                0x00004bce       0x2a contiki-sky.a(sensors.o)
                0x00004bce                sensors_changed
 .text.get_object
                0x00004bf8        0x4 contiki-sky.a(cc2420.o)
 .text.set_object
                0x00004bfc        0x4 contiki-sky.a(cc2420.o)
 .text.strobe   0x00004c00       0x1c contiki-sky.a(cc2420.o)
 .text.getreg   0x00004c1c       0x4c contiki-sky.a(cc2420.o)
 .text.setreg   0x00004c68       0x4c contiki-sky.a(cc2420.o)
 .text.write_ram
                0x00004cb4       0x7c contiki-sky.a(cc2420.o)
 .text.write_fifo_buf
                0x00004d30       0x3c contiki-sky.a(cc2420.o)
 .text.get_status
                0x00004d6c       0x20 contiki-sky.a(cc2420.o)
 .text.set_txpower
                0x00004d8c       0x24 contiki-sky.a(cc2420.o)
 .text.cc2420_receiving_packet
                0x00004db0        0xc contiki-sky.a(cc2420.o)
 .text.pending_packet
                0x00004dbc        0x8 contiki-sky.a(cc2420.o)
 .text.on       0x00004dc4       0x1e contiki-sky.a(cc2420.o)
 .text.wait_for_transmission
                0x00004de2       0x22 contiki-sky.a(cc2420.o)
 .text.wait_for_status
                0x00004e04       0x28 contiki-sky.a(cc2420.o)
 .text.getrxdata
                0x00004e2c       0x50 contiki-sky.a(cc2420.o)
 .text.flushrx  0x00004e7c       0x1a contiki-sky.a(cc2420.o)
 .text.off      0x00004e96       0x56 contiki-sky.a(cc2420.o)
 .text.RELEASE_LOCK
                0x00004eec       0x28 contiki-sky.a(cc2420.o)
 .text.set_key  0x00004f14       0x18 contiki-sky.a(cc2420.o)
 .text.cc2420_prepare
                0x00004f2c       0x3c contiki-sky.a(cc2420.o)
 .text.cc2420_on
                0x00004f68       0x22 contiki-sky.a(cc2420.o)
                0x00004f68                cc2420_on
 .text.cc2420_off
                0x00004f8a       0x30 contiki-sky.a(cc2420.o)
                0x00004f8a                cc2420_off
 .text.cc2420_cca
                0x00004fba       0x68 contiki-sky.a(cc2420.o)
 .text.cc2420_read
                0x00005022       0xac contiki-sky.a(cc2420.o)
 .text.process_thread_cc2420_process
                0x000050ce       0x54 contiki-sky.a(cc2420.o)
 .text.encrypt  0x00005122       0x88 contiki-sky.a(cc2420.o)
 .text.cc2420_set_channel
                0x000051aa       0x3c contiki-sky.a(cc2420.o)
                0x000051aa                cc2420_set_channel
 .text.cc2420_set_pan_addr
                0x000051e6       0x4c contiki-sky.a(cc2420.o)
                0x000051e6                cc2420_set_pan_addr
 .text.cc2420_interrupt
                0x00005232       0x16 contiki-sky.a(cc2420.o)
                0x00005232                cc2420_interrupt
 .text.cc2420_set_txpower
                0x00005248        0xe contiki-sky.a(cc2420.o)
                0x00005248                cc2420_set_txpower
 .text.cc2420_get_txpower
                0x00005256       0x1e contiki-sky.a(cc2420.o)
                0x00005256                cc2420_get_txpower
 .text.cc2420_transmit
                0x00005274      0x12c contiki-sky.a(cc2420.o)
 .text.cc2420_send
                0x000053a0       0x12 contiki-sky.a(cc2420.o)
 .text.cc2420_rssi
                0x000053b2       0x4c contiki-sky.a(cc2420.o)
                0x000053b2                cc2420_rssi
 .text.get_value
                0x000053fe       0xa8 contiki-sky.a(cc2420.o)
 .text.cc2420_set_cca_threshold
                0x000054a6       0x16 contiki-sky.a(cc2420.o)
                0x000054a6                cc2420_set_cca_threshold
 .text.set_value
                0x000054bc       0x86 contiki-sky.a(cc2420.o)
 .text.cc2420_init
                0x00005542       0xd8 contiki-sky.a(cc2420.o)
                0x00005542                cc2420_init
 .text.cc2420_port1_interrupt
                0x0000561a       0x62 contiki-sky.a(cc2420-arch.o)
                0x0000561a                __isr_4
                0x0000561a                cc2420_port1_interrupt
 .text.cc2420_arch_init
                0x0000567c       0x1a contiki-sky.a(cc2420-arch.o)
                0x0000567c                cc2420_arch_init
 .text.handle_rxdma_timer
                0x00005696       0x3a contiki-sky.a(uart1.o)
 .text.uart1_active
                0x000056d0       0x18 contiki-sky.a(uart1.o)
                0x000056d0                uart1_active
 .text.uart1_set_input
                0x000056e8       0x20 contiki-sky.a(uart1.o)
                0x000056e8                uart1_set_input
 .text.uart1_writeb
                0x00005708       0x18 contiki-sky.a(uart1.o)
                0x00005708                uart1_writeb
 .text.uart1_init
                0x00005720       0xf4 contiki-sky.a(uart1.o)
                0x00005720                uart1_init
 .text.putchar  0x00005814       0x10 contiki-sky.a(uart1-putchar.o)
                0x00005814                putchar
 .text.msp430_init_dco
                0x00005824       0x82 contiki-sky.a(msp430.o)
                0x00005824                msp430_init_dco
 .text.msp430_add_lpm_req
                0x000058a6        0xc contiki-sky.a(msp430.o)
                0x000058a6                msp430_add_lpm_req
 .text.msp430_cpu_init
                0x000058b2       0x2a contiki-sky.a(msp430.o)
                0x000058b2                msp430_cpu_init
 .text.splhigh_
                0x000058dc        0x8 contiki-sky.a(msp430.o)
                0x000058dc                splhigh_
 .text.msp430_sync_dco
                0x000058e4       0x6c contiki-sky.a(msp430.o)
                0x000058e4                msp430_sync_dco
 .text.timera1  0x00005950      0x11e contiki-sky.a(clock.o)
                0x00005950                __isr_5
                0x00005950                timera1
 .text.clock_time
                0x00005a6e       0x1a contiki-sky.a(clock.o)
                0x00005a6e                clock_time
 .text.clock_init
                0x00005a88       0x28 contiki-sky.a(clock.o)
                0x00005a88                clock_init
 .text.clock_delay
                0x00005ab0        0xc contiki-sky.a(clock.o)
                0x00005ab0                clock_delay
 .text.show_leds
                0x00005abc       0xf0 contiki-sky.a(leds.o)
 .text.leds_init
                0x00005bac        0xa contiki-sky.a(leds.o)
                0x00005bac                leds_init
 .text.leds_on  0x00005bb6        0xa contiki-sky.a(leds.o)
                0x00005bb6                leds_on
 .text.leds_off
                0x00005bc0        0xe contiki-sky.a(leds.o)
                0x00005bc0                leds_off
 .text.leds_arch_init
                0x00005bce        0xe contiki-sky.a(leds-arch.o)
                0x00005bce                leds_arch_init
 .text.leds_arch_set
                0x00005bdc       0x38 contiki-sky.a(leds-arch.o)
                0x00005bdc                leds_arch_set
 .text.watchdog_interrupt
                0x00005c14        0x6 contiki-sky.a(watchdog.o)
                0x00005c14                __isr_10
                0x00005c14                watchdog_interrupt
 .text.watchdog_start
                0x00005c1a       0x14 contiki-sky.a(watchdog.o)
                0x00005c1a                watchdog_start
 .text.watchdog_periodic
                0x00005c2e       0x12 contiki-sky.a(watchdog.o)
                0x00005c2e                watchdog_periodic
 .text.watchdog_stop
                0x00005c40       0x16 contiki-sky.a(watchdog.o)
                0x00005c40                watchdog_stop
 .text.watchdog_init
                0x00005c56       0x12 contiki-sky.a(watchdog.o)
                0x00005c56                watchdog_init
 .text.rtimer_arch_init
                0x00005c68        0xe contiki-sky.a(rtimer-arch.o)
                0x00005c68                rtimer_arch_init
 .text.rtimer_arch_now
                0x00005c76        0xe contiki-sky.a(rtimer-arch.o)
                0x00005c76                rtimer_arch_now
 .text.timera0  0x00005c84       0x70 contiki-sky.a(rtimer-arch.o)
                0x00005c84                __isr_6
                0x00005c84                timera0
 .text.rtimer_arch_schedule
                0x00005cf4        0x6 contiki-sky.a(rtimer-arch.o)
                0x00005cf4                rtimer_arch_schedule
 .text.autostart_start
                0x00005cfa       0x16 contiki-sky.a(autostart.o)
                0x00005cfa                autostart_start
 .text.process_thread_ctimer_process
                0x00005d10       0xa8 contiki-sky.a(ctimer.o)
 .text.ctimer_init
                0x00005db8       0x18 contiki-sky.a(ctimer.o)
                0x00005db8                ctimer_init
 .text.ctimer_set
                0x00005dd0       0x50 contiki-sky.a(ctimer.o)
                0x00005dd0                ctimer_set
 .text.ctimer_reset
                0x00005e20       0x30 contiki-sky.a(ctimer.o)
                0x00005e20                ctimer_reset
 .text.ctimer_stop
                0x00005e50       0x28 contiki-sky.a(ctimer.o)
                0x00005e50                ctimer_stop
 .text.energest_init
                0x00005e78       0x26 contiki-sky.a(energest.o)
                0x00005e78                energest_init
 .text.energest_type_time
                0x00005e9e       0x48 contiki-sky.a(energest.o)
                0x00005e9e                energest_type_time
 .text.energest_type_set
                0x00005ee6        0xe contiki-sky.a(energest.o)
                0x00005ee6                energest_type_set
 .text.energest_flush
                0x00005ef4       0x48 contiki-sky.a(energest.o)
                0x00005ef4                energest_flush
 .text.update_time
                0x00005f3c       0x78 contiki-sky.a(etimer.o)
 .text.etimer_request_poll
                0x00005fb4        0xa contiki-sky.a(etimer.o)
                0x00005fb4                etimer_request_poll
 .text.process_thread_etimer_process
                0x00005fbe       0xcc contiki-sky.a(etimer.o)
 .text.add_timer
                0x0000608a       0x40 contiki-sky.a(etimer.o)
 .text.etimer_set
                0x000060ca       0x12 contiki-sky.a(etimer.o)
                0x000060ca                etimer_set
 .text.etimer_reset
                0x000060dc       0x12 contiki-sky.a(etimer.o)
                0x000060dc                etimer_reset
 .text.etimer_restart
                0x000060ee       0x12 contiki-sky.a(etimer.o)
                0x000060ee                etimer_restart
 .text.etimer_pending
                0x00006100        0xc contiki-sky.a(etimer.o)
                0x00006100                etimer_pending
 .text.etimer_next_expiration_time
                0x0000610c       0x16 contiki-sky.a(etimer.o)
                0x0000610c                etimer_next_expiration_time
 .text.etimer_stop
                0x00006122       0x3e contiki-sky.a(etimer.o)
                0x00006122                etimer_stop
 .text.call_process
                0x00006160       0x46 contiki-sky.a(process.o)
 .text.exit_process
                0x000061a6       0x96 contiki-sky.a(process.o)
 .text.do_poll  0x0000623c       0x30 contiki-sky.a(process.o)
 .text.process_alloc_event
                0x0000626c        0xe contiki-sky.a(process.o)
                0x0000626c                process_alloc_event
 .text.process_init
                0x0000627a       0x1c contiki-sky.a(process.o)
                0x0000627a                process_init
 .text.process_run
                0x00006296       0xa2 contiki-sky.a(process.o)
                0x00006296                process_run
 .text.process_nevents
                0x00006338        0xe contiki-sky.a(process.o)
                0x00006338                process_nevents
 .text.process_post
                0x00006346       0x54 contiki-sky.a(process.o)
                0x00006346                process_post
 .text.process_post_synch
                0x0000639a       0x12 contiki-sky.a(process.o)
                0x0000639a                process_post_synch
 .text.process_start
                0x000063ac       0x36 contiki-sky.a(process.o)
                0x000063ac                process_start
 .text.process_poll
                0x000063e2       0x18 contiki-sky.a(process.o)
                0x000063e2                process_poll
 .text.rtimer_init
                0x000063fa        0x6 contiki-sky.a(rtimer.o)
                0x000063fa                rtimer_init
 .text.rtimer_set
                0x00006400       0x24 contiki-sky.a(rtimer.o)
                0x00006400                rtimer_set
 .text.rtimer_run_next
                0x00006424       0x26 contiki-sky.a(rtimer.o)
                0x00006424                rtimer_run_next
 .text.timer_set
                0x0000644a       0x1c contiki-sky.a(timer.o)
                0x0000644a                timer_set
 .text.timer_reset
                0x00006466        0xe contiki-sky.a(timer.o)
                0x00006466                timer_reset
 .text.timer_restart
                0x00006474       0x14 contiki-sky.a(timer.o)
                0x00006474                timer_restart
 .text.timer_expired
                0x00006488       0x2a contiki-sky.a(timer.o)
                0x00006488                timer_expired
 .text.process_thread_serial_line_process
                0x000064b2       0x9e contiki-sky.a(serial-line.o)
 .text.serial_line_input_byte
                0x00006550       0x4a contiki-sky.a(serial-line.o)
                0x00006550                serial_line_input_byte
 .text.serial_line_init
                0x0000659a       0x1c contiki-sky.a(serial-line.o)
                0x0000659a                serial_line_init
 .text.list_init
                0x000065b6        0x6 contiki-sky.a(list.o)
                0x000065b6                list_init
 .text.list_head
                0x000065bc        0x4 contiki-sky.a(list.o)
                0x000065bc                list_head
 .text.list_tail
                0x000065c0       0x12 contiki-sky.a(list.o)
                0x000065c0                list_tail
 .text.list_remove
                0x000065d2       0x34 contiki-sky.a(list.o)
                0x000065d2                list_remove
 .text.list_push
                0x00006606       0x1a contiki-sky.a(list.o)
                0x00006606                list_push
 .text.list_add
                0x00006620       0x2a contiki-sky.a(list.o)
                0x00006620                list_add
 .text.list_length
                0x0000664a       0x10 contiki-sky.a(list.o)
                0x0000664a                list_length
 .text.list_item_next
                0x0000665a        0xc contiki-sky.a(list.o)
                0x0000665a                list_item_next
 .text.random_init
                0x00006666        0x6 contiki-sky.a(random.o)
                0x00006666                random_init
 .text.random_rand
                0x0000666c        0x6 contiki-sky.a(random.o)
                0x0000666c                random_rand
 .text.ringbuf_init
                0x00006672       0x14 contiki-sky.a(ringbuf.o)
                0x00006672                ringbuf_init
 .text.ringbuf_put
                0x00006686       0x38 contiki-sky.a(ringbuf.o)
                0x00006686                ringbuf_put
 .text.ringbuf_get
                0x000066be       0x32 contiki-sky.a(ringbuf.o)
                0x000066be                ringbuf_get
 .text.sent_by_abc
                0x000066f0       0x10 contiki-sky.a(broadcast.o)
 .text.recv_from_abc
                0x00006700       0x26 contiki-sky.a(broadcast.o)
 .text.broadcast_open
                0x00006726       0x2a contiki-sky.a(broadcast.o)
                0x00006726                broadcast_open
 .text.broadcast_close
                0x00006750        0x6 contiki-sky.a(broadcast.o)
                0x00006750                broadcast_close
 .text.broadcast_send
                0x00006756       0x1a contiki-sky.a(broadcast.o)
                0x00006756                broadcast_send
 .text.channel_init
                0x00006770        0xa contiki-sky.a(channel.o)
                0x00006770                channel_init
 .text.channel_open
                0x0000677a       0x10 contiki-sky.a(channel.o)
                0x0000677a                channel_open
 .text.channel_close
                0x0000678a        0xc contiki-sky.a(channel.o)
                0x0000678a                channel_close
 .text.channel_lookup
                0x00006796       0x20 contiki-sky.a(channel.o)
                0x00006796                channel_lookup
 .text.channel_set_attributes
                0x000067b6       0x24 contiki-sky.a(channel.o)
                0x000067b6                channel_set_attributes
 .text.input    0x000067da       0x3a contiki-sky.a(rime.o)
 .text.init     0x00006814       0x2e contiki-sky.a(rime.o)
 .text.packet_sent
                0x00006842       0x44 contiki-sky.a(rime.o)
 .text.rime_output
                0x00006886       0x24 contiki-sky.a(rime.o)
                0x00006886                rime_output
 .text.sent_by_stunicast
                0x000068aa       0x5e contiki-sky.a(runicast.o)
 .text.recv_from_stunicast
                0x00006908       0x9e contiki-sky.a(runicast.o)
 .text.runicast_open
                0x000069a6       0x36 contiki-sky.a(runicast.o)
                0x000069a6                runicast_open
 .text.runicast_close
                0x000069dc        0x6 contiki-sky.a(runicast.o)
                0x000069dc                runicast_close
 .text.runicast_send
                0x000069e2       0x48 contiki-sky.a(runicast.o)
                0x000069e2                runicast_send
 .text.recv_from_uc
                0x00006a2a        0xe contiki-sky.a(stunicast.o)
 .text.sent_by_uc
                0x00006a38       0x10 contiki-sky.a(stunicast.o)
 .text.stunicast_open
                0x00006a48       0x1a contiki-sky.a(stunicast.o)
                0x00006a48                stunicast_open
 .text.stunicast_receiver
                0x00006a62        0x6 contiki-sky.a(stunicast.o)
                0x00006a62                stunicast_receiver
 .text.stunicast_set_timer
                0x00006a68       0x12 contiki-sky.a(stunicast.o)
                0x00006a68                stunicast_set_timer
 .text.send     0x00006a7a       0x2c contiki-sky.a(stunicast.o)
 .text.stunicast_send_stubborn
                0x00006aa6       0x68 contiki-sky.a(stunicast.o)
                0x00006aa6                stunicast_send_stubborn
 .text.stunicast_send
                0x00006b0e        0x6 contiki-sky.a(stunicast.o)
                0x00006b0e                stunicast_send
 .text.stunicast_cancel
                0x00006b14       0x20 contiki-sky.a(stunicast.o)
                0x00006b14                stunicast_cancel
 .text.stunicast_close
                0x00006b34       0x12 contiki-sky.a(stunicast.o)
                0x00006b34                stunicast_close
 .text.sent_by_broadcast
                0x00006b46       0x10 contiki-sky.a(unicast.o)
 .text.recv_from_broadcast
                0x00006b56       0x2e contiki-sky.a(unicast.o)
 .text.unicast_open
                0x00006b84       0x2a contiki-sky.a(unicast.o)
                0x00006b84                unicast_open
 .text.unicast_close
                0x00006bae        0x6 contiki-sky.a(unicast.o)
                0x00006bae                unicast_close
 .text.unicast_send
                0x00006bb4       0x16 contiki-sky.a(unicast.o)
                0x00006bb4                unicast_send
 .text.input_packet
                0x00006bca        0x6 contiki-sky.a(csma.o)
 .text.on       0x00006bd0        0x6 contiki-sky.a(csma.o)
 .text.off      0x00006bd6        0x6 contiki-sky.a(csma.o)
 .text.channel_check_interval
                0x00006bdc       0x10 contiki-sky.a(csma.o)
 .text.transmit_packet_list
                0x00006bec       0x24 contiki-sky.a(csma.o)
 .text.init     0x00006c10       0x1a contiki-sky.a(csma.o)
 .text.send_packet
                0x00006c2a      0x184 contiki-sky.a(csma.o)
 .text.free_packet
                0x00006dae       0x98 contiki-sky.a(csma.o)
 .text.packet_sent
                0x00006e46      0x130 contiki-sky.a(csma.o)
 .text.mac_call_sent_callback
                0x00006f76       0x14 contiki-sky.a(mac.o)
                0x00006f76                mac_call_sent_callback
 .text.linkaddr_copy
                0x00006f8a        0xc contiki-sky.a(linkaddr.o)
                0x00006f8a                linkaddr_copy
 .text.linkaddr_cmp
                0x00006f96       0x12 contiki-sky.a(linkaddr.o)
                0x00006f96                linkaddr_cmp
 .text.linkaddr_set_node_addr
                0x00006fa8        0xc contiki-sky.a(linkaddr.o)
                0x00006fa8                linkaddr_set_node_addr
 .text.packetbuf_compact
                0x00006fb4       0x2e contiki-sky.a(packetbuf.o)
                0x00006fb4                packetbuf_compact
 .text.packetbuf_copyto
                0x00006fe2       0x52 contiki-sky.a(packetbuf.o)
                0x00006fe2                packetbuf_copyto
 .text.packetbuf_hdrreduce
                0x00007034       0x1a contiki-sky.a(packetbuf.o)
                0x00007034                packetbuf_hdrreduce
 .text.packetbuf_set_datalen
                0x0000704e        0x6 contiki-sky.a(packetbuf.o)
                0x0000704e                packetbuf_set_datalen
 .text.packetbuf_dataptr
                0x00007054        0xe contiki-sky.a(packetbuf.o)
                0x00007054                packetbuf_dataptr
 .text.packetbuf_hdrptr
                0x00007062        0xa contiki-sky.a(packetbuf.o)
                0x00007062                packetbuf_hdrptr
 .text.packetbuf_datalen
                0x0000706c        0x6 contiki-sky.a(packetbuf.o)
                0x0000706c                packetbuf_datalen
 .text.packetbuf_hdrlen
                0x00007072       0x10 contiki-sky.a(packetbuf.o)
                0x00007072                packetbuf_hdrlen
 .text.packetbuf_totlen
                0x00007082        0xc contiki-sky.a(packetbuf.o)
                0x00007082                packetbuf_totlen
 .text.packetbuf_hdralloc
                0x0000708e       0x2e contiki-sky.a(packetbuf.o)
                0x0000708e                packetbuf_hdralloc
 .text.packetbuf_attr_clear
                0x000070bc       0x2c contiki-sky.a(packetbuf.o)
                0x000070bc                packetbuf_attr_clear
 .text.packetbuf_clear
                0x000070e8       0x1a contiki-sky.a(packetbuf.o)
                0x000070e8                packetbuf_clear
 .text.packetbuf_copyfrom
                0x00007102       0x2e contiki-sky.a(packetbuf.o)
                0x00007102                packetbuf_copyfrom
 .text.packetbuf_attr_copyto
                0x00007130       0x20 contiki-sky.a(packetbuf.o)
                0x00007130                packetbuf_attr_copyto
 .text.packetbuf_attr_copyfrom
                0x00007150       0x22 contiki-sky.a(packetbuf.o)
                0x00007150                packetbuf_attr_copyfrom
 .text.packetbuf_holds_broadcast
                0x00007172        0xe contiki-sky.a(packetbuf.o)
                0x00007172                packetbuf_holds_broadcast
 .text.queuebuf_init
                0x00007180       0x12 contiki-sky.a(queuebuf.o)
                0x00007180                queuebuf_init
 .text.queuebuf_new_from_packetbuf
                0x00007192       0x52 contiki-sky.a(queuebuf.o)
                0x00007192                queuebuf_new_from_packetbuf
 .text.queuebuf_update_attr_from_packetbuf
                0x000071e4       0x12 contiki-sky.a(queuebuf.o)
                0x000071e4                queuebuf_update_attr_from_packetbuf
 .text.queuebuf_update_from_packetbuf
                0x000071f6       0x22 contiki-sky.a(queuebuf.o)
                0x000071f6                queuebuf_update_from_packetbuf
 .text.queuebuf_free
                0x00007218       0x2a contiki-sky.a(queuebuf.o)
                0x00007218                queuebuf_free
 .text.queuebuf_to_packetbuf
                0x00007242       0x32 contiki-sky.a(queuebuf.o)
                0x00007242                queuebuf_to_packetbuf
 .text.queuebuf_attr
                0x00007274        0xe contiki-sky.a(queuebuf.o)
                0x00007274                queuebuf_attr
 .text.duty_cycle
                0x00007282        0x6 contiki-sky.a(contikimac.o)
 .text.init     0x00007288       0x2a contiki-sky.a(contikimac.o)
 .text.on       0x000072b2       0x1a contiki-sky.a(contikimac.o)
 .text.off      0x000072cc       0x22 contiki-sky.a(contikimac.o)
 .text.recv_burst_off
                0x000072ee        0xa contiki-sky.a(contikimac.o)
 .text.turn_off
                0x000072f8       0x20 contiki-sky.a(contikimac.o)
 .text.turn_on  0x00007318       0x30 contiki-sky.a(contikimac.o)
 .text.schedule_powercycle_fixed.part.4
                0x00007348       0x34 contiki-sky.a(contikimac.o)
 .text.powercycle_turn_radio_off
                0x0000737c       0x30 contiki-sky.a(contikimac.o)
 .text.input_packet
                0x000073ac       0xb6 contiki-sky.a(contikimac.o)
 .text.send_packet.isra.7
                0x00007462      0x20c contiki-sky.a(contikimac.o)
 .text.qsend_list
                0x0000766e       0xc4 contiki-sky.a(contikimac.o)
 .text.qsend_packet
                0x00007732       0x28 contiki-sky.a(contikimac.o)
 .text.powercycle
                0x0000775a      0x1d6 contiki-sky.a(contikimac.o)
 .text.hdr_length
                0x00007930        0x8 contiki-sky.a(contikimac-fram)
 .text.parse    0x00007938       0x3e contiki-sky.a(contikimac-fram)
 .text.create   0x00007976       0x26 contiki-sky.a(contikimac-fram)
 .text.create_and_secure
                0x0000799c       0x6a contiki-sky.a(contikimac-fram)
 .text.bootstrap
                0x00007a06        0x4 contiki-sky.a(nullsec.o)
 .text.send     0x00007a0a        0xa contiki-sky.a(nullsec.o)
 .text.on_frame_created
                0x00007a14        0x4 contiki-sky.a(nullsec.o)
 .text.input    0x00007a18        0x6 contiki-sky.a(nullsec.o)
 .text.get_overhead
                0x00007a1e        0x4 contiki-sky.a(nullsec.o)
 .text.spi_init
                0x00007a22       0x30 contiki-sky.a(spi.o)
                0x00007a22                spi_init
 .text.compower_accumulate
                0x00007a52       0x72 contiki-sky.a(compower.o)
                0x00007a52                compower_accumulate
 .text.compower_clear
                0x00007ac4       0x12 contiki-sky.a(compower.o)
                0x00007ac4                compower_clear
 .text.compower_attrconv
                0x00007ad6       0x10 contiki-sky.a(compower.o)
                0x00007ad6                compower_attrconv
 .text.memb_init
                0x00007ae6       0x36 contiki-sky.a(memb.o)
                0x00007ae6                memb_init
 .text.memb_alloc
                0x00007b1c       0x3e contiki-sky.a(memb.o)
                0x00007b1c                memb_alloc
 .text.memb_free
                0x00007b5a       0x3a contiki-sky.a(memb.o)
                0x00007b5a                memb_free
 .text.memb_inmemb
                0x00007b94       0x2a contiki-sky.a(memb.o)
                0x00007b94                memb_inmemb
 .text.abc_open
                0x00007bbe       0x26 contiki-sky.a(abc.o)
                0x00007bbe                abc_open
 .text.abc_close
                0x00007be4        0x6 contiki-sky.a(abc.o)
                0x00007be4                abc_close
 .text.abc_send
                0x00007bea        0x6 contiki-sky.a(abc.o)
                0x00007bea                abc_send
 .text.abc_input
                0x00007bf0        0xe contiki-sky.a(abc.o)
                0x00007bf0                abc_input
 .text.abc_sent
                0x00007bfe       0x10 contiki-sky.a(abc.o)
                0x00007bfe                abc_sent
 .text.announcement_init
                0x00007c0e        0xa contiki-sky.a(announcement.o)
                0x00007c0e                announcement_init
 .text.announcement_register_observer_callback
                0x00007c18        0x6 contiki-sky.a(announcement.o)
                0x00007c18                announcement_register_observer_callback
 .text.announcement_list
                0x00007c1e        0xa contiki-sky.a(announcement.o)
                0x00007c1e                announcement_list
 .text.announcement_heard
                0x00007c28       0x42 contiki-sky.a(announcement.o)
                0x00007c28                announcement_heard
 .text.adv_packet_sent
                0x00007c6a        0x2 contiki-sky.a(broadcast-annou)
 .text.adv_packet_received
                0x00007c6c       0x64 contiki-sky.a(broadcast-annou)
 .text.set_timers
                0x00007cd0       0x4a contiki-sky.a(broadcast-annou)
 .text.send_timer
                0x00007d1a       0x32 contiki-sky.a(broadcast-annou)
 .text.send_adv
                0x00007d4c       0x66 contiki-sky.a(broadcast-annou)
 .text.new_announcement
                0x00007db2       0x18 contiki-sky.a(broadcast-annou)
 .text.broadcast_announcement_init
                0x00007dca       0x48 contiki-sky.a(broadcast-annou)
                0x00007dca                broadcast_announcement_init
 .text.chameleon_init
                0x00007e12        0x6 contiki-sky.a(chameleon.o)
                0x00007e12                chameleon_init
 .text.chameleon_parse
                0x00007e18       0x10 contiki-sky.a(chameleon.o)
                0x00007e18                chameleon_parse
 .text.chameleon_create
                0x00007e28       0x1c contiki-sky.a(chameleon.o)
                0x00007e28                chameleon_create
 .text.chameleon_hdrsize
                0x00007e44        0x6 contiki-sky.a(chameleon.o)
                0x00007e44                chameleon_hdrsize
 .text.create_frame.isra.0
                0x00007e4a      0x104 contiki-sky.a(framer-802154.o)
 .text.create   0x00007f4e        0x8 contiki-sky.a(framer-802154.o)
 .text.hdr_length
                0x00007f56        0x8 contiki-sky.a(framer-802154.o)
 .text.parse    0x00007f5e       0xa4 contiki-sky.a(framer-802154.o)
 .text.framer_canonical_create_and_secure
                0x00008002       0x20 contiki-sky.a(framer.o)
                0x00008002                framer_canonical_create_and_secure
 .text.mac_sequence_is_duplicate
                0x00008022       0x3c contiki-sky.a(mac-sequence.o)
                0x00008022                mac_sequence_is_duplicate
 .text.mac_sequence_register_seqno
                0x0000805e       0x5c contiki-sky.a(mac-sequence.o)
                0x0000805e                mac_sequence_register_seqno
 .text.header_size
                0x000080ba       0x16 contiki-sky.a(chameleon-bitop)
 .text.get_bits_in_byte
                0x000080d0       0x3a contiki-sky.a(chameleon-bitop)
                0x000080d0                get_bits_in_byte
 .text.get_bits
                0x0000810a       0xa2 contiki-sky.a(chameleon-bitop)
                0x0000810a                get_bits
 .text.unpack_header
                0x000081ac       0xd2 contiki-sky.a(chameleon-bitop)
 .text.set_bits_in_byte
                0x0000827e       0x2c contiki-sky.a(chameleon-bitop)
                0x0000827e                set_bits_in_byte
 .text.set_bits
                0x000082aa       0xc8 contiki-sky.a(chameleon-bitop)
                0x000082aa                set_bits
 .text.pack_header
                0x00008372       0xbe contiki-sky.a(chameleon-bitop)
 .text.field_len
                0x00008430       0x90 contiki-sky.a(frame802154.o)
 .text.frame802154_hdrlen
                0x000084c0       0x2e contiki-sky.a(frame802154.o)
                0x000084c0                frame802154_hdrlen
 .text.frame802154_create
                0x000084ee      0x146 contiki-sky.a(frame802154.o)
                0x000084ee                frame802154_create
 .text.frame802154_parse
                0x00008634      0x1ba contiki-sky.a(frame802154.o)
                0x00008634                frame802154_parse
 .text.libgcc   0x000087ee       0x2c /usr/local/msp430/bin/../lib/gcc/msp430/4.7.0/mmpy-16/libgcc.a(_mulsi3.o)
                0x000087ee                __mulsi3
 .text.libgcc   0x0000881a       0x3a /usr/local/msp430/bin/../lib/gcc/msp430/4.7.0/mmpy-16/libgcc.a(_divmod16.o)
                0x0000881a                __ext_divmod16
                0x0000881a                __divhi3
                0x0000884c                __modhi3
 .text.libgcc   0x00008854       0x40 /usr/local/msp430/bin/../lib/gcc/msp430/4.7.0/mmpy-16/libgcc.a(_udivmod32.o)
                0x00008854                __udivsi3
                0x00008854                __ext_udivmod32
                0x0000888a                __umodsi3
 .text.libgcc   0x00008894       0x22 /usr/local/msp430/bin/../lib/gcc/msp430/4.7.0/mmpy-16/libgcc.a(_udivmod16.o)
                0x00008894                __udivhi3
                0x00008894                __ext_udivmod16
                0x000088ae                __umodhi3
 .text.printf   0x000088b6       0x10 /usr/local/msp430/bin/../lib/gcc/msp430/4.7.0/../../../../msp430/lib/mmpy-16/libc.a(printf.o)
                0x000088b6                printf
 .text.print_field
                0x000088c6      0x194 /usr/local/msp430/bin/../lib/gcc/msp430/4.7.0/../../../../msp430/lib/mmpy-16/libc.a(vuprintf.o)
 .text.vuprintf
                0x00008a5a      0x63c /usr/local/msp430/bin/../lib/gcc/msp430/4.7.0/../../../../msp430/lib/mmpy-16/libc.a(vuprintf.o)
                0x00008a5a                vuprintf
 .text.puts     0x00009096       0x2c /usr/local/msp430/bin/../lib/gcc/msp430/4.7.0/../../../../msp430/lib/mmpy-16/libc.a(puts.o)
                0x00009096                puts
 .text.rand     0x000090c2       0x26 /usr/local/msp430/bin/../lib/gcc/msp430/4.7.0/../../../../msp430/lib/mmpy-16/libc.a(rand.o)
                0x000090c2                rand
 .text.srand    0x000090e8        0xa /usr/local/msp430/bin/../lib/gcc/msp430/4.7.0/../../../../msp430/lib/mmpy-16/libc.a(rand.o)
                0x000090e8                srand
 .text.strcmp   0x000090f2       0x1e /usr/local/msp430/bin/../lib/gcc/msp430/4.7.0/../../../../msp430/lib/mmpy-16/libc.a(strcmp.o)
                0x000090f2                strcmp
 .text.memcmp   0x00009110       0x30 /usr/local/msp430/bin/../lib/gcc/msp430/4.7.0/../../../../msp430/lib/mmpy-16/libc.a(memcmp.o)
                0x00009110                memcmp
 .text.memcpy   0x00009140       0xfa /usr/local/msp430/bin/../lib/gcc/msp430/4.7.0/../../../../msp430/lib/mmpy-16/libc.a(memcpy.o)
                0x00009140                memcpy
 .text.memset   0x0000923a       0x6a /usr/local/msp430/bin/../lib/gcc/msp430/4.7.0/../../../../msp430/lib/mmpy-16/libc.a(memset.o)
                0x0000923a                memset
 .text.libgcc   0x000092a4       0xf0 /usr/local/msp430/bin/../lib/gcc/msp430/4.7.0/mmpy-16/libgcc.a(_udivmod64.o)
                0x000092a4                __xabi_udivmod64
                0x00009302                __udivdi3
                0x00009328                __umoddi3
                0x00009356                __udivmoddi4
 .text.crt0     0x00009394        0x2 /usr/local/msp430/bin/../lib/gcc/msp430/4.7.0/mmpy-16/libcrt0.a(_unexpected_.o)
                0x00009394                _unexpected_
 *(.near.text .near.text.*)

.rodata         0x00009398      0x805
                0x00009398                . = ALIGN (0x2)
 *(.rodata .rodata.* .gnu.linkonce.r.*)
 .rodata        0x00009398      0x5c2 node3.co
                0x00009936                autostart_processes
 *fill*         0x0000995a        0x2 00
 .rodata.process_thread_main_process_node3
                0x0000995c       0x18 node3.co
 .rodata        0x00009974       0xe5 obj_sky/contiki-sky-main.o
 *fill*         0x00009a59        0x1 00
 .rodata        0x00009a5a       0x10 contiki-sky.a(button-sensor.o)
                0x00009a62                button_sensor
 .rodata        0x00009a6a        0x8 contiki-sky.a(sensors.o)
 *fill*         0x00009a72        0x2 00
 .rodata.get_value
                0x00009a74       0x1c contiki-sky.a(cc2420.o)
 .rodata        0x00009a90       0x3e contiki-sky.a(cc2420.o)
                0x00009a90                cc2420_aes_128_driver
                0x00009a94                cc2420_driver
 .rodata        0x00009ace        0xf contiki-sky.a(ctimer.o)
 .rodata        0x00009add        0xc contiki-sky.a(etimer.o)
 .rodata        0x00009ae9        0xe contiki-sky.a(serial-line.o)
 *fill*         0x00009af7        0x1 00
 .rodata        0x00009af8        0x8 contiki-sky.a(broadcast.o)
 .rodata        0x00009b00        0xc contiki-sky.a(rime.o)
                0x00009b06                rime_driver
 .rodata        0x00009b0c        0xe contiki-sky.a(runicast.o)
 .rodata        0x00009b1a        0x4 contiki-sky.a(stunicast.o)
 .rodata        0x00009b1e        0xa contiki-sky.a(unicast.o)
 .rodata        0x00009b28       0x14 contiki-sky.a(csma.o)
                0x00009b2e                csma_driver
 .rodata        0x00009b3c        0x2 contiki-sky.a(linkaddr.o)
                0x00009b3c                linkaddr_null
 .rodata        0x00009b3e       0x1c contiki-sky.a(contikimac.o)
                0x00009b4a                contikimac_driver
 .rodata        0x00009b5a        0x8 contiki-sky.a(contikimac-fram)
                0x00009b5a                contikimac_framer
 .rodata        0x00009b62       0x14 contiki-sky.a(nullsec.o)
                0x00009b6a                nullsec_driver
 .rodata        0x00009b76        0x2 contiki-sky.a(abc.o)
 .rodata        0x00009b78        0x4 contiki-sky.a(broadcast-annou)
 .rodata        0x00009b7c        0x8 contiki-sky.a(framer-802154.o)
                0x00009b7c                framer_802154
 .rodata        0x00009b84       0x10 contiki-sky.a(chameleon-bitop)
                0x00009b84                chameleon_bitopt
 .rodata        0x00009b94        0x2 contiki-sky.a(frame802154.o)
 .rodata.vuprintf
                0x00009b96        0x7 /usr/local/msp430/bin/../lib/gcc/msp430/4.7.0/../../../../msp430/lib/mmpy-16/libc.a(vuprintf.o)
 *(.near.rodata .near.rodata.*)
                0x00009b9e                . = ALIGN (0x2)
                0x00009b9e                _etext = .

.data           0x00001100       0x6e load address 0x00009b9e
                0x00001100                . = ALIGN (0x2)
                0x00001100                __data_start = .
 *(.data .data.* .gnu.linkonce.d.*)
 .data          0x00001100        0xa node3.co
                0x00001100                main_process_node3
 .data          0x0000110a        0x4 contiki-sky.a(contiki-sky-pla)
                0x0000110a                sensors
 .data          0x0000110e        0xa contiki-sky.a(sensors.o)
                0x0000110e                sensors_process
 .data          0x00001118        0xa contiki-sky.a(cc2420.o)
                0x00001118                cc2420_process
 .data          0x00001122        0x2 contiki-sky.a(msp430.o)
 .data          0x00001124        0xa contiki-sky.a(ctimer.o)
                0x00001124                ctimer_process
 .data          0x0000112e        0xa contiki-sky.a(etimer.o)
                0x0000112e                etimer_process
 .data          0x00001138        0xa contiki-sky.a(serial-line.o)
                0x00001138                serial_line_process
 .data          0x00001142       0x18 contiki-sky.a(csma.o)
 .data          0x0000115a       0x10 contiki-sky.a(queuebuf.o)
 .data.next     0x0000116a        0x4 /usr/local/msp430/bin/../lib/gcc/msp430/4.7.0/../../../../msp430/lib/mmpy-16/libc.a(rand.o)
 *(.near.data .near.data.*)
                0x0000116e                . = ALIGN (0x2)
                0x0000116e                _edata = .
                0x00009b9e                __data_load_start = LOADADDR (.data)
                0x0000006e                __data_size = SIZEOF (.data)

.bss            0x0000116e     0x11fa load address 0x00009c0c
                0x0000116e                __bss_start = .
 *(.bss .bss.*)
 .bss           0x0000116e       0x4e node3.co
 .bss           0x000011bc        0xc obj_sky/contiki-sky-main.o
 .bss           0x000011c8        0x8 contiki-sky.a(button-sensor.o)
 .bss           0x000011d0        0x2 contiki-sky.a(node-id.o)
                0x000011d0                node_id
 .bss           0x000011d2        0x6 contiki-sky.a(sensors.o)
 .bss           0x000011d8        0x8 contiki-sky.a(cc2420.o)
 .bss           0x000011e0       0x9a contiki-sky.a(uart1.o)
 .bss           0x0000127a        0xa contiki-sky.a(clock.o)
 .bss           0x00001284        0x1 contiki-sky.a(leds.o)
 *fill*         0x00001285        0x1 00
 .bss           0x00001286        0x2 contiki-sky.a(watchdog.o)
 .bss           0x00001288        0x4 contiki-sky.a(ctimer.o)
 .bss           0x0000128c        0x6 contiki-sky.a(etimer.o)
 .bss           0x00001292       0x42 contiki-sky.a(process.o)
                0x00001292                process_current
                0x00001294                process_list
 .bss           0x000012d4        0x2 contiki-sky.a(rtimer.o)
 .bss           0x000012d6      0x10a contiki-sky.a(serial-line.o)
 .bss           0x000013e0        0x2 contiki-sky.a(channel.o)
 .bss           0x000013e2        0x2 contiki-sky.a(rime.o)
 .bss           0x000013e4      0x128 contiki-sky.a(csma.o)
 .bss           0x0000150c       0xb8 contiki-sky.a(packetbuf.o)
 .bss           0x000015c4      0xc20 contiki-sky.a(queuebuf.o)
 .bss           0x000021e4       0x32 contiki-sky.a(contikimac.o)
 .bss           0x00002216        0x8 contiki-sky.a(compower.o)
 .bss           0x0000221e        0x6 contiki-sky.a(announcement.o)
 .bss           0x00002224       0x46 contiki-sky.a(broadcast-annou)
 .bss           0x0000226a        0x2 contiki-sky.a(framer-802154.o)
 .bss           0x0000226c       0x40 contiki-sky.a(mac-sequence.o)
 *(.near.bss .near.bss.*)
 *(COMMON)
 COMMON         0x000022ac        0x2 contiki-sky.a(contiki-sky-pla)
                0x000022ac                sensors_flags
 COMMON         0x000022ae        0x8 contiki-sky.a(ds2411.o)
                0x000022ae                ds2411_id
 COMMON         0x000022b6        0x1 contiki-sky.a(sensors.o)
                0x000022b6                sensors_event
 *fill*         0x000022b7        0x1 00
 COMMON         0x000022b8       0x10 contiki-sky.a(cc2420.o)
                0x000022b8                cc2420_last_rssi
                0x000022ba                cc2420_sfd_start_time
                0x000022bc                cc2420_time_of_departure
                0x000022be                cc2420_time_of_arrival
                0x000022c0                cc2420_last_correlation
                0x000022c2                cc2420_authority_level_of_sender
                0x000022c4                cc2420_sfd_counter
                0x000022c6                cc2420_sfd_end_time
 COMMON         0x000022c8        0x2 contiki-sky.a(msp430.o)
                0x000022c8                msp430_dco_required
 COMMON         0x000022ca       0x56 contiki-sky.a(energest.o)
                0x000022ca                energest_total_time
                0x000022fa                energest_total_count
                0x000022fc                energest_current_mode
                0x00002308                energest_current_time
 COMMON         0x00002320        0x1 contiki-sky.a(process.o)
                0x00002320                process_maxevents
 COMMON         0x00002321        0x1 contiki-sky.a(serial-line.o)
                0x00002321                serial_line_event_message
 COMMON         0x00002322        0x2 contiki-sky.a(linkaddr.o)
                0x00002322                linkaddr_node_addr
 COMMON         0x00002324       0x3c contiki-sky.a(packetbuf.o)
                0x00002324                packetbuf_addrs
                0x0000232c                packetbuf_attrs
 COMMON         0x00002360        0x8 contiki-sky.a(compower.o)
                0x00002360                compower_idle_activity
                0x00002368                . = ALIGN (0x2)
                0x00002368                __bss_end = .
                0x000011fa                __bss_size = SIZEOF (.bss)

.noinit         0x00002368        0x2 load address 0x00009c0c
                0x00002368                . = ALIGN (0x2)
                0x00002368                __noinit_start = .
 *(.noinit .noinit.*)
 .noinit.crt0   0x00002368        0x2 /usr/local/msp430/bin/../lib/gcc/msp430/4.7.0/mmpy-16/libcrt0.a(__watchdog_support.o)
                0x00002368                __wdt_clear_value
                0x0000236a                . = ALIGN (0x2)
                0x0000236a                __noinit_end = .
                0x0000236a                . = ALIGN (0x2)
                0x0000236a                _end = .

.infomem        0x00001000        0x0
                0x00001000                . = ALIGN (0x2)
 *(.infomem .infomem.*)

.infomemnobits  0x00001000        0x0
                0x00001000                . = ALIGN (0x2)
 *(.infomemnobits .infomemnobits.*)

.infoa          0x00001080        0x0
                0x00001080                . = ALIGN (0x2)
 *(.infoa .infoa.*)

.infob          0x00001000        0x0
                0x00001000                . = ALIGN (0x2)
 *(.infob .infob.*)

.infoc          0x00000000        0x0
                0x00000000                . = ALIGN (0x2)
 *(.infoc .infoc.*)

.infod          0x00000000        0x0
                0x00000000                . = ALIGN (0x2)
 *(.infod .infod.*)

.vectors        0x0000ffe0       0x20
                0x0000ffe0                __vectors_start = .
 *(.vectors*)
 .vectors       0x0000ffe0       0x20 /usr/local/msp430/bin/../lib/gcc/msp430/4.7.0/mmpy-16/crt0ivtbl16.o
                0x0000ffe0                __ivtbl_16
                0x00010000                _vectors_end = .

.fartext        0x00000000        0x0
                0x00000000                . = ALIGN (0x2)
 *(.fartext .fartext.*)

.far.text       0x00000000        0x0
                0x00000000                . = ALIGN (0x2)
 *(.far.text .far.text.*)

.far.rodata     0x00000000        0x0
                0x00000000                . = ALIGN (0x2)
 *(.far.rodata .far.rodata.*)
                0x00000000                . = ALIGN (0x2)
                0x00000000                _efartext = .

.far.data       0x00000000        0x0
                0x00000000                . = ALIGN (0x2)
                0x00000000                __far_data_start = .
 *(.far.data .far.data.*)
                0x00000000                . = ALIGN (0x2)
                0x00000000                _efardata = .
                0x00000000                __far_data_load_start = LOADADDR (.far.data)
                0x00000000                __far_data_size = SIZEOF (.far.data)

.far.bss        0x00000000        0x0
                0x00000000                . = ALIGN (0x2)
                0x00000000                __far_bss_start = .
 *(.far.bss .far.bss.*)
                0x00000000                . = ALIGN (0x2)
                0x00000000                __far_bss_end = .
                0x00000000                __far_bss_size = SIZEOF (.far.bss)
                0x00000000                . = ALIGN (0x2)
                0x00000000                _far_end = .

.profiler
 *(.profiler)

.stab           0x00000000    0x1af70
 *(.stab)
 .stab          0x00000000     0x195c node3.co
 .stab          0x0000195c     0x1074 obj_sky/contiki-sky-main.o
                               0x17ac (size before relaxing)
 .stab          0x000029d0      0x24c contiki-sky.a(contiki-sky-pla)
                                0x5ac (size before relaxing)
 .stab          0x00002c1c      0x468 contiki-sky.a(button-sensor.o)
                                0x7d4 (size before relaxing)
 .stab          0x00003084      0x618 contiki-sky.a(ds2411.o)
                                0xb34 (size before relaxing)
 .stab          0x0000369c      0x9d8 contiki-sky.a(xmem.o)
                                0xf00 (size before relaxing)
 .stab          0x00004074      0x2b8 contiki-sky.a(node-id.o)
                                0x4e0 (size before relaxing)
 .stab          0x0000432c      0x69c contiki-sky.a(sensors.o)
                                0xbb8 (size before relaxing)
 .stab          0x000049c8     0x22c8 contiki-sky.a(cc2420.o)
                               0x2c40 (size before relaxing)
 .stab          0x00006c90      0x9cc contiki-sky.a(cc2420-arch.o)
                               0x13f8 (size before relaxing)
 .stab          0x0000765c      0x600 contiki-sky.a(uart1.o)
                                0x954 (size before relaxing)
 .stab          0x00007c5c      0x27c contiki-sky.a(uart1-putchar.o)
                                0x7bc (size before relaxing)
 .stab          0x00007ed8      0x72c contiki-sky.a(msp430.o)
                                0xa80 (size before relaxing)
 .stab          0x00008604      0x930 contiki-sky.a(clock.o)
                                0xc84 (size before relaxing)
 .stab          0x00008f34      0x5a0 contiki-sky.a(leds.o)
                                0x7ec (size before relaxing)
 .stab          0x000094d4      0x378 contiki-sky.a(leds-arch.o)
                                0x6cc (size before relaxing)
 .stab          0x0000984c      0x3cc contiki-sky.a(watchdog.o)
                                0x720 (size before relaxing)
 .stab          0x00009c18      0x3b4 contiki-sky.a(rtimer-arch.o)
                                0x708 (size before relaxing)
 .stab          0x00009fcc      0x294 contiki-sky.a(autostart.o)
                                0x534 (size before relaxing)
 .stab          0x0000a260      0x78c contiki-sky.a(ctimer.o)
                                0xaf8 (size before relaxing)
 .stab          0x0000a9ec      0x474 contiki-sky.a(energest.o)
                                0x6fc (size before relaxing)
 .stab          0x0000ae60      0x9fc contiki-sky.a(etimer.o)
                                0xccc (size before relaxing)
 .stab          0x0000b85c      0xb70 contiki-sky.a(process.o)
                               0x1008 (size before relaxing)
 .stab          0x0000c3cc      0x3cc contiki-sky.a(rtimer.o)
                                0x6b4 (size before relaxing)
 .stab          0x0000c798      0x348 contiki-sky.a(timer.o)
                                0x588 (size before relaxing)
 .stab          0x0000cae0      0x51c contiki-sky.a(serial-line.o)
                                0xa38 (size before relaxing)
 .stab          0x0000cffc      0x7bc contiki-sky.a(list.o)
                                0x7c8 (size before relaxing)
 .stab          0x0000d7b8      0x240 contiki-sky.a(random.o)
                                0x618 (size before relaxing)
 .stab          0x0000d9f8      0x3f0 contiki-sky.a(ringbuf.o)
                                0x630 (size before relaxing)
 .stab          0x0000dde8      0x6cc contiki-sky.a(broadcast.o)
                               0x1500 (size before relaxing)
 .stab          0x0000e4b4      0x654 contiki-sky.a(channel.o)
                               0x1278 (size before relaxing)
 .stab          0x0000eb08      0xcb4 contiki-sky.a(rime.o)
                               0x13f8 (size before relaxing)
 .stab          0x0000f7bc      0x8e8 contiki-sky.a(runicast.o)
                               0x156c (size before relaxing)
 .stab          0x000100a4      0x87c contiki-sky.a(stunicast.o)
                               0x1500 (size before relaxing)
 .stab          0x00010920      0x618 contiki-sky.a(unicast.o)
                               0x1290 (size before relaxing)
 .stab          0x00010f38      0xdec contiki-sky.a(csma.o)
                               0x159c (size before relaxing)
 .stab          0x00011d24      0x1f8 contiki-sky.a(mac.o)
                                0x4ec (size before relaxing)
 .stab          0x00011f1c      0x2ac contiki-sky.a(linkaddr.o)
                                0x6a8 (size before relaxing)
 .stab          0x000121c8      0xd74 contiki-sky.a(packetbuf.o)
                               0x1bc0 (size before relaxing)
 .stab          0x00012f3c      0xa38 contiki-sky.a(queuebuf.o)
                               0x186c (size before relaxing)
 .stab          0x00013974     0x17ac contiki-sky.a(contikimac.o)
                               0x23b8 (size before relaxing)
 .stab          0x00015120      0x6d8 contiki-sky.a(contikimac-fram)
                                0xf18 (size before relaxing)
 .stab          0x000157f8      0x684 contiki-sky.a(nullsec.o)
                                0xd80 (size before relaxing)
 .stab          0x00015e7c      0x1f8 contiki-sky.a(spi.o)
                                0x420 (size before relaxing)
 .stab          0x00016074      0x4ec contiki-sky.a(compower.o)
                                0xcf0 (size before relaxing)
 .stab          0x00016560      0x5c4 contiki-sky.a(memb.o)
                                0xaf8 (size before relaxing)
 .stab          0x00016b24      0x660 contiki-sky.a(abc.o)
                               0x1494 (size before relaxing)
 .stab          0x00017184      0x6b4 contiki-sky.a(announcement.o)
                                0x954 (size before relaxing)
 .stab          0x00017838      0x948 contiki-sky.a(broadcast-annou)
                               0x15c0 (size before relaxing)
 .stab          0x00018180      0x588 contiki-sky.a(chameleon.o)
                               0x1230 (size before relaxing)
 .stab          0x00018708      0x918 contiki-sky.a(framer-802154.o)
                                0xf54 (size before relaxing)
 .stab          0x00019020      0x318 contiki-sky.a(framer.o)
                                0xc54 (size before relaxing)
 .stab          0x00019338      0x600 contiki-sky.a(mac-sequence.o)
                               0x144c (size before relaxing)
 .stab          0x00019938      0xd44 contiki-sky.a(chameleon-bitop)
                               0x19bc (size before relaxing)
 .stab          0x0001a67c      0x8f4 contiki-sky.a(frame802154.o)
                               0x10c8 (size before relaxing)

.stabstr        0x00000000    0x16573
 *(.stabstr)
 .stabstr       0x00000000    0x16573 node3.co

.stab.excl
 *(.stab.excl)

.stab.exclstr
 *(.stab.exclstr)

.stab.index
 *(.stab.index)

.stab.indexstr
 *(.stab.indexstr)

.comment        0x00000000       0x30
 *(.comment)
 .comment       0x00000000       0x30 node3.co
                                 0x31 (size before relaxing)
 .comment       0x00000000       0x31 obj_sky/contiki-sky-main.o
 .comment       0x00000000       0x31 contiki-sky.a(contiki-sky-pla)
 .comment       0x00000000       0x31 contiki-sky.a(button-sensor.o)
 .comment       0x00000000       0x31 contiki-sky.a(ds2411.o)
 .comment       0x00000000       0x31 contiki-sky.a(xmem.o)
 .comment       0x00000000       0x31 contiki-sky.a(node-id.o)
 .comment       0x00000000       0x31 contiki-sky.a(sensors.o)
 .comment       0x00000000       0x31 contiki-sky.a(cc2420.o)
 .comment       0x00000000       0x31 contiki-sky.a(cc2420-arch.o)
 .comment       0x00000000       0x31 contiki-sky.a(uart1.o)
 .comment       0x00000000       0x31 contiki-sky.a(uart1-putchar.o)
 .comment       0x00000000       0x31 contiki-sky.a(msp430.o)
 .comment       0x00000000       0x31 contiki-sky.a(clock.o)
 .comment       0x00000000       0x31 contiki-sky.a(leds.o)
 .comment       0x00000000       0x31 contiki-sky.a(leds-arch.o)
 .comment       0x00000000       0x31 contiki-sky.a(watchdog.o)
 .comment       0x00000000       0x31 contiki-sky.a(rtimer-arch.o)
 .comment       0x00000000       0x31 contiki-sky.a(autostart.o)
 .comment       0x00000000       0x31 contiki-sky.a(ctimer.o)
 .comment       0x00000000       0x31 contiki-sky.a(energest.o)
 .comment       0x00000000       0x31 contiki-sky.a(etimer.o)
 .comment       0x00000000       0x31 contiki-sky.a(process.o)
 .comment       0x00000000       0x31 contiki-sky.a(rtimer.o)
 .comment       0x00000000       0x31 contiki-sky.a(timer.o)
 .comment       0x00000000       0x31 contiki-sky.a(serial-line.o)
 .comment       0x00000000       0x31 contiki-sky.a(list.o)
 .comment       0x00000000       0x31 contiki-sky.a(random.o)
 .comment       0x00000000       0x31 contiki-sky.a(ringbuf.o)
 .comment       0x00000000       0x31 contiki-sky.a(broadcast.o)
 .comment       0x00000000       0x31 contiki-sky.a(channel.o)
 .comment       0x00000000       0x31 contiki-sky.a(rime.o)
 .comment       0x00000000       0x31 contiki-sky.a(runicast.o)
 .comment       0x00000000       0x31 contiki-sky.a(stunicast.o)
 .comment       0x00000000       0x31 contiki-sky.a(unicast.o)
 .comment       0x00000000       0x31 contiki-sky.a(csma.o)
 .comment       0x00000000       0x31 contiki-sky.a(mac.o)
 .comment       0x00000000       0x31 contiki-sky.a(linkaddr.o)
 .comment       0x00000000       0x31 contiki-sky.a(packetbuf.o)
 .comment       0x00000000       0x31 contiki-sky.a(queuebuf.o)
 .comment       0x00000000       0x31 contiki-sky.a(contikimac.o)
 .comment       0x00000000       0x31 contiki-sky.a(contikimac-fram)
 .comment       0x00000000       0x31 contiki-sky.a(nullsec.o)
 .comment       0x00000000       0x31 contiki-sky.a(spi.o)
 .comment       0x00000000       0x31 contiki-sky.a(compower.o)
 .comment       0x00000000       0x31 contiki-sky.a(memb.o)
 .comment       0x00000000       0x31 contiki-sky.a(abc.o)
 .comment       0x00000000       0x31 contiki-sky.a(announcement.o)
 .comment       0x00000000       0x31 contiki-sky.a(broadcast-annou)
 .comment       0x00000000       0x31 contiki-sky.a(chameleon.o)
 .comment       0x00000000       0x31 contiki-sky.a(framer-802154.o)
 .comment       0x00000000       0x31 contiki-sky.a(framer.o)
 .comment       0x00000000       0x31 contiki-sky.a(mac-sequence.o)
 .comment       0x00000000       0x31 contiki-sky.a(chameleon-bitop)
 .comment       0x00000000       0x31 contiki-sky.a(frame802154.o)
 .comment       0x00000000       0x31 /usr/local/msp430/bin/../lib/gcc/msp430/4.7.0/../../../../msp430/lib/mmpy-16/libc.a(printf.o)
 .comment       0x00000000       0x31 /usr/local/msp430/bin/../lib/gcc/msp430/4.7.0/../../../../msp430/lib/mmpy-16/libc.a(vuprintf.o)
 .comment       0x00000000       0x31 /usr/local/msp430/bin/../lib/gcc/msp430/4.7.0/../../../../msp430/lib/mmpy-16/libc.a(puts.o)
 .comment       0x00000000       0x31 /usr/local/msp430/bin/../lib/gcc/msp430/4.7.0/../../../../msp430/lib/mmpy-16/libc.a(rand.o)
 .comment       0x00000000       0x31 /usr/local/msp430/bin/../lib/gcc/msp430/4.7.0/../../../../msp430/lib/mmpy-16/libc.a(strcmp.o)
 .comment       0x00000000       0x31 /usr/local/msp430/bin/../lib/gcc/msp430/4.7.0/../../../../msp430/lib/mmpy-16/libc.a(memcmp.o)
 .comment       0x00000000       0x31 /usr/local/msp430/bin/../lib/gcc/msp430/4.7.0/../../../../msp430/lib/mmpy-16/libc.a(memcpy.o)
 .comment       0x00000000       0x31 /usr/local/msp430/bin/../lib/gcc/msp430/4.7.0/../../../../msp430/lib/mmpy-16/libc.a(memset.o)

.debug
 *(.debug)

.line
 *(.line)

.debug_srcinfo
 *(.debug_srcinfo)

.debug_sfnames
 *(.debug_sfnames)

.debug_aranges  0x00000000      0x1a0
 *(.debug_aranges)
 .debug_aranges
                0x00000000       0x14 /usr/local/msp430/bin/../lib/gcc/msp430/4.7.0/mmpy-16/crt0ivtbl16.o
 .debug_aranges
                0x00000014       0x14 /usr/local/msp430/bin/../lib/gcc/msp430/4.7.0/mmpy-16/libgcc.a(_mulsi3.o)
 .debug_aranges
                0x00000028       0x14 /usr/local/msp430/bin/../lib/gcc/msp430/4.7.0/mmpy-16/libgcc.a(_divmod16.o)
 .debug_aranges
                0x0000003c       0x14 /usr/local/msp430/bin/../lib/gcc/msp430/4.7.0/mmpy-16/libgcc.a(_udivmod32.o)
 .debug_aranges
                0x00000050       0x14 /usr/local/msp430/bin/../lib/gcc/msp430/4.7.0/mmpy-16/libgcc.a(_udivmod16.o)
 .debug_aranges
                0x00000064       0x18 /usr/local/msp430/bin/../lib/gcc/msp430/4.7.0/../../../../msp430/lib/mmpy-16/libc.a(printf.o)
 .debug_aranges
                0x0000007c       0x18 /usr/local/msp430/bin/../lib/gcc/msp430/4.7.0/../../../../msp430/lib/mmpy-16/libc.a(vuprintf.o)
 .debug_aranges
                0x00000094       0x14 /usr/local/msp430/bin/../lib/gcc/msp430/4.7.0/../../../../msp430/lib/mmpy-16/libc.a(puts.o)
 .debug_aranges
                0x000000a8       0x1c /usr/local/msp430/bin/../lib/gcc/msp430/4.7.0/../../../../msp430/lib/mmpy-16/libc.a(rand.o)
 .debug_aranges
                0x000000c4       0x14 /usr/local/msp430/bin/../lib/gcc/msp430/4.7.0/../../../../msp430/lib/mmpy-16/libc.a(strcmp.o)
 .debug_aranges
                0x000000d8       0x14 /usr/local/msp430/bin/../lib/gcc/msp430/4.7.0/../../../../msp430/lib/mmpy-16/libc.a(memcmp.o)
 .debug_aranges
                0x000000ec       0x14 /usr/local/msp430/bin/../lib/gcc/msp430/4.7.0/../../../../msp430/lib/mmpy-16/libc.a(memcpy.o)
 .debug_aranges
                0x00000100       0x14 /usr/local/msp430/bin/../lib/gcc/msp430/4.7.0/../../../../msp430/lib/mmpy-16/libc.a(memset.o)
 .debug_aranges
                0x00000114       0x14 /usr/local/msp430/bin/../lib/gcc/msp430/4.7.0/mmpy-16/libgcc.a(_udivmod64.o)
 .debug_aranges
                0x00000128       0x14 /usr/local/msp430/bin/../lib/gcc/msp430/4.7.0/mmpy-16/libcrt0.a(__watchdog_support.o)
 .debug_aranges
                0x0000013c       0x14 /usr/local/msp430/bin/../lib/gcc/msp430/4.7.0/mmpy-16/libcrt0.a(__init_stack.o)
 .debug_aranges
                0x00000150       0x14 /usr/local/msp430/bin/../lib/gcc/msp430/4.7.0/mmpy-16/libcrt0.a(_copy_data.o)
 .debug_aranges
                0x00000164       0x14 /usr/local/msp430/bin/../lib/gcc/msp430/4.7.0/mmpy-16/libcrt0.a(_clear_bss.o)
 .debug_aranges
                0x00000178       0x14 /usr/local/msp430/bin/../lib/gcc/msp430/4.7.0/mmpy-16/libcrt0.a(_endless_loop__.o)
 .debug_aranges
                0x0000018c       0x14 /usr/local/msp430/bin/../lib/gcc/msp430/4.7.0/mmpy-16/libcrt0.a(_unexpected_.o)

.debug_pubnames
 *(.debug_pubnames)

.debug_info     0x00000000     0x1437
 *(.debug_info)
 .debug_info    0x00000000       0x9b /usr/local/msp430/bin/../lib/gcc/msp430/4.7.0/mmpy-16/crt0ivtbl16.o
 .debug_info    0x0000009b       0x98 /usr/local/msp430/bin/../lib/gcc/msp430/4.7.0/mmpy-16/libgcc.a(_mulsi3.o)
 .debug_info    0x00000133       0x98 /usr/local/msp430/bin/../lib/gcc/msp430/4.7.0/mmpy-16/libgcc.a(_divmod16.o)
 .debug_info    0x000001cb       0x98 /usr/local/msp430/bin/../lib/gcc/msp430/4.7.0/mmpy-16/libgcc.a(_udivmod32.o)
 .debug_info    0x00000263       0x98 /usr/local/msp430/bin/../lib/gcc/msp430/4.7.0/mmpy-16/libgcc.a(_udivmod16.o)
 .debug_info    0x000002fb      0x16e /usr/local/msp430/bin/../lib/gcc/msp430/4.7.0/../../../../msp430/lib/mmpy-16/libc.a(printf.o)
 .debug_info    0x00000469      0x5d4 /usr/local/msp430/bin/../lib/gcc/msp430/4.7.0/../../../../msp430/lib/mmpy-16/libc.a(vuprintf.o)
 .debug_info    0x00000a3d       0xc7 /usr/local/msp430/bin/../lib/gcc/msp430/4.7.0/../../../../msp430/lib/mmpy-16/libc.a(puts.o)
 .debug_info    0x00000b04      0x146 /usr/local/msp430/bin/../lib/gcc/msp430/4.7.0/../../../../msp430/lib/mmpy-16/libc.a(rand.o)
 .debug_info    0x00000c4a       0xa9 /usr/local/msp430/bin/../lib/gcc/msp430/4.7.0/../../../../msp430/lib/mmpy-16/libc.a(strcmp.o)
 .debug_info    0x00000cf3       0xe5 /usr/local/msp430/bin/../lib/gcc/msp430/4.7.0/../../../../msp430/lib/mmpy-16/libc.a(memcmp.o)
 .debug_info    0x00000dd8      0x12c /usr/local/msp430/bin/../lib/gcc/msp430/4.7.0/../../../../msp430/lib/mmpy-16/libc.a(memcpy.o)
 .debug_info    0x00000f04      0x117 /usr/local/msp430/bin/../lib/gcc/msp430/4.7.0/../../../../msp430/lib/mmpy-16/libc.a(memset.o)
 .debug_info    0x0000101b       0x98 /usr/local/msp430/bin/../lib/gcc/msp430/4.7.0/mmpy-16/libgcc.a(_udivmod64.o)
 .debug_info    0x000010b3       0x96 /usr/local/msp430/bin/../lib/gcc/msp430/4.7.0/mmpy-16/libcrt0.a(__watchdog_support.o)
 .debug_info    0x00001149       0x96 /usr/local/msp430/bin/../lib/gcc/msp430/4.7.0/mmpy-16/libcrt0.a(__init_stack.o)
 .debug_info    0x000011df       0x96 /usr/local/msp430/bin/../lib/gcc/msp430/4.7.0/mmpy-16/libcrt0.a(_copy_data.o)
 .debug_info    0x00001275       0x96 /usr/local/msp430/bin/../lib/gcc/msp430/4.7.0/mmpy-16/libcrt0.a(_clear_bss.o)
 .debug_info    0x0000130b       0x96 /usr/local/msp430/bin/../lib/gcc/msp430/4.7.0/mmpy-16/libcrt0.a(_endless_loop__.o)
 .debug_info    0x000013a1       0x96 /usr/local/msp430/bin/../lib/gcc/msp430/4.7.0/mmpy-16/libcrt0.a(_unexpected_.o)
 *(.gnu.linkonce.wi.*)

.debug_abbrev   0x00000000      0x815
 *(.debug_abbrev)
 .debug_abbrev  0x00000000       0x14 /usr/local/msp430/bin/../lib/gcc/msp430/4.7.0/mmpy-16/crt0ivtbl16.o
 .debug_abbrev  0x00000014       0x14 /usr/local/msp430/bin/../lib/gcc/msp430/4.7.0/mmpy-16/libgcc.a(_mulsi3.o)
 .debug_abbrev  0x00000028       0x14 /usr/local/msp430/bin/../lib/gcc/msp430/4.7.0/mmpy-16/libgcc.a(_divmod16.o)
 .debug_abbrev  0x0000003c       0x14 /usr/local/msp430/bin/../lib/gcc/msp430/4.7.0/mmpy-16/libgcc.a(_udivmod32.o)
 .debug_abbrev  0x00000050       0x14 /usr/local/msp430/bin/../lib/gcc/msp430/4.7.0/mmpy-16/libgcc.a(_udivmod16.o)
 .debug_abbrev  0x00000064       0xfa /usr/local/msp430/bin/../lib/gcc/msp430/4.7.0/../../../../msp430/lib/mmpy-16/libc.a(printf.o)
 .debug_abbrev  0x0000015e      0x23e /usr/local/msp430/bin/../lib/gcc/msp430/4.7.0/../../../../msp430/lib/mmpy-16/libc.a(vuprintf.o)
 .debug_abbrev  0x0000039c       0xa3 /usr/local/msp430/bin/../lib/gcc/msp430/4.7.0/../../../../msp430/lib/mmpy-16/libc.a(puts.o)
 .debug_abbrev  0x0000043f       0xfb /usr/local/msp430/bin/../lib/gcc/msp430/4.7.0/../../../../msp430/lib/mmpy-16/libc.a(rand.o)
 .debug_abbrev  0x0000053a       0x65 /usr/local/msp430/bin/../lib/gcc/msp430/4.7.0/../../../../msp430/lib/mmpy-16/libc.a(strcmp.o)
 .debug_abbrev  0x0000059f       0x9e /usr/local/msp430/bin/../lib/gcc/msp430/4.7.0/../../../../msp430/lib/mmpy-16/libc.a(memcmp.o)
 .debug_abbrev  0x0000063d       0xab /usr/local/msp430/bin/../lib/gcc/msp430/4.7.0/../../../../msp430/lib/mmpy-16/libc.a(memcpy.o)
 .debug_abbrev  0x000006e8       0xa1 /usr/local/msp430/bin/../lib/gcc/msp430/4.7.0/../../../../msp430/lib/mmpy-16/libc.a(memset.o)
 .debug_abbrev  0x00000789       0x14 /usr/local/msp430/bin/../lib/gcc/msp430/4.7.0/mmpy-16/libgcc.a(_udivmod64.o)
 .debug_abbrev  0x0000079d       0x14 /usr/local/msp430/bin/../lib/gcc/msp430/4.7.0/mmpy-16/libcrt0.a(__watchdog_support.o)
 .debug_abbrev  0x000007b1       0x14 /usr/local/msp430/bin/../lib/gcc/msp430/4.7.0/mmpy-16/libcrt0.a(__init_stack.o)
 .debug_abbrev  0x000007c5       0x14 /usr/local/msp430/bin/../lib/gcc/msp430/4.7.0/mmpy-16/libcrt0.a(_copy_data.o)
 .debug_abbrev  0x000007d9       0x14 /usr/local/msp430/bin/../lib/gcc/msp430/4.7.0/mmpy-16/libcrt0.a(_clear_bss.o)
 .debug_abbrev  0x000007ed       0x14 /usr/local/msp430/bin/../lib/gcc/msp430/4.7.0/mmpy-16/libcrt0.a(_endless_loop__.o)
 .debug_abbrev  0x00000801       0x14 /usr/local/msp430/bin/../lib/gcc/msp430/4.7.0/mmpy-16/libcrt0.a(_unexpected_.o)

.debug_line     0x00000000      0xcbf
 *(.debug_line)
 .debug_line    0x00000000       0x64 /usr/local/msp430/bin/../lib/gcc/msp430/4.7.0/mmpy-16/crt0ivtbl16.o
 .debug_line    0x00000064       0x77 /usr/local/msp430/bin/../lib/gcc/msp430/4.7.0/mmpy-16/libgcc.a(_mulsi3.o)
 .debug_line    0x000000db       0x7b /usr/local/msp430/bin/../lib/gcc/msp430/4.7.0/mmpy-16/libgcc.a(_divmod16.o)
 .debug_line    0x00000156       0x7f /usr/local/msp430/bin/../lib/gcc/msp430/4.7.0/mmpy-16/libgcc.a(_udivmod32.o)
 .debug_line    0x000001d5       0x70 /usr/local/msp430/bin/../lib/gcc/msp430/4.7.0/mmpy-16/libgcc.a(_udivmod16.o)
 .debug_line    0x00000245       0xa9 /usr/local/msp430/bin/../lib/gcc/msp430/4.7.0/../../../../msp430/lib/mmpy-16/libc.a(printf.o)
 .debug_line    0x000002ee      0x30a /usr/local/msp430/bin/../lib/gcc/msp430/4.7.0/../../../../msp430/lib/mmpy-16/libc.a(vuprintf.o)
 .debug_line    0x000005f8       0x65 /usr/local/msp430/bin/../lib/gcc/msp430/4.7.0/../../../../msp430/lib/mmpy-16/libc.a(puts.o)
 .debug_line    0x0000065d       0x68 /usr/local/msp430/bin/../lib/gcc/msp430/4.7.0/../../../../msp430/lib/mmpy-16/libc.a(rand.o)
 .debug_line    0x000006c5       0x49 /usr/local/msp430/bin/../lib/gcc/msp430/4.7.0/../../../../msp430/lib/mmpy-16/libc.a(strcmp.o)
 .debug_line    0x0000070e       0x8f /usr/local/msp430/bin/../lib/gcc/msp430/4.7.0/../../../../msp430/lib/mmpy-16/libc.a(memcmp.o)
 .debug_line    0x0000079d      0x118 /usr/local/msp430/bin/../lib/gcc/msp430/4.7.0/../../../../msp430/lib/mmpy-16/libc.a(memcpy.o)
 .debug_line    0x000008b5       0xf2 /usr/local/msp430/bin/../lib/gcc/msp430/4.7.0/../../../../msp430/lib/mmpy-16/libc.a(memset.o)
 .debug_line    0x000009a7       0xc9 /usr/local/msp430/bin/../lib/gcc/msp430/4.7.0/mmpy-16/libgcc.a(_udivmod64.o)
 .debug_line    0x00000a70       0x62 /usr/local/msp430/bin/../lib/gcc/msp430/4.7.0/mmpy-16/libcrt0.a(__watchdog_support.o)
 .debug_line    0x00000ad2       0x60 /usr/local/msp430/bin/../lib/gcc/msp430/4.7.0/mmpy-16/libcrt0.a(__init_stack.o)
 .debug_line    0x00000b32       0x66 /usr/local/msp430/bin/../lib/gcc/msp430/4.7.0/mmpy-16/libcrt0.a(_copy_data.o)
 .debug_line    0x00000b98       0x66 /usr/local/msp430/bin/../lib/gcc/msp430/4.7.0/mmpy-16/libcrt0.a(_clear_bss.o)
 .debug_line    0x00000bfe       0x61 /usr/local/msp430/bin/../lib/gcc/msp430/4.7.0/mmpy-16/libcrt0.a(_endless_loop__.o)
 .debug_line    0x00000c5f       0x60 /usr/local/msp430/bin/../lib/gcc/msp430/4.7.0/mmpy-16/libcrt0.a(_unexpected_.o)

.debug_frame    0x00000000      0x1d4
 *(.debug_frame)
 .debug_frame   0x00000000       0x2a /usr/local/msp430/bin/../lib/gcc/msp430/4.7.0/../../../../msp430/lib/mmpy-16/libc.a(printf.o)
 .debug_frame   0x0000002a       0xa0 /usr/local/msp430/bin/../lib/gcc/msp430/4.7.0/../../../../msp430/lib/mmpy-16/libc.a(vuprintf.o)
 .debug_frame   0x000000ca       0x24 /usr/local/msp430/bin/../lib/gcc/msp430/4.7.0/../../../../msp430/lib/mmpy-16/libc.a(puts.o)
 .debug_frame   0x000000ee       0x3c /usr/local/msp430/bin/../lib/gcc/msp430/4.7.0/../../../../msp430/lib/mmpy-16/libc.a(rand.o)
 .debug_frame   0x0000012a       0x1e /usr/local/msp430/bin/../lib/gcc/msp430/4.7.0/../../../../msp430/lib/mmpy-16/libc.a(strcmp.o)
 .debug_frame   0x00000148       0x28 /usr/local/msp430/bin/../lib/gcc/msp430/4.7.0/../../../../msp430/lib/mmpy-16/libc.a(memcmp.o)
 .debug_frame   0x00000170       0x32 /usr/local/msp430/bin/../lib/gcc/msp430/4.7.0/../../../../msp430/lib/mmpy-16/libc.a(memcpy.o)
 .debug_frame   0x000001a2       0x32 /usr/local/msp430/bin/../lib/gcc/msp430/4.7.0/../../../../msp430/lib/mmpy-16/libc.a(memset.o)

.debug_str      0x00000000      0x3ef
 *(.debug_str)
 .debug_str     0x00000000       0xee /usr/local/msp430/bin/../lib/gcc/msp430/4.7.0/../../../../msp430/lib/mmpy-16/libc.a(printf.o)
                                0x136 (size before relaxing)
 .debug_str     0x000000ee      0x218 /usr/local/msp430/bin/../lib/gcc/msp430/4.7.0/../../../../msp430/lib/mmpy-16/libc.a(vuprintf.o)
                                0x381 (size before relaxing)
 .debug_str     0x00000306       0x1d /usr/local/msp430/bin/../lib/gcc/msp430/4.7.0/../../../../msp430/lib/mmpy-16/libc.a(puts.o)
                                 0xfb (size before relaxing)
 .debug_str     0x00000323       0x2f /usr/local/msp430/bin/../lib/gcc/msp430/4.7.0/../../../../msp430/lib/mmpy-16/libc.a(rand.o)
                                0x112 (size before relaxing)
 .debug_str     0x00000352       0x19 /usr/local/msp430/bin/../lib/gcc/msp430/4.7.0/../../../../msp430/lib/mmpy-16/libc.a(strcmp.o)
                                 0xf7 (size before relaxing)
 .debug_str     0x0000036b       0x20 /usr/local/msp430/bin/../lib/gcc/msp430/4.7.0/../../../../msp430/lib/mmpy-16/libc.a(memcmp.o)
                                 0xfe (size before relaxing)
 .debug_str     0x0000038b       0x3e /usr/local/msp430/bin/../lib/gcc/msp430/4.7.0/../../../../msp430/lib/mmpy-16/libc.a(memcpy.o)
                                0x12c (size before relaxing)
 .debug_str     0x000003c9       0x26 /usr/local/msp430/bin/../lib/gcc/msp430/4.7.0/../../../../msp430/lib/mmpy-16/libc.a(memset.o)
                                0x12a (size before relaxing)

.debug_loc      0x00000000      0xbfe
 *(.debug_loc)
 .debug_loc     0x00000000       0x4c /usr/local/msp430/bin/../lib/gcc/msp430/4.7.0/../../../../msp430/lib/mmpy-16/libc.a(printf.o)
 .debug_loc     0x0000004c      0x7fa /usr/local/msp430/bin/../lib/gcc/msp430/4.7.0/../../../../msp430/lib/mmpy-16/libc.a(vuprintf.o)
 .debug_loc     0x00000846       0x26 /usr/local/msp430/bin/../lib/gcc/msp430/4.7.0/../../../../msp430/lib/mmpy-16/libc.a(puts.o)
 .debug_loc     0x0000086c       0x4f /usr/local/msp430/bin/../lib/gcc/msp430/4.7.0/../../../../msp430/lib/mmpy-16/libc.a(rand.o)
 .debug_loc     0x000008bb       0x32 /usr/local/msp430/bin/../lib/gcc/msp430/4.7.0/../../../../msp430/lib/mmpy-16/libc.a(strcmp.o)
 .debug_loc     0x000008ed       0x4d /usr/local/msp430/bin/../lib/gcc/msp430/4.7.0/../../../../msp430/lib/mmpy-16/libc.a(memcmp.o)
 .debug_loc     0x0000093a      0x1e3 /usr/local/msp430/bin/../lib/gcc/msp430/4.7.0/../../../../msp430/lib/mmpy-16/libc.a(memcpy.o)
 .debug_loc     0x00000b1d       0xe1 /usr/local/msp430/bin/../lib/gcc/msp430/4.7.0/../../../../msp430/lib/mmpy-16/libc.a(memset.o)

.debug_macinfo
 *(.debug_macinfo)

.debug_pubtypes
 *(.debug_pubtypes)

.debug_ranges   0x00000000       0x68
 *(.debug_ranges)
 .debug_ranges  0x00000000        0xc /usr/local/msp430/bin/../lib/gcc/msp430/4.7.0/../../../../msp430/lib/mmpy-16/libc.a(printf.o)
 .debug_ranges  0x0000000c       0x24 /usr/local/msp430/bin/../lib/gcc/msp430/4.7.0/../../../../msp430/lib/mmpy-16/libc.a(vuprintf.o)
 .debug_ranges  0x00000030        0x8 /usr/local/msp430/bin/../lib/gcc/msp430/4.7.0/../../../../msp430/lib/mmpy-16/libc.a(puts.o)
 .debug_ranges  0x00000038       0x10 /usr/local/msp430/bin/../lib/gcc/msp430/4.7.0/../../../../msp430/lib/mmpy-16/libc.a(rand.o)
 .debug_ranges  0x00000048        0x8 /usr/local/msp430/bin/../lib/gcc/msp430/4.7.0/../../../../msp430/lib/mmpy-16/libc.a(strcmp.o)
 .debug_ranges  0x00000050        0x8 /usr/local/msp430/bin/../lib/gcc/msp430/4.7.0/../../../../msp430/lib/mmpy-16/libc.a(memcmp.o)
 .debug_ranges  0x00000058        0x8 /usr/local/msp430/bin/../lib/gcc/msp430/4.7.0/../../../../msp430/lib/mmpy-16/libc.a(memcpy.o)
 .debug_ranges  0x00000060        0x8 /usr/local/msp430/bin/../lib/gcc/msp430/4.7.0/../../../../msp430/lib/mmpy-16/libc.a(memset.o)
                0x00003900                PROVIDE (__stack, (ORIGIN (ram) + 0x2800))
                0x00009b9e                __data_start_rom = _etext
                0x00009c0c                __data_end_rom = (_etext + SIZEOF (.data))
OUTPUT(node3.sky elf32-msp430)
