Archive member included because of file (symbol)

contiki-sky.a(contiki-sky-pla)
                              obj_sky/contiki-sky-main.o (init_platform)
contiki-sky.a(sht11-sensor.o)
                              node1.co (sht11_sensor)
contiki-sky.a(button-sensor.o)
                              node1.co (button_sensor)
contiki-sky.a(ds2411.o)       obj_sky/contiki-sky-main.o (ds2411_init)
contiki-sky.a(xmem.o)         obj_sky/contiki-sky-main.o (xmem_init)
contiki-sky.a(node-id.o)      obj_sky/contiki-sky-main.o (node_id_restore)
contiki-sky.a(sensors.o)      node1.co (sensors_event)
contiki-sky.a(cc2420.o)       obj_sky/contiki-sky-main.o (cc2420_set_pan_addr)
contiki-sky.a(cc2420-arch.o)  contiki-sky.a(cc2420.o) (cc2420_arch_init)
contiki-sky.a(uart1.o)        obj_sky/contiki-sky-main.o (uart1_active)
contiki-sky.a(uart1-putchar.o)
                              obj_sky/contiki-sky-main.o (putchar)
contiki-sky.a(msp430.o)       contiki-sky.a(uart1.o) (msp430_add_lpm_req)
contiki-sky.a(clock.o)        obj_sky/contiki-sky-main.o (clock_init)
contiki-sky.a(leds.o)         obj_sky/contiki-sky-main.o (leds_init)
contiki-sky.a(leds-arch.o)    contiki-sky.a(leds.o) (leds_arch_init)
contiki-sky.a(watchdog.o)     obj_sky/contiki-sky-main.o (watchdog_start)
contiki-sky.a(rtimer-arch.o)  obj_sky/contiki-sky-main.o (rtimer_arch_now)
contiki-sky.a(autostart.o)    obj_sky/contiki-sky-main.o (autostart_start)
contiki-sky.a(ctimer.o)       obj_sky/contiki-sky-main.o (ctimer_init)
contiki-sky.a(energest.o)     obj_sky/contiki-sky-main.o (energest_init)
contiki-sky.a(etimer.o)       contiki-sky.a(clock.o) (etimer_request_poll)
contiki-sky.a(process.o)      node1.co (process_current)
contiki-sky.a(rtimer.o)       obj_sky/contiki-sky-main.o (rtimer_init)
contiki-sky.a(timer.o)        obj_sky/contiki-sky-main.o (timer_set)
contiki-sky.a(serial-line.o)  obj_sky/contiki-sky-main.o (serial_line_input_byte)
contiki-sky.a(list.o)         contiki-sky.a(ctimer.o) (list_init)
contiki-sky.a(random.o)       obj_sky/contiki-sky-main.o (random_init)
contiki-sky.a(ringbuf.o)      contiki-sky.a(serial-line.o) (ringbuf_init)
contiki-sky.a(broadcast.o)    node1.co (broadcast_open)
contiki-sky.a(channel.o)      contiki-sky.a(broadcast.o) (channel_set_attributes)
contiki-sky.a(rime.o)         obj_sky/contiki-sky-main.o (rime_driver)
contiki-sky.a(runicast.o)     node1.co (runicast_open)
contiki-sky.a(stunicast.o)    contiki-sky.a(runicast.o) (stunicast_open)
contiki-sky.a(unicast.o)      contiki-sky.a(stunicast.o) (unicast_open)
contiki-sky.a(csma.o)         obj_sky/contiki-sky-main.o (csma_driver)
contiki-sky.a(mac.o)          contiki-sky.a(csma.o) (mac_call_sent_callback)
contiki-sky.a(linkaddr.o)     obj_sky/contiki-sky-main.o (linkaddr_copy)
contiki-sky.a(packetbuf.o)    contiki-sky.a(rime.o) (packetbuf_compact)
contiki-sky.a(queuebuf.o)     contiki-sky.a(rime.o) (queuebuf_init)
contiki-sky.a(contikimac.o)   obj_sky/contiki-sky-main.o (contikimac_driver)
contiki-sky.a(contikimac-fram)
                              contiki-sky.a(contikimac.o) (contikimac_framer)
contiki-sky.a(nullsec.o)      obj_sky/contiki-sky-main.o (nullsec_driver)
contiki-sky.a(sht11.o)        contiki-sky.a(sht11-sensor.o) (sht11_init)
contiki-sky.a(spi.o)          contiki-sky.a(xmem.o) (spi_init)
contiki-sky.a(compower.o)     contiki-sky.a(contikimac.o) (compower_idle_activity)
contiki-sky.a(memb.o)         contiki-sky.a(csma.o) (memb_init)
contiki-sky.a(abc.o)          contiki-sky.a(broadcast.o) (abc_open)
contiki-sky.a(announcement.o)
                              contiki-sky.a(rime.o) (announcement_init)
contiki-sky.a(broadcast-annou)
                              contiki-sky.a(rime.o) (broadcast_announcement_init)
contiki-sky.a(chameleon.o)    contiki-sky.a(rime.o) (chameleon_init)
contiki-sky.a(framer-802154.o)
                              contiki-sky.a(contikimac-fram) (framer_802154)
contiki-sky.a(framer.o)       contiki-sky.a(framer-802154.o) (framer_canonical_create_and_secure)
contiki-sky.a(mac-sequence.o)
                              contiki-sky.a(contikimac.o) (mac_sequence_is_duplicate)
contiki-sky.a(chameleon-bitop)
                              contiki-sky.a(chameleon.o) (chameleon_bitopt)
contiki-sky.a(frame802154.o)  contiki-sky.a(framer-802154.o) (frame802154_hdrlen)
/usr/local/msp430/bin/../lib/gcc/msp430/4.7.0/mmpy-16/libgcc.a(_mulsi3.o)
                              contiki-sky.a(csma.o) (__mulsi3)
/usr/local/msp430/bin/../lib/gcc/msp430/4.7.0/mmpy-16/libgcc.a(_divmod16.o)
                              node1.co (__divhi3)
/usr/local/msp430/bin/../lib/gcc/msp430/4.7.0/mmpy-16/libgcc.a(_udivmod32.o)
                              obj_sky/contiki-sky-main.o (__udivsi3)
/usr/local/msp430/bin/../lib/gcc/msp430/4.7.0/mmpy-16/libgcc.a(_fixunssfsi.o)
                              node1.co (__fixunssfsi)
/usr/local/msp430/bin/../lib/gcc/msp430/4.7.0/mmpy-16/libgcc.a(_addsub_sf.o)
                              node1.co (__subsf3)
[...]
Memory Configuration

Name             Origin             Length             Attributes
sfr              0x00000000         0x00000010
peripheral_8bit  0x00000010         0x000000f0
peripheral_16bit 0x00000100         0x00000100
ram_mirror       0x00000200         0x00000800         xw
infomem          0x00001000         0x00000100
infob            0x00001000         0x00000080
infoa            0x00001080         0x00000080
ram              0x00001100         0x00002800         xw
rom              0x00004000         0x0000bfe0         xr
vectors          0x0000ffe0         0x00000020
bsl              0x00000000         0x00000000
infoc            0x00000000         0x00000000
infod            0x00000000         0x00000000
ram2             0x00000000         0x00000000         xw
usbram           0x00000000         0x00000000         xw
far_rom          0x00000000         0x00000000
*default*        0x00000000         0xffffffff

Linker script and memory map

LOAD /usr/local/msp430/bin/../lib/gcc/msp430/4.7.0/mmpy-16/crt0ivtbl16.o
LOAD node1.co
LOAD obj_sky/contiki-sky-main.o
LOAD contiki-sky.a
LOAD /usr/local/msp430/bin/../lib/gcc/msp430/4.7.0/mmpy-16/libgcc.a
LOAD /usr/local/msp430/bin/../lib/gcc/msp430/4.7.0/../../../../msp430/lib/mmpy-16/libc.a
LOAD /usr/local/msp430/bin/../lib/gcc/msp430/4.7.0/mmpy-16/libgcc.a
LOAD /usr/local/msp430/bin/../lib/gcc/msp430/4.7.0/mmpy-16/libcrt0.a
                0x00000080                PROVIDE (__info_segment_size, 0x80)
                0x00001000                PROVIDE (__infob, 0x1000)
                0x00001080                PROVIDE (__infoa, 0x1080)
                0x00000000                __IE1 = 0x0
                0x00000002                __IFG1 = 0x2
                0x00000004                __ME1 = 0x4
                0x00000001                __IE2 = 0x1
                0x00000003                __IFG2 = 0x3
                0x00000005                __ME2 = 0x5
                0x00000120                __WDTCTL = 0x120
                0x00000130                __MPY = 0x130
                0x00000132                __MPYS = 0x132
                0x00000134                __MAC = 0x134
                0x00000136                __MACS = 0x136
                0x00000138                __OP2 = 0x138
                0x0000013a                __RESLO = 0x13a
                0x0000013c                __RESHI = 0x13c
                0x0000013e                __SUMEXT = 0x13e
                0x00000020                __P1IN = 0x20
                0x00000021                __P1OUT = 0x21
                0x00000022                __P1DIR = 0x22
                0x00000023                __P1IFG = 0x23
                0x00000024                __P1IES = 0x24
                0x00000025                __P1IE = 0x25
                0x00000026                __P1SEL = 0x26
                0x00000028                __P2IN = 0x28
                0x00000029                __P2OUT = 0x29
                0x0000002a                __P2DIR = 0x2a
                0x0000002b                __P2IFG = 0x2b
                0x0000002c                __P2IES = 0x2c
                0x0000002d                __P2IE = 0x2d
                0x0000002e                __P2SEL = 0x2e
                0x00000018                __P3IN = 0x18
                0x00000019                __P3OUT = 0x19
                0x0000001a                __P3DIR = 0x1a
                0x0000001b                __P3SEL = 0x1b
                0x0000001c                __P4IN = 0x1c
                0x0000001d                __P4OUT = 0x1d
                0x0000001e                __P4DIR = 0x1e
                0x0000001f                __P4SEL = 0x1f
                0x00000030                __P5IN = 0x30
                0x00000031                __P5OUT = 0x31
                0x00000032                __P5DIR = 0x32
                0x00000033                __P5SEL = 0x33
                0x00000034                __P6IN = 0x34
                0x00000035                __P6OUT = 0x35
                0x00000036                __P6DIR = 0x36
                0x00000037                __P6SEL = 0x37
                0x00000070                __U0CTL = 0x70
                0x00000071                __U0TCTL = 0x71
                0x00000072                __U0RCTL = 0x72
                0x00000073                __U0MCTL = 0x73
                0x00000074                __U0BR0 = 0x74
                0x00000075                __U0BR1 = 0x75
                0x00000076                __U0RXBUF = 0x76
                0x00000077                __U0TXBUF = 0x77
                0x00000078                __U1CTL = 0x78
                0x00000079                __U1TCTL = 0x79
                0x0000007a                __U1RCTL = 0x7a
                0x0000007b                __U1MCTL = 0x7b
                0x0000007c                __U1BR0 = 0x7c
                0x0000007d                __U1BR1 = 0x7d
                0x0000007e                __U1RXBUF = 0x7e
                0x0000007f                __U1TXBUF = 0x7f
                0x00000050                __I2CIE = 0x50
                0x00000051                __I2CIFG = 0x51
                0x00000052                __I2CNDAT = 0x52
                0x00000071                __I2CTCTL = 0x71
                0x00000072                __I2CDCTL = 0x72
                0x00000073                __I2CPSC = 0x73
                0x00000074                __I2CSCLH = 0x74
                0x00000075                __I2CSCLL = 0x75
                0x00000076                __I2CDRB = 0x76
                0x00000076                __I2CDRW = 0x76
                0x00000118                __I2COA = 0x118
                0x0000011a                __I2CSA = 0x11a
                0x0000011c                __I2CIV = 0x11c
                0x0000012e                __TAIV = 0x12e
                0x00000160                __TACTL = 0x160
                0x00000162                __TACCTL0 = 0x162
                0x00000164                __TACCTL1 = 0x164
                0x00000166                __TACCTL2 = 0x166
                0x00000170                __TAR = 0x170
                0x00000172                __TACCR0 = 0x172
                0x00000174                __TACCR1 = 0x174
                0x00000176                __TACCR2 = 0x176
                0x0000011e                __TBIV = 0x11e
                0x00000180                __TBCTL = 0x180
                0x00000182                __TBCCTL0 = 0x182
                0x00000184                __TBCCTL1 = 0x184
                0x00000186                __TBCCTL2 = 0x186
                0x00000188                __TBCCTL3 = 0x188
                0x0000018a                __TBCCTL4 = 0x18a
                0x0000018c                __TBCCTL5 = 0x18c
                0x0000018e                __TBCCTL6 = 0x18e
                0x00000190                __TBR = 0x190
                0x00000192                __TBCCR0 = 0x192
                0x00000194                __TBCCR1 = 0x194
                0x00000196                __TBCCR2 = 0x196
                0x00000198                __TBCCR3 = 0x198
                0x0000019a                __TBCCR4 = 0x19a
                0x0000019c                __TBCCR5 = 0x19c
                0x0000019e                __TBCCR6 = 0x19e
                0x00000056                __DCOCTL = 0x56
                0x00000057                __BCSCTL1 = 0x57
                0x00000058                __BCSCTL2 = 0x58
                0x00000055                __SVSCTL = 0x55
                0x00000128                __FCTL1 = 0x128
                0x0000012a                __FCTL2 = 0x12a
                0x0000012c                __FCTL3 = 0x12c
                0x00000059                __CACTL1 = 0x59
                0x0000005a                __CACTL2 = 0x5a
                0x0000005b                __CAPD = 0x5b
                0x000001a0                __ADC12CTL0 = 0x1a0
                0x000001a2                __ADC12CTL1 = 0x1a2
                0x000001a4                __ADC12IFG = 0x1a4
                0x000001a6                __ADC12IE = 0x1a6
                0x000001a8                __ADC12IV = 0x1a8
                0x00000140                __ADC12MEM0 = 0x140
                0x00000142                __ADC12MEM1 = 0x142
                0x00000144                __ADC12MEM2 = 0x144
                0x00000146                __ADC12MEM3 = 0x146
                0x00000148                __ADC12MEM4 = 0x148
                0x0000014a                __ADC12MEM5 = 0x14a
                0x0000014c                __ADC12MEM6 = 0x14c
                0x0000014e                __ADC12MEM7 = 0x14e
                0x00000150                __ADC12MEM8 = 0x150
                0x00000152                __ADC12MEM9 = 0x152
                0x00000154                __ADC12MEM10 = 0x154
                0x00000156                __ADC12MEM11 = 0x156
                0x00000158                __ADC12MEM12 = 0x158
                0x0000015a                __ADC12MEM13 = 0x15a
                0x0000015c                __ADC12MEM14 = 0x15c
                0x0000015e                __ADC12MEM15 = 0x15e
                0x00000080                __ADC12MCTL0 = 0x80
                0x00000081                __ADC12MCTL1 = 0x81
                0x00000082                __ADC12MCTL2 = 0x82
                0x00000083                __ADC12MCTL3 = 0x83
                0x00000084                __ADC12MCTL4 = 0x84
                0x00000085                __ADC12MCTL5 = 0x85
                0x00000086                __ADC12MCTL6 = 0x86
                0x00000087                __ADC12MCTL7 = 0x87
                0x00000088                __ADC12MCTL8 = 0x88
                0x00000089                __ADC12MCTL9 = 0x89
                0x0000008a                __ADC12MCTL10 = 0x8a
                0x0000008b                __ADC12MCTL11 = 0x8b
                0x0000008c                __ADC12MCTL12 = 0x8c
                0x0000008d                __ADC12MCTL13 = 0x8d
                0x0000008e                __ADC12MCTL14 = 0x8e
                0x0000008f                __ADC12MCTL15 = 0x8f
                0x000001c0                __DAC12_0CTL = 0x1c0
                0x000001c2                __DAC12_1CTL = 0x1c2
                0x000001c8                __DAC12_0DAT = 0x1c8
                0x000001ca                __DAC12_1DAT = 0x1ca
                0x00000122                __DMACTL0 = 0x122
                0x00000124                __DMACTL1 = 0x124
                0x000001e0                __DMA0CTL = 0x1e0
                0x000001e8                __DMA1CTL = 0x1e8
                0x000001f0                __DMA2CTL = 0x1f0
                0x000001e2                __DMA0SA = 0x1e2
                0x000001e4                __DMA0DA = 0x1e4
                0x000001e6                __DMA0SZ = 0x1e6
                0x000001ea                __DMA1SA = 0x1ea
                0x000001ec                __DMA1DA = 0x1ec
                0x000001ee                __DMA1SZ = 0x1ee
                0x000001f2                __DMA2SA = 0x1f2
                0x000001f4                __DMA2DA = 0x1f4
                0x000001f6                __DMA2SZ = 0x1f6

.hash
 *(.hash)

.dynsym
 *(.dynsym)

.dynstr
 *(.dynstr)

.gnu.version
 *(.gnu.version)

.gnu.version_d
 *(.gnu.version_d)

.gnu.version_r
 *(.gnu.version_r)

.rel.init
 *(.rel.init)

.rela.init
 *(.rela.init)

.rel.fini
 *(.rel.fini)

.rela.fini
 *(.rela.fini)

.rel.text
 *(.rel.text .rel.text.* .rel.gnu.linkonce.t.*)

.rela.text
 *(.rela.text .rela.text.* .rela.gnu.linkonce.t.*)

.rel.rodata
 *(.rel.rodata .rel.rodata.* .rel.gnu.linkonce.r.*)

.rela.rodata
 *(.rela.rodata .rela.rodata.* .rela.gnu.linkonce.r.*)

.rel.data
 *(.rel.data .rel.data.* .rel.gnu.linkonce.d.*)

.rela.data
 *(.rela.data .rela.data.* .rela.gnu.linkonce.d.*)

.rel.bss
 *(.rel.bss .rel.bss.* .rel.gnu.linkonce.b.*)

.rela.bss
 *(.rela.bss .rela.bss.* .rela.gnu.linkonce.b.*)

.rel.ctors
 *(.rel.ctors)

.rela.ctors
 *(.rela.ctors)

.rel.dtors
 *(.rel.dtors)

.rela.dtors
 *(.rela.dtors)

.rel.got
 *(.rel.got)

.rela.got
 *(.rela.got)

.rel.plt
 *(.rel.plt)

.rela.plt
 *(.rela.plt)

.text           0x00004000     0x66a0
                0x00004000                . = ALIGN (0x2)
 *(.init .init.*)
 *(.init0)
 .init0         0x00004000        0x0 /usr/local/msp430/bin/../lib/gcc/msp430/4.7.0/mmpy-16/libcrt0.a(_reset_vector__.o)
                0x00004000                _reset_vector__
 *(.init1)
 .init1         0x00004000        0xc /usr/local/msp430/bin/../lib/gcc/msp430/4.7.0/mmpy-16/libcrt0.a(__watchdog_support.o)
                0x00004000                __watchdog_support
 *(.init2)
 .init2         0x0000400c        0x4 /usr/local/msp430/bin/../lib/gcc/msp430/4.7.0/mmpy-16/libcrt0.a(__init_stack.o)
                0x0000400c                __init_stack
 *(.init3)
 .init3         0x00004010        0x0 /usr/local/msp430/bin/../lib/gcc/msp430/4.7.0/mmpy-16/libcrt0.a(__low_level_init.o)
                0x00004010                __low_level_init
 *(.init4)
 .init4         0x00004010       0x18 /usr/local/msp430/bin/../lib/gcc/msp430/4.7.0/mmpy-16/libcrt0.a(_copy_data.o)
                0x00004010                __do_copy_data
 .init4         0x00004028       0x16 /usr/local/msp430/bin/../lib/gcc/msp430/4.7.0/mmpy-16/libcrt0.a(_clear_bss.o)
                0x00004028                __do_clear_bss
 *(.init5)
 *(.init6)
 *(.init7)
 *(.init8)
 *(.init9)
 .init9         0x0000403e      0x2ce obj_sky/contiki-sky-main.o
                0x0000403e                main
 *(.fini9)
 .fini9         0x0000430c        0x0 /usr/local/msp430/bin/../lib/gcc/msp430/4.7.0/mmpy-16/libcrt0.a(__stop_progExec__.o)
                0x0000430c                __stop_progExec__
 *(.fini8)
 *(.fini7)
 *(.fini6)
 *(.fini5)
 *(.fini4)
 *(.fini3)
 *(.fini2)
 *(.fini1)
 *(.fini0)
 .fini0         0x0000430c        0x6 /usr/local/msp430/bin/../lib/gcc/msp430/4.7.0/mmpy-16/libcrt0.a(_endless_loop__.o)
                0x0000430c                _endless_loop__
 *(.fini .fini.*)
                0x00004312                . = ALIGN (0x2)
                0x00004312                __ctors_start = .
 *(.ctors)
                0x00004312                __ctors_end = .
                0x00004312                __dtors_start = .
 *(.dtors)
                0x00004312                __dtors_end = .
                0x00004312                . = ALIGN (0x2)
 *(.text .text.* .gnu.linkonce.t.*)
 .text          0x00004312        0x4 /usr/local/msp430/bin/../lib/gcc/msp430/4.7.0/mmpy-16/crt0ivtbl16.o
                0x00004312                __isr_14
                0x00004312                __isr_11
                0x00004312                __isr_2
                0x00004312                __isr_7
                0x00004312                __isr_0
                0x00004312                __isr_8
                0x00004312                __isr_3
                0x00004312                __isr_12
                0x00004312                __isr_13
                0x00004312                __isr_9
 .text.broadcast_sent
                0x00004316        0x2 node1.co
 .text.sent_runicast
                0x00004318        0x2 node1.co
 .text.timedout_runicast
                0x0000431a       0x10 node1.co
 .text.recv_runicast
                0x0000432a       0x20 node1.co
 .text.broadcast_recv
                0x0000434a       0x54 node1.co
 .text.send_runicast_frame.constprop.2
                0x0000439e       0x32 node1.co
 .text.process_thread_main_process_node1
                0x000043d0      0x31a node1.co
 .text.process_thread_alarm_process_node1
                0x000046ea      0x142 node1.co
 .text.process_thread_guest_process_node1
                0x0000482c      0x146 node1.co
 .text.start_network_layer
                0x00004972       0x3c obj_sky/contiki-sky-main.o
 .text.init_platform
                0x000049ae        0xc contiki-sky.a(contiki-sky-pla)
                0x000049ae                init_platform
 .text.status   0x000049ba       0x14 contiki-sky.a(sht11-sensor.o)
 .text.value    0x000049ce       0x30 contiki-sky.a(sht11-sensor.o)
 .text.configure
                0x000049fe       0x3e contiki-sky.a(sht11-sensor.o)
 .text.status   0x00004a3c       0x18 contiki-sky.a(button-sensor.o)
 .text.value    0x00004a54       0x20 contiki-sky.a(button-sensor.o)
 .text.configure
                0x00004a74       0x4c contiki-sky.a(button-sensor.o)
 .text.irq_p2   0x00004ac0       0x88 contiki-sky.a(button-sensor.o)
                0x00004ac0                irq_p2
                0x00004ac0                __isr_1
 .text.owreadb  0x00004b48       0x50 contiki-sky.a(ds2411.o)
 .text.ds2411_init
                0x00004b98      0x120 contiki-sky.a(ds2411.o)
                0x00004b98                ds2411_init
 .text.wait_ready
                0x00004cb8       0x4a contiki-sky.a(xmem.o)
 .text.xmem_init
                0x00004d02       0x3c contiki-sky.a(xmem.o)
                0x00004d02                xmem_init
 .text.xmem_pread
                0x00004d3e       0xe0 contiki-sky.a(xmem.o)
                0x00004d3e                xmem_pread
 .text.node_id_restore
                0x00004e1e       0x38 contiki-sky.a(node-id.o)
                0x00004e1e                node_id_restore
 .text.process_thread_sensors_process
                0x00004e56       0xc2 contiki-sky.a(sensors.o)
 .text.sensors_changed
                0x00004f18       0x2a contiki-sky.a(sensors.o)
                0x00004f18                sensors_changed
 .text.get_object
                0x00004f42        0x4 contiki-sky.a(cc2420.o)
 .text.set_object
                0x00004f46        0x4 contiki-sky.a(cc2420.o)
 .text.strobe   0x00004f4a       0x1c contiki-sky.a(cc2420.o)
 .text.getreg   0x00004f66       0x4c contiki-sky.a(cc2420.o)
 .text.setreg   0x00004fb2       0x4c contiki-sky.a(cc2420.o)
 .text.write_ram
                0x00004ffe       0x7c contiki-sky.a(cc2420.o)
 .text.write_fifo_buf
                0x0000507a       0x3c contiki-sky.a(cc2420.o)
 .text.get_status
                0x000050b6       0x20 contiki-sky.a(cc2420.o)
 .text.set_txpower
                0x000050d6       0x24 contiki-sky.a(cc2420.o)
 .text.cc2420_receiving_packet
                0x000050fa        0xc contiki-sky.a(cc2420.o)
 .text.pending_packet
                0x00005106        0x8 contiki-sky.a(cc2420.o)
 .text.on       0x0000510e       0x1e contiki-sky.a(cc2420.o)
 .text.wait_for_transmission
                0x0000512c       0x22 contiki-sky.a(cc2420.o)
 .text.wait_for_status
                0x0000514e       0x28 contiki-sky.a(cc2420.o)
 .text.getrxdata
                0x00005176       0x50 contiki-sky.a(cc2420.o)
 .text.flushrx  0x000051c6       0x1a contiki-sky.a(cc2420.o)
 .text.off      0x000051e0       0x56 contiki-sky.a(cc2420.o)
 .text.RELEASE_LOCK
                0x00005236       0x28 contiki-sky.a(cc2420.o)
 .text.set_key  0x0000525e       0x18 contiki-sky.a(cc2420.o)
 .text.cc2420_prepare
                0x00005276       0x3c contiki-sky.a(cc2420.o)
 .text.cc2420_on
                0x000052b2       0x22 contiki-sky.a(cc2420.o)
                0x000052b2                cc2420_on
 .text.cc2420_off
                0x000052d4       0x30 contiki-sky.a(cc2420.o)
                0x000052d4                cc2420_off
 .text.cc2420_cca
                0x00005304       0x68 contiki-sky.a(cc2420.o)
 .text.cc2420_read
                0x0000536c       0xac contiki-sky.a(cc2420.o)
 .text.process_thread_cc2420_process
                0x00005418       0x54 contiki-sky.a(cc2420.o)
 .text.encrypt  0x0000546c       0x88 contiki-sky.a(cc2420.o)
 .text.cc2420_set_channel
                0x000054f4       0x3c contiki-sky.a(cc2420.o)
                0x000054f4                cc2420_set_channel
 .text.cc2420_set_pan_addr
                0x00005530       0x4c contiki-sky.a(cc2420.o)
                0x00005530                cc2420_set_pan_addr
 .text.cc2420_interrupt
                0x0000557c       0x16 contiki-sky.a(cc2420.o)
                0x0000557c                cc2420_interrupt
 .text.cc2420_set_txpower
                0x00005592        0xe contiki-sky.a(cc2420.o)
                0x00005592                cc2420_set_txpower
 .text.cc2420_get_txpower
                0x000055a0       0x1e contiki-sky.a(cc2420.o)
                0x000055a0                cc2420_get_txpower
 .text.cc2420_transmit
                0x000055be      0x12c contiki-sky.a(cc2420.o)
 .text.cc2420_send
                0x000056ea       0x12 contiki-sky.a(cc2420.o)
 .text.cc2420_rssi
                0x000056fc       0x4c contiki-sky.a(cc2420.o)
                0x000056fc                cc2420_rssi
 .text.get_value
                0x00005748       0xa8 contiki-sky.a(cc2420.o)
 .text.cc2420_set_cca_threshold
                0x000057f0       0x16 contiki-sky.a(cc2420.o)
                0x000057f0                cc2420_set_cca_threshold
 .text.set_value
                0x00005806       0x86 contiki-sky.a(cc2420.o)
 .text.cc2420_init
                0x0000588c       0xd8 contiki-sky.a(cc2420.o)
                0x0000588c                cc2420_init
 .text.cc2420_port1_interrupt
                0x00005964       0x62 contiki-sky.a(cc2420-arch.o)
                0x00005964                __isr_4
                0x00005964                cc2420_port1_interrupt
 .text.cc2420_arch_init
                0x000059c6       0x1a contiki-sky.a(cc2420-arch.o)
                0x000059c6                cc2420_arch_init
 .text.handle_rxdma_timer
                0x000059e0       0x3a contiki-sky.a(uart1.o)
 .text.uart1_active
                0x00005a1a       0x18 contiki-sky.a(uart1.o)
                0x00005a1a                uart1_active
 .text.uart1_set_input
                0x00005a32       0x20 contiki-sky.a(uart1.o)
                0x00005a32                uart1_set_input
 .text.uart1_writeb
                0x00005a52       0x18 contiki-sky.a(uart1.o)
                0x00005a52                uart1_writeb
 .text.uart1_init
                0x00005a6a       0xf4 contiki-sky.a(uart1.o)
                0x00005a6a                uart1_init
 .text.putchar  0x00005b5e       0x10 contiki-sky.a(uart1-putchar.o)
                0x00005b5e                putchar
 .text.msp430_init_dco
                0x00005b6e       0x82 contiki-sky.a(msp430.o)
                0x00005b6e                msp430_init_dco
 .text.msp430_add_lpm_req
                0x00005bf0        0xc contiki-sky.a(msp430.o)
                0x00005bf0                msp430_add_lpm_req
 .text.msp430_cpu_init
                0x00005bfc       0x2a contiki-sky.a(msp430.o)
                0x00005bfc                msp430_cpu_init
 .text.splhigh_
                0x00005c26        0x8 contiki-sky.a(msp430.o)
                0x00005c26                splhigh_
 .text.msp430_sync_dco
                0x00005c2e       0x6c contiki-sky.a(msp430.o)
                0x00005c2e                msp430_sync_dco
 .text.timera1  0x00005c9a      0x11e contiki-sky.a(clock.o)
                0x00005c9a                __isr_5
                0x00005c9a                timera1
 .text.clock_time
                0x00005db8       0x1a contiki-sky.a(clock.o)
                0x00005db8                clock_time
 .text.clock_init
                0x00005dd2       0x28 contiki-sky.a(clock.o)
                0x00005dd2                clock_init
 .text.clock_delay
                0x00005dfa        0xc contiki-sky.a(clock.o)
                0x00005dfa                clock_delay
 .text.clock_wait
                0x00005e06       0x30 contiki-sky.a(clock.o)
                0x00005e06                clock_wait
 .text.show_leds
                0x00005e36       0xf0 contiki-sky.a(leds.o)
 .text.leds_init
                0x00005f26        0xa contiki-sky.a(leds.o)
                0x00005f26                leds_init
 .text.leds_get
                0x00005f30        0x6 contiki-sky.a(leds.o)
                0x00005f30                leds_get
 .text.leds_on  0x00005f36        0xa contiki-sky.a(leds.o)
                0x00005f36                leds_on
 .text.leds_off
                0x00005f40        0xe contiki-sky.a(leds.o)
                0x00005f40                leds_off
 .text.leds_toggle
                0x00005f4e        0xa contiki-sky.a(leds.o)
                0x00005f4e                leds_toggle
 .text.leds_arch_init
                0x00005f58        0xe contiki-sky.a(leds-arch.o)
                0x00005f58                leds_arch_init
 .text.leds_arch_get
                0x00005f66       0x3e contiki-sky.a(leds-arch.o)
                0x00005f66                leds_arch_get
 .text.leds_arch_set
                0x00005fa4       0x38 contiki-sky.a(leds-arch.o)
                0x00005fa4                leds_arch_set
 .text.watchdog_interrupt
                0x00005fdc        0x6 contiki-sky.a(watchdog.o)
                0x00005fdc                __isr_10
                0x00005fdc                watchdog_interrupt
 .text.watchdog_start
                0x00005fe2       0x14 contiki-sky.a(watchdog.o)
                0x00005fe2                watchdog_start
 .text.watchdog_periodic
                0x00005ff6       0x12 contiki-sky.a(watchdog.o)
                0x00005ff6                watchdog_periodic
 .text.watchdog_stop
                0x00006008       0x16 contiki-sky.a(watchdog.o)
                0x00006008                watchdog_stop
 .text.watchdog_init
                0x0000601e       0x12 contiki-sky.a(watchdog.o)
                0x0000601e                watchdog_init
 .text.rtimer_arch_init
                0x00006030        0xe contiki-sky.a(rtimer-arch.o)
                0x00006030                rtimer_arch_init
 .text.rtimer_arch_now
                0x0000603e        0xe contiki-sky.a(rtimer-arch.o)
                0x0000603e                rtimer_arch_now
 .text.timera0  0x0000604c       0x70 contiki-sky.a(rtimer-arch.o)
                0x0000604c                __isr_6
                0x0000604c                timera0
 .text.rtimer_arch_schedule
                0x000060bc        0x6 contiki-sky.a(rtimer-arch.o)
                0x000060bc                rtimer_arch_schedule
 .text.autostart_start
                0x000060c2       0x16 contiki-sky.a(autostart.o)
                0x000060c2                autostart_start
 .text.process_thread_ctimer_process
                0x000060d8       0xa8 contiki-sky.a(ctimer.o)
 .text.ctimer_init
                0x00006180       0x18 contiki-sky.a(ctimer.o)
                0x00006180                ctimer_init
 .text.ctimer_set
                0x00006198       0x50 contiki-sky.a(ctimer.o)
                0x00006198                ctimer_set
 .text.ctimer_reset
                0x000061e8       0x30 contiki-sky.a(ctimer.o)
                0x000061e8                ctimer_reset
 .text.ctimer_stop
                0x00006218       0x28 contiki-sky.a(ctimer.o)
                0x00006218                ctimer_stop
 .text.energest_init
                0x00006240       0x26 contiki-sky.a(energest.o)
                0x00006240                energest_init
 .text.energest_type_time
                0x00006266       0x48 contiki-sky.a(energest.o)
                0x00006266                energest_type_time
 .text.energest_type_set
                0x000062ae        0xe contiki-sky.a(energest.o)
                0x000062ae                energest_type_set
 .text.energest_flush
                0x000062bc       0x48 contiki-sky.a(energest.o)
                0x000062bc                energest_flush
 .text.update_time
                0x00006304       0x78 contiki-sky.a(etimer.o)
 .text.etimer_request_poll
                0x0000637c        0xa contiki-sky.a(etimer.o)
                0x0000637c                etimer_request_poll
 .text.process_thread_etimer_process
                0x00006386       0xcc contiki-sky.a(etimer.o)
 .text.add_timer
                0x00006452       0x40 contiki-sky.a(etimer.o)
 .text.etimer_set
                0x00006492       0x12 contiki-sky.a(etimer.o)
                0x00006492                etimer_set
 .text.etimer_reset
                0x000064a4       0x12 contiki-sky.a(etimer.o)
                0x000064a4                etimer_reset
 .text.etimer_pending
                0x000064b6        0xc contiki-sky.a(etimer.o)
                0x000064b6                etimer_pending
 .text.etimer_next_expiration_time
                0x000064c2       0x16 contiki-sky.a(etimer.o)
                0x000064c2                etimer_next_expiration_time
 .text.etimer_stop
                0x000064d8       0x3e contiki-sky.a(etimer.o)
                0x000064d8                etimer_stop
 .text.call_process
                0x00006516       0x46 contiki-sky.a(process.o)
 .text.exit_process
                0x0000655c       0x96 contiki-sky.a(process.o)
 .text.do_poll  0x000065f2       0x30 contiki-sky.a(process.o)
 .text.process_alloc_event
                0x00006622        0xe contiki-sky.a(process.o)
                0x00006622                process_alloc_event
 .text.process_init
                0x00006630       0x1c contiki-sky.a(process.o)
                0x00006630                process_init
 .text.process_run
                0x0000664c       0xa2 contiki-sky.a(process.o)
                0x0000664c                process_run
 .text.process_nevents
                0x000066ee        0xe contiki-sky.a(process.o)
                0x000066ee                process_nevents
 .text.process_post
                0x000066fc       0x54 contiki-sky.a(process.o)
                0x000066fc                process_post
 .text.process_post_synch
                0x00006750       0x12 contiki-sky.a(process.o)
                0x00006750                process_post_synch
 .text.process_start
                0x00006762       0x36 contiki-sky.a(process.o)
                0x00006762                process_start
 .text.process_poll
                0x00006798       0x18 contiki-sky.a(process.o)
                0x00006798                process_poll
 .text.rtimer_init
                0x000067b0        0x6 contiki-sky.a(rtimer.o)
                0x000067b0                rtimer_init
 .text.rtimer_set
                0x000067b6       0x24 contiki-sky.a(rtimer.o)
                0x000067b6                rtimer_set
 .text.rtimer_run_next
                0x000067da       0x26 contiki-sky.a(rtimer.o)
                0x000067da                rtimer_run_next
 .text.timer_set
                0x00006800       0x1c contiki-sky.a(timer.o)
                0x00006800                timer_set
 .text.timer_reset
                0x0000681c        0xe contiki-sky.a(timer.o)
                0x0000681c                timer_reset
 .text.timer_expired
                0x0000682a       0x2a contiki-sky.a(timer.o)
                0x0000682a                timer_expired
 .text.process_thread_serial_line_process
                0x00006854       0x9e contiki-sky.a(serial-line.o)
 .text.serial_line_input_byte
                0x000068f2       0x4a contiki-sky.a(serial-line.o)
                0x000068f2                serial_line_input_byte
 .text.serial_line_init
                0x0000693c       0x1c contiki-sky.a(serial-line.o)
                0x0000693c                serial_line_init
 .text.list_init
                0x00006958        0x6 contiki-sky.a(list.o)
                0x00006958                list_init
 .text.list_head
                0x0000695e        0x4 contiki-sky.a(list.o)
                0x0000695e                list_head
 .text.list_tail
                0x00006962       0x12 contiki-sky.a(list.o)
                0x00006962                list_tail
 .text.list_remove
                0x00006974       0x34 contiki-sky.a(list.o)
                0x00006974                list_remove
 .text.list_push
                0x000069a8       0x1a contiki-sky.a(list.o)
                0x000069a8                list_push
 .text.list_add
                0x000069c2       0x2a contiki-sky.a(list.o)
                0x000069c2                list_add
 .text.list_length
                0x000069ec       0x10 contiki-sky.a(list.o)
                0x000069ec                list_length
 .text.list_item_next
                0x000069fc        0xc contiki-sky.a(list.o)
                0x000069fc                list_item_next
 .text.random_init
                0x00006a08        0x6 contiki-sky.a(random.o)
                0x00006a08                random_init
 .text.random_rand
                0x00006a0e        0x6 contiki-sky.a(random.o)
                0x00006a0e                random_rand
 .text.ringbuf_init
                0x00006a14       0x14 contiki-sky.a(ringbuf.o)
                0x00006a14                ringbuf_init
 .text.ringbuf_put
                0x00006a28       0x38 contiki-sky.a(ringbuf.o)
                0x00006a28                ringbuf_put
 .text.ringbuf_get
                0x00006a60       0x32 contiki-sky.a(ringbuf.o)
                0x00006a60                ringbuf_get
 .text.sent_by_abc
                0x00006a92       0x10 contiki-sky.a(broadcast.o)
 .text.recv_from_abc
                0x00006aa2       0x26 contiki-sky.a(broadcast.o)
 .text.broadcast_open
                0x00006ac8       0x2a contiki-sky.a(broadcast.o)
                0x00006ac8                broadcast_open
 .text.broadcast_close
                0x00006af2        0x6 contiki-sky.a(broadcast.o)
                0x00006af2                broadcast_close
 .text.broadcast_send
                0x00006af8       0x1a contiki-sky.a(broadcast.o)
                0x00006af8                broadcast_send
 .text.channel_init
                0x00006b12        0xa contiki-sky.a(channel.o)
                0x00006b12                channel_init
 .text.channel_open
                0x00006b1c       0x10 contiki-sky.a(channel.o)
                0x00006b1c                channel_open
 .text.channel_close
                0x00006b2c        0xc contiki-sky.a(channel.o)
                0x00006b2c                channel_close
 .text.channel_lookup
                0x00006b38       0x20 contiki-sky.a(channel.o)
                0x00006b38                channel_lookup
 .text.channel_set_attributes
                0x00006b58       0x24 contiki-sky.a(channel.o)
                0x00006b58                channel_set_attributes
 .text.input    0x00006b7c       0x3a contiki-sky.a(rime.o)
 .text.init     0x00006bb6       0x2e contiki-sky.a(rime.o)
 .text.packet_sent
                0x00006be4       0x44 contiki-sky.a(rime.o)
 .text.rime_output
                0x00006c28       0x24 contiki-sky.a(rime.o)
                0x00006c28                rime_output
 .text.sent_by_stunicast
                0x00006c4c       0x5e contiki-sky.a(runicast.o)
 .text.recv_from_stunicast
                0x00006caa       0x9e contiki-sky.a(runicast.o)
 .text.runicast_open
                0x00006d48       0x36 contiki-sky.a(runicast.o)
                0x00006d48                runicast_open
 .text.runicast_close
                0x00006d7e        0x6 contiki-sky.a(runicast.o)
                0x00006d7e                runicast_close
 .text.runicast_is_transmitting
                0x00006d84        0x6 contiki-sky.a(runicast.o)
                0x00006d84                runicast_is_transmitting
 .text.runicast_send
                0x00006d8a       0x48 contiki-sky.a(runicast.o)
                0x00006d8a                runicast_send
 .text.recv_from_uc
                0x00006dd2        0xe contiki-sky.a(stunicast.o)
 .text.sent_by_uc
                0x00006de0       0x10 contiki-sky.a(stunicast.o)
 .text.stunicast_open
                0x00006df0       0x1a contiki-sky.a(stunicast.o)
                0x00006df0                stunicast_open
 .text.stunicast_receiver
                0x00006e0a        0x6 contiki-sky.a(stunicast.o)
                0x00006e0a                stunicast_receiver
 .text.stunicast_set_timer
                0x00006e10       0x12 contiki-sky.a(stunicast.o)
                0x00006e10                stunicast_set_timer
 .text.send     0x00006e22       0x2c contiki-sky.a(stunicast.o)
 .text.stunicast_send_stubborn
                0x00006e4e       0x68 contiki-sky.a(stunicast.o)
                0x00006e4e                stunicast_send_stubborn
 .text.stunicast_send
                0x00006eb6        0x6 contiki-sky.a(stunicast.o)
                0x00006eb6                stunicast_send
 .text.stunicast_cancel
                0x00006ebc       0x20 contiki-sky.a(stunicast.o)
                0x00006ebc                stunicast_cancel
 .text.stunicast_close
                0x00006edc       0x12 contiki-sky.a(stunicast.o)
                0x00006edc                stunicast_close
 .text.sent_by_broadcast
                0x00006eee       0x10 contiki-sky.a(unicast.o)
 .text.recv_from_broadcast
                0x00006efe       0x2e contiki-sky.a(unicast.o)
 .text.unicast_open
                0x00006f2c       0x2a contiki-sky.a(unicast.o)
                0x00006f2c                unicast_open
 .text.unicast_close
                0x00006f56        0x6 contiki-sky.a(unicast.o)
                0x00006f56                unicast_close
 .text.unicast_send
                0x00006f5c       0x16 contiki-sky.a(unicast.o)
                0x00006f5c                unicast_send
 .text.input_packet
                0x00006f72        0x6 contiki-sky.a(csma.o)
 .text.on       0x00006f78        0x6 contiki-sky.a(csma.o)
 .text.off      0x00006f7e        0x6 contiki-sky.a(csma.o)
 .text.channel_check_interval
                0x00006f84       0x10 contiki-sky.a(csma.o)
 .text.transmit_packet_list
                0x00006f94       0x24 contiki-sky.a(csma.o)
 .text.init     0x00006fb8       0x1a contiki-sky.a(csma.o)
 .text.send_packet
                0x00006fd2      0x184 contiki-sky.a(csma.o)
 .text.free_packet
                0x00007156       0x98 contiki-sky.a(csma.o)
 .text.packet_sent
                0x000071ee      0x130 contiki-sky.a(csma.o)
 .text.mac_call_sent_callback
                0x0000731e       0x14 contiki-sky.a(mac.o)
                0x0000731e                mac_call_sent_callback
 .text.linkaddr_copy
                0x00007332        0xc contiki-sky.a(linkaddr.o)
                0x00007332                linkaddr_copy
 .text.linkaddr_cmp
                0x0000733e       0x12 contiki-sky.a(linkaddr.o)
                0x0000733e                linkaddr_cmp
 .text.linkaddr_set_node_addr
                0x00007350        0xc contiki-sky.a(linkaddr.o)
                0x00007350                linkaddr_set_node_addr
 .text.packetbuf_compact
                0x0000735c       0x2e contiki-sky.a(packetbuf.o)
                0x0000735c                packetbuf_compact
 .text.packetbuf_copyto
                0x0000738a       0x52 contiki-sky.a(packetbuf.o)
                0x0000738a                packetbuf_copyto
 .text.packetbuf_hdrreduce
                0x000073dc       0x1a contiki-sky.a(packetbuf.o)
                0x000073dc                packetbuf_hdrreduce
 .text.packetbuf_set_datalen
                0x000073f6        0x6 contiki-sky.a(packetbuf.o)
                0x000073f6                packetbuf_set_datalen
 .text.packetbuf_dataptr
                0x000073fc        0xe contiki-sky.a(packetbuf.o)
                0x000073fc                packetbuf_dataptr
 .text.packetbuf_hdrptr
                0x0000740a        0xa contiki-sky.a(packetbuf.o)
                0x0000740a                packetbuf_hdrptr
 .text.packetbuf_datalen
                0x00007414        0x6 contiki-sky.a(packetbuf.o)
                0x00007414                packetbuf_datalen
 .text.packetbuf_hdrlen
                0x0000741a       0x10 contiki-sky.a(packetbuf.o)
                0x0000741a                packetbuf_hdrlen
 .text.packetbuf_totlen
                0x0000742a        0xc contiki-sky.a(packetbuf.o)
                0x0000742a                packetbuf_totlen
 .text.packetbuf_hdralloc
                0x00007436       0x2e contiki-sky.a(packetbuf.o)
                0x00007436                packetbuf_hdralloc
 .text.packetbuf_attr_clear
                0x00007464       0x2c contiki-sky.a(packetbuf.o)
                0x00007464                packetbuf_attr_clear
 .text.packetbuf_clear
                0x00007490       0x1a contiki-sky.a(packetbuf.o)
                0x00007490                packetbuf_clear
 .text.packetbuf_copyfrom
                0x000074aa       0x2e contiki-sky.a(packetbuf.o)
                0x000074aa                packetbuf_copyfrom
 .text.packetbuf_attr_copyto
                0x000074d8       0x20 contiki-sky.a(packetbuf.o)
                0x000074d8                packetbuf_attr_copyto
 .text.packetbuf_attr_copyfrom
                0x000074f8       0x22 contiki-sky.a(packetbuf.o)
                0x000074f8                packetbuf_attr_copyfrom
 .text.packetbuf_holds_broadcast
                0x0000751a        0xe contiki-sky.a(packetbuf.o)
                0x0000751a                packetbuf_holds_broadcast
 .text.queuebuf_init
                0x00007528       0x12 contiki-sky.a(queuebuf.o)
                0x00007528                queuebuf_init
 .text.queuebuf_new_from_packetbuf
                0x0000753a       0x52 contiki-sky.a(queuebuf.o)
                0x0000753a                queuebuf_new_from_packetbuf
 .text.queuebuf_update_attr_from_packetbuf
                0x0000758c       0x12 contiki-sky.a(queuebuf.o)
                0x0000758c                queuebuf_update_attr_from_packetbuf
 .text.queuebuf_update_from_packetbuf
                0x0000759e       0x22 contiki-sky.a(queuebuf.o)
                0x0000759e                queuebuf_update_from_packetbuf
 .text.queuebuf_free
                0x000075c0       0x2a contiki-sky.a(queuebuf.o)
                0x000075c0                queuebuf_free
 .text.queuebuf_to_packetbuf
                0x000075ea       0x32 contiki-sky.a(queuebuf.o)
                0x000075ea                queuebuf_to_packetbuf
 .text.queuebuf_attr
                0x0000761c        0xe contiki-sky.a(queuebuf.o)
                0x0000761c                queuebuf_attr
 .text.duty_cycle
                0x0000762a        0x6 contiki-sky.a(contikimac.o)
 .text.init     0x00007630       0x2a contiki-sky.a(contikimac.o)
 .text.on       0x0000765a       0x1a contiki-sky.a(contikimac.o)
 .text.off      0x00007674       0x22 contiki-sky.a(contikimac.o)
 .text.recv_burst_off
                0x00007696        0xa contiki-sky.a(contikimac.o)
 .text.turn_off
                0x000076a0       0x20 contiki-sky.a(contikimac.o)
 .text.turn_on  0x000076c0       0x30 contiki-sky.a(contikimac.o)
 .text.schedule_powercycle_fixed.part.4
                0x000076f0       0x34 contiki-sky.a(contikimac.o)
 .text.powercycle_turn_radio_off
                0x00007724       0x30 contiki-sky.a(contikimac.o)
 .text.input_packet
                0x00007754       0xb6 contiki-sky.a(contikimac.o)
 .text.send_packet.isra.7
                0x0000780a      0x20c contiki-sky.a(contikimac.o)
 .text.qsend_list
                0x00007a16       0xc4 contiki-sky.a(contikimac.o)
 .text.qsend_packet
                0x00007ada       0x28 contiki-sky.a(contikimac.o)
 .text.powercycle
                0x00007b02      0x1d6 contiki-sky.a(contikimac.o)
 .text.hdr_length
                0x00007cd8        0x8 contiki-sky.a(contikimac-fram)
 .text.parse    0x00007ce0       0x3e contiki-sky.a(contikimac-fram)
 .text.create   0x00007d1e       0x26 contiki-sky.a(contikimac-fram)
 .text.create_and_secure
                0x00007d44       0x6a contiki-sky.a(contikimac-fram)
 .text.bootstrap
                0x00007dae        0x4 contiki-sky.a(nullsec.o)
 .text.send     0x00007db2        0xa contiki-sky.a(nullsec.o)
 .text.on_frame_created
                0x00007dbc        0x4 contiki-sky.a(nullsec.o)
 .text.input    0x00007dc0        0x6 contiki-sky.a(nullsec.o)
 .text.get_overhead
                0x00007dc6        0x4 contiki-sky.a(nullsec.o)
 .text.crc8_add
                0x00007dca       0x1c contiki-sky.a(sht11.o)
 .text.sstart   0x00007de6       0x3e contiki-sky.a(sht11.o)
 .text.swrite   0x00007e24       0x62 contiki-sky.a(sht11.o)
 .text.sread    0x00007e86       0x4c contiki-sky.a(sht11.o)
 .text.sreset   0x00007ed2       0x2a contiki-sky.a(sht11.o)
 .text.scmd.part.0
                0x00007efc       0xb4 contiki-sky.a(sht11.o)
 .text.sht11_init
                0x00007fb0       0x1a contiki-sky.a(sht11.o)
                0x00007fb0                sht11_init
 .text.sht11_off
                0x00007fca       0x14 contiki-sky.a(sht11.o)
                0x00007fca                sht11_off
 .text.sht11_temp
                0x00007fde        0xa contiki-sky.a(sht11.o)
                0x00007fde                sht11_temp
 .text.sht11_humidity
                0x00007fe8        0xa contiki-sky.a(sht11.o)
                0x00007fe8                sht11_humidity
 .text.sht11_sreg
                0x00007ff2       0x80 contiki-sky.a(sht11.o)
                0x00007ff2                sht11_sreg
 .text.spi_init
                0x00008072       0x30 contiki-sky.a(spi.o)
                0x00008072                spi_init
 .text.compower_accumulate
                0x000080a2       0x72 contiki-sky.a(compower.o)
                0x000080a2                compower_accumulate
 .text.compower_clear
                0x00008114       0x12 contiki-sky.a(compower.o)
                0x00008114                compower_clear
 .text.compower_attrconv
                0x00008126       0x10 contiki-sky.a(compower.o)
                0x00008126                compower_attrconv
 .text.memb_init
                0x00008136       0x36 contiki-sky.a(memb.o)
                0x00008136                memb_init
 .text.memb_alloc
                0x0000816c       0x3e contiki-sky.a(memb.o)
                0x0000816c                memb_alloc
 .text.memb_free
                0x000081aa       0x3a contiki-sky.a(memb.o)
                0x000081aa                memb_free
 .text.memb_inmemb
                0x000081e4       0x2a contiki-sky.a(memb.o)
                0x000081e4                memb_inmemb
 .text.abc_open
                0x0000820e       0x26 contiki-sky.a(abc.o)
                0x0000820e                abc_open
 .text.abc_close
                0x00008234        0x6 contiki-sky.a(abc.o)
                0x00008234                abc_close
 .text.abc_send
                0x0000823a        0x6 contiki-sky.a(abc.o)
                0x0000823a                abc_send
 .text.abc_input
                0x00008240        0xe contiki-sky.a(abc.o)
                0x00008240                abc_input
 .text.abc_sent
                0x0000824e       0x10 contiki-sky.a(abc.o)
                0x0000824e                abc_sent
 .text.announcement_init
                0x0000825e        0xa contiki-sky.a(announcement.o)
                0x0000825e                announcement_init
 .text.announcement_register_observer_callback
                0x00008268        0x6 contiki-sky.a(announcement.o)
                0x00008268                announcement_register_observer_callback
 .text.announcement_list
                0x0000826e        0xa contiki-sky.a(announcement.o)
                0x0000826e                announcement_list
 .text.announcement_heard
                0x00008278       0x42 contiki-sky.a(announcement.o)
                0x00008278                announcement_heard
 .text.adv_packet_sent
                0x000082ba        0x2 contiki-sky.a(broadcast-annou)
 .text.adv_packet_received
                0x000082bc       0x64 contiki-sky.a(broadcast-annou)
 .text.set_timers
                0x00008320       0x4a contiki-sky.a(broadcast-annou)
 .text.send_timer
                0x0000836a       0x32 contiki-sky.a(broadcast-annou)
 .text.send_adv
                0x0000839c       0x66 contiki-sky.a(broadcast-annou)
 .text.new_announcement
                0x00008402       0x18 contiki-sky.a(broadcast-annou)
 .text.broadcast_announcement_init
                0x0000841a       0x48 contiki-sky.a(broadcast-annou)
                0x0000841a                broadcast_announcement_init
 .text.chameleon_init
                0x00008462        0x6 contiki-sky.a(chameleon.o)
                0x00008462                chameleon_init
 .text.chameleon_parse
                0x00008468       0x10 contiki-sky.a(chameleon.o)
                0x00008468                chameleon_parse
 .text.chameleon_create
                0x00008478       0x1c contiki-sky.a(chameleon.o)
                0x00008478                chameleon_create
 .text.chameleon_hdrsize
                0x00008494        0x6 contiki-sky.a(chameleon.o)
                0x00008494                chameleon_hdrsize
 .text.create_frame.isra.0
                0x0000849a      0x104 contiki-sky.a(framer-802154.o)
 .text.create   0x0000859e        0x8 contiki-sky.a(framer-802154.o)
 .text.hdr_length
                0x000085a6        0x8 contiki-sky.a(framer-802154.o)
 .text.parse    0x000085ae       0xa4 contiki-sky.a(framer-802154.o)
 .text.framer_canonical_create_and_secure
                0x00008652       0x20 contiki-sky.a(framer.o)
                0x00008652                framer_canonical_create_and_secure
 .text.mac_sequence_is_duplicate
                0x00008672       0x3c contiki-sky.a(mac-sequence.o)
                0x00008672                mac_sequence_is_duplicate
 .text.mac_sequence_register_seqno
                0x000086ae       0x5c contiki-sky.a(mac-sequence.o)
                0x000086ae                mac_sequence_register_seqno
 .text.header_size
                0x0000870a       0x16 contiki-sky.a(chameleon-bitop)
 .text.get_bits_in_byte
                0x00008720       0x3a contiki-sky.a(chameleon-bitop)
                0x00008720                get_bits_in_byte
 .text.get_bits
                0x0000875a       0xa2 contiki-sky.a(chameleon-bitop)
                0x0000875a                get_bits
 .text.unpack_header
                0x000087fc       0xd2 contiki-sky.a(chameleon-bitop)
 .text.set_bits_in_byte
                0x000088ce       0x2c contiki-sky.a(chameleon-bitop)
                0x000088ce                set_bits_in_byte
 .text.set_bits
                0x000088fa       0xc8 contiki-sky.a(chameleon-bitop)
                0x000088fa                set_bits
 .text.pack_header
                0x000089c2       0xbe contiki-sky.a(chameleon-bitop)
 .text.field_len
                0x00008a80       0x90 contiki-sky.a(frame802154.o)
 .text.frame802154_hdrlen
                0x00008b10       0x2e contiki-sky.a(frame802154.o)
                0x00008b10                frame802154_hdrlen
 .text.frame802154_create
                0x00008b3e      0x146 contiki-sky.a(frame802154.o)
                0x00008b3e                frame802154_create
 .text.frame802154_parse
                0x00008c84      0x1ba contiki-sky.a(frame802154.o)
                0x00008c84                frame802154_parse
 .text.libgcc   0x00008e3e       0x2c /usr/local/msp430/bin/../lib/gcc/msp430/4.7.0/mmpy-16/libgcc.a(_mulsi3.o)
                0x00008e3e                __mulsi3
 .text.libgcc   0x00008e6a       0x3a /usr/local/msp430/bin/../lib/gcc/msp430/4.7.0/mmpy-16/libgcc.a(_divmod16.o)
                0x00008e6a                __ext_divmod16
                0x00008e6a                __divhi3
                0x00008e9c                __modhi3
 .text.libgcc   0x00008ea4       0x40 /usr/local/msp430/bin/../lib/gcc/msp430/4.7.0/mmpy-16/libgcc.a(_udivmod32.o)
                0x00008ea4                __udivsi3
                0x00008ea4                __ext_udivmod32
                0x00008eda                __umodsi3
 .text          0x00008ee4       0x42 /usr/local/msp430/bin/../lib/gcc/msp430/4.7.0/mmpy-16/libgcc.a(_fixunssfsi.o)
                0x00008ee4                __fixunssfsi
 .text          0x00008f26      0x308 /usr/local/msp430/bin/../lib/gcc/msp430/4.7.0/mmpy-16/libgcc.a(_addsub_sf.o)
                0x00009192                __addsf3
                0x000091de                __subsf3
 .text          0x0000922e      0x204 /usr/local/msp430/bin/../lib/gcc/msp430/4.7.0/mmpy-16/libgcc.a(_mul_sf.o)
                0x0000922e                __mulsf3
 .text          0x00009432      0x148 /usr/local/msp430/bin/../lib/gcc/msp430/4.7.0/mmpy-16/libgcc.a(_div_sf.o)
                0x00009432                __divsf3
 .text          0x0000957a       0x4e /usr/local/msp430/bin/../lib/gcc/msp430/4.7.0/mmpy-16/libgcc.a(_ge_sf.o)
                0x0000957a                __gesf2
 .text          0x000095c8       0xa8 /usr/local/msp430/bin/../lib/gcc/msp430/4.7.0/mmpy-16/libgcc.a(_si_to_sf.o)
                0x000095c8                __floatsisf
 .text          0x00009670       0x8c /usr/local/msp430/bin/../lib/gcc/msp430/4.7.0/mmpy-16/libgcc.a(_sf_to_si.o)
                0x00009670                __fixsfsi
 .text.libgcc   0x000096fc       0x22 /usr/local/msp430/bin/../lib/gcc/msp430/4.7.0/mmpy-16/libgcc.a(_udivmod16.o)
                0x000096fc                __udivhi3
                0x000096fc                __ext_udivmod16
                0x00009716                __umodhi3
 .text          0x0000971e       0x72 /usr/local/msp430/bin/../lib/gcc/msp430/4.7.0/mmpy-16/libgcc.a(_clzsi2.o)
                0x0000971e                __clzsi2
 .text          0x00009790      0x1da /usr/local/msp430/bin/../lib/gcc/msp430/4.7.0/mmpy-16/libgcc.a(_pack_sf.o)
                0x00009790                __pack_f
 .text          0x0000996a      0x13c /usr/local/msp430/bin/../lib/gcc/msp430/4.7.0/mmpy-16/libgcc.a(_unpack_sf.o)
                0x0000996a                __unpack_f
 .text          0x00009aa6       0xa4 /usr/local/msp430/bin/../lib/gcc/msp430/4.7.0/mmpy-16/libgcc.a(_fpcmp_parts_sf.o)
                0x00009aa6                __fpcmp_parts_f
 .text.printf   0x00009b4a       0x10 /usr/local/msp430/bin/../lib/gcc/msp430/4.7.0/../../../../msp430/lib/mmpy-16/libc.a(printf.o)
                0x00009b4a                printf
 .text.append   0x00009b5a       0x22 /usr/local/msp430/bin/../lib/gcc/msp430/4.7.0/../../../../msp430/lib/mmpy-16/libc.a(sprintf.o)
 .text.call_vuprintf
                0x00009b7c       0x3a /usr/local/msp430/bin/../lib/gcc/msp430/4.7.0/../../../../msp430/lib/mmpy-16/libc.a(sprintf.o)
 .text.snprintf
                0x00009bb6       0x1a /usr/local/msp430/bin/../lib/gcc/msp430/4.7.0/../../../../msp430/lib/mmpy-16/libc.a(sprintf.o)
                0x00009bb6                snprintf
 .text.print_field
                0x00009bd0      0x194 /usr/local/msp430/bin/../lib/gcc/msp430/4.7.0/../../../../msp430/lib/mmpy-16/libc.a(vuprintf.o)
 .text.vuprintf
                0x00009d64      0x63c /usr/local/msp430/bin/../lib/gcc/msp430/4.7.0/../../../../msp430/lib/mmpy-16/libc.a(vuprintf.o)
                0x00009d64                vuprintf
 .text.puts     0x0000a3a0       0x2c /usr/local/msp430/bin/../lib/gcc/msp430/4.7.0/../../../../msp430/lib/mmpy-16/libc.a(puts.o)
                0x0000a3a0                puts
 .text.rand     0x0000a3cc       0x26 /usr/local/msp430/bin/../lib/gcc/msp430/4.7.0/../../../../msp430/lib/mmpy-16/libc.a(rand.o)
                0x0000a3cc                rand
 .text.srand    0x0000a3f2        0xa /usr/local/msp430/bin/../lib/gcc/msp430/4.7.0/../../../../msp430/lib/mmpy-16/libc.a(rand.o)
                0x0000a3f2                srand
 .text.strcmp   0x0000a3fc       0x1e /usr/local/msp430/bin/../lib/gcc/msp430/4.7.0/../../../../msp430/lib/mmpy-16/libc.a(strcmp.o)
                0x0000a3fc                strcmp
 .text.memcmp   0x0000a41a       0x30 /usr/local/msp430/bin/../lib/gcc/msp430/4.7.0/../../../../msp430/lib/mmpy-16/libc.a(memcmp.o)
                0x0000a41a                memcmp
 .text.memcpy   0x0000a44a       0xfa /usr/local/msp430/bin/../lib/gcc/msp430/4.7.0/../../../../msp430/lib/mmpy-16/libc.a(memcpy.o)
                0x0000a44a                memcpy
 .text.memset   0x0000a544       0x6a /usr/local/msp430/bin/../lib/gcc/msp430/4.7.0/../../../../msp430/lib/mmpy-16/libc.a(memset.o)
                0x0000a544                memset
 .text.libgcc   0x0000a5ae       0xf0 /usr/local/msp430/bin/../lib/gcc/msp430/4.7.0/mmpy-16/libgcc.a(_udivmod64.o)
                0x0000a5ae                __xabi_udivmod64
                0x0000a60c                __udivdi3
                0x0000a632                __umoddi3
                0x0000a660                __udivmoddi4
 .text.crt0     0x0000a69e        0x2 /usr/local/msp430/bin/../lib/gcc/msp430/4.7.0/mmpy-16/libcrt0.a(_unexpected_.o)
                0x0000a69e                _unexpected_
 *(.near.text .near.text.*)

.rodata         0x0000a6a0      0x4b5
                0x0000a6a0                . = ALIGN (0x2)
 *(.rodata .rodata.* .gnu.linkonce.r.*)
 .rodata        0x0000a6a0      0x178 node1.co
                0x0000a7c6                autostart_processes
 .rodata        0x0000a818       0xe5 obj_sky/contiki-sky-main.o
 *fill*         0x0000a8fd        0x1 00
 .rodata        0x0000a8fe        0xe contiki-sky.a(sht11-sensor.o)
                0x0000a904                sht11_sensor
 .rodata        0x0000a90c       0x10 contiki-sky.a(button-sensor.o)
                0x0000a914                button_sensor
 .rodata        0x0000a91c        0x8 contiki-sky.a(sensors.o)
 .rodata.get_value
                0x0000a924       0x1c contiki-sky.a(cc2420.o)
 .rodata        0x0000a940       0x3e contiki-sky.a(cc2420.o)
                0x0000a940                cc2420_aes_128_driver
                0x0000a944                cc2420_driver
 .rodata        0x0000a97e        0xf contiki-sky.a(ctimer.o)
 .rodata        0x0000a98d        0xc contiki-sky.a(etimer.o)
 .rodata        0x0000a999        0xe contiki-sky.a(serial-line.o)
 *fill*         0x0000a9a7        0x1 00
 .rodata        0x0000a9a8        0x8 contiki-sky.a(broadcast.o)
 .rodata        0x0000a9b0        0xc contiki-sky.a(rime.o)
                0x0000a9b6                rime_driver
 .rodata        0x0000a9bc        0xe contiki-sky.a(runicast.o)
 .rodata        0x0000a9ca        0x4 contiki-sky.a(stunicast.o)
 .rodata        0x0000a9ce        0xa contiki-sky.a(unicast.o)
 .rodata        0x0000a9d8       0x14 contiki-sky.a(csma.o)
                0x0000a9de                csma_driver
 .rodata        0x0000a9ec        0x2 contiki-sky.a(linkaddr.o)
                0x0000a9ec                linkaddr_null
 .rodata        0x0000a9ee       0x1c contiki-sky.a(contikimac.o)
                0x0000a9fa                contikimac_driver
 .rodata        0x0000aa0a        0x8 contiki-sky.a(contikimac-fram)
                0x0000aa0a                contikimac_framer
 .rodata        0x0000aa12       0x14 contiki-sky.a(nullsec.o)
                0x0000aa1a                nullsec_driver
 .rodata        0x0000aa26        0x2 contiki-sky.a(abc.o)
 .rodata        0x0000aa28        0x4 contiki-sky.a(broadcast-annou)
 .rodata        0x0000aa2c        0x8 contiki-sky.a(framer-802154.o)
                0x0000aa2c                framer_802154
 .rodata        0x0000aa34       0x10 contiki-sky.a(chameleon-bitop)
                0x0000aa34                chameleon_bitopt
 .rodata        0x0000aa44        0x2 contiki-sky.a(frame802154.o)
 .rodata        0x0000aa46        0x8 /usr/local/msp430/bin/../lib/gcc/msp430/4.7.0/mmpy-16/libgcc.a(_thenan_sf.o)
                0x0000aa46                __thenan_sf
 .rodata        0x0000aa4e      0x100 /usr/local/msp430/bin/../lib/gcc/msp430/4.7.0/mmpy-16/libgcc.a(_clz.o)
                0x0000aa4e                __clz_tab
 .rodata.vuprintf
                0x0000ab4e        0x7 /usr/local/msp430/bin/../lib/gcc/msp430/4.7.0/../../../../msp430/lib/mmpy-16/libc.a(vuprintf.o)
 *(.near.rodata .near.rodata.*)
                0x0000ab56                . = ALIGN (0x2)
                0x0000ab56                _etext = .

.data           0x00001100       0x86 load address 0x0000ab56
                0x00001100                . = ALIGN (0x2)
                0x00001100                __data_start = .
 *(.data .data.* .gnu.linkonce.d.*)
 .data          0x00001100       0x20 node1.co
                0x00001100                guest_process_node1
                0x0000110a                alarm_process_node1
                0x00001114                main_process_node1
 .data          0x00001120        0x4 contiki-sky.a(contiki-sky-pla)
                0x00001120                sensors
 .data          0x00001124        0x1 contiki-sky.a(sht11-sensor.o)
 *fill*         0x00001125        0x1 00
 .data          0x00001126        0xa contiki-sky.a(sensors.o)
                0x00001126                sensors_process
 .data          0x00001130        0xa contiki-sky.a(cc2420.o)
                0x00001130                cc2420_process
 .data          0x0000113a        0x2 contiki-sky.a(msp430.o)
 .data          0x0000113c        0xa contiki-sky.a(ctimer.o)
                0x0000113c                ctimer_process
 .data          0x00001146        0xa contiki-sky.a(etimer.o)
                0x00001146                etimer_process
 .data          0x00001150        0xa contiki-sky.a(serial-line.o)
                0x00001150                serial_line_process
 .data          0x0000115a       0x18 contiki-sky.a(csma.o)
 .data          0x00001172       0x10 contiki-sky.a(queuebuf.o)
 .data.next     0x00001182        0x4 /usr/local/msp430/bin/../lib/gcc/msp430/4.7.0/../../../../msp430/lib/mmpy-16/libc.a(rand.o)
 *(.near.data .near.data.*)
                0x00001186                . = ALIGN (0x2)
                0x00001186                _edata = .
                0x0000ab56                __data_load_start = LOADADDR (.data)
                0x00000086                __data_size = SIZEOF (.data)

.bss            0x00001186     0x1244 load address 0x0000abdc
                0x00001186                __bss_start = .
 *(.bss .bss.*)
 .bss           0x00001186       0x94 node1.co
 .bss           0x0000121a        0xc obj_sky/contiki-sky-main.o
 .bss           0x00001226        0x8 contiki-sky.a(button-sensor.o)
 .bss           0x0000122e        0x2 contiki-sky.a(node-id.o)
                0x0000122e                node_id
 .bss           0x00001230        0x6 contiki-sky.a(sensors.o)
 .bss           0x00001236        0x8 contiki-sky.a(cc2420.o)
 .bss           0x0000123e       0x9a contiki-sky.a(uart1.o)
 .bss           0x000012d8        0xa contiki-sky.a(clock.o)
 .bss           0x000012e2        0x1 contiki-sky.a(leds.o)
 *fill*         0x000012e3        0x1 00
 .bss           0x000012e4        0x2 contiki-sky.a(watchdog.o)
 .bss           0x000012e6        0x4 contiki-sky.a(ctimer.o)
 .bss           0x000012ea        0x6 contiki-sky.a(etimer.o)
 .bss           0x000012f0       0x42 contiki-sky.a(process.o)
                0x000012f0                process_current
                0x000012f2                process_list
 .bss           0x00001332        0x2 contiki-sky.a(rtimer.o)
 .bss           0x00001334      0x10a contiki-sky.a(serial-line.o)
 .bss           0x0000143e        0x2 contiki-sky.a(channel.o)
 .bss           0x00001440        0x2 contiki-sky.a(rime.o)
 .bss           0x00001442      0x128 contiki-sky.a(csma.o)
 .bss           0x0000156a       0xb8 contiki-sky.a(packetbuf.o)
 .bss           0x00001622      0xc20 contiki-sky.a(queuebuf.o)
 .bss           0x00002242       0x32 contiki-sky.a(contikimac.o)
 .bss           0x00002274        0x8 contiki-sky.a(compower.o)
 .bss           0x0000227c        0x6 contiki-sky.a(announcement.o)
 .bss           0x00002282       0x46 contiki-sky.a(broadcast-annou)
 .bss           0x000022c8        0x2 contiki-sky.a(framer-802154.o)
 .bss           0x000022ca       0x40 contiki-sky.a(mac-sequence.o)
 .bss.destination_
                0x0000230a        0x2 /usr/local/msp430/bin/../lib/gcc/msp430/4.7.0/../../../../msp430/lib/mmpy-16/libc.a(sprintf.o)
 .bss.available_
                0x0000230c        0x2 /usr/local/msp430/bin/../lib/gcc/msp430/4.7.0/../../../../msp430/lib/mmpy-16/libc.a(sprintf.o)
 *(.near.bss .near.bss.*)
 *(COMMON)
 COMMON         0x0000230e        0x2 contiki-sky.a(contiki-sky-pla)
                0x0000230e                sensors_flags
 COMMON         0x00002310        0x8 contiki-sky.a(ds2411.o)
                0x00002310                ds2411_id
 COMMON         0x00002318        0x1 contiki-sky.a(sensors.o)
                0x00002318                sensors_event
 *fill*         0x00002319        0x1 00
 COMMON         0x0000231a       0x10 contiki-sky.a(cc2420.o)
                0x0000231a                cc2420_last_rssi
                0x0000231c                cc2420_sfd_start_time
                0x0000231e                cc2420_time_of_departure
                0x00002320                cc2420_time_of_arrival
                0x00002322                cc2420_last_correlation
                0x00002324                cc2420_authority_level_of_sender
                0x00002326                cc2420_sfd_counter
                0x00002328                cc2420_sfd_end_time
 COMMON         0x0000232a        0x2 contiki-sky.a(msp430.o)
                0x0000232a                msp430_dco_required
 COMMON         0x0000232c       0x56 contiki-sky.a(energest.o)
                0x0000232c                energest_total_time
                0x0000235c                energest_total_count
                0x0000235e                energest_current_mode
                0x0000236a                energest_current_time
 COMMON         0x00002382        0x1 contiki-sky.a(process.o)
                0x00002382                process_maxevents
 COMMON         0x00002383        0x1 contiki-sky.a(serial-line.o)
                0x00002383                serial_line_event_message
 COMMON         0x00002384        0x2 contiki-sky.a(linkaddr.o)
                0x00002384                linkaddr_node_addr
 COMMON         0x00002386       0x3c contiki-sky.a(packetbuf.o)
                0x00002386                packetbuf_addrs
                0x0000238e                packetbuf_attrs
 COMMON         0x000023c2        0x8 contiki-sky.a(compower.o)
                0x000023c2                compower_idle_activity
                0x000023ca                . = ALIGN (0x2)
                0x000023ca                __bss_end = .
                0x00001244                __bss_size = SIZEOF (.bss)

.noinit         0x000023ca        0x2 load address 0x0000abdc
                0x000023ca                . = ALIGN (0x2)
                0x000023ca                __noinit_start = .
 *(.noinit .noinit.*)
 .noinit.crt0   0x000023ca        0x2 /usr/local/msp430/bin/../lib/gcc/msp430/4.7.0/mmpy-16/libcrt0.a(__watchdog_support.o)
                0x000023ca                __wdt_clear_value
                0x000023cc                . = ALIGN (0x2)
                0x000023cc                __noinit_end = .
                0x000023cc                . = ALIGN (0x2)
                0x000023cc                _end = .

.infomem        0x00001000        0x0
                0x00001000                . = ALIGN (0x2)
 *(.infomem .infomem.*)

.infomemnobits  0x00001000        0x0
                0x00001000                . = ALIGN (0x2)
 *(.infomemnobits .infomemnobits.*)

.infoa          0x00001080        0x0
                0x00001080                . = ALIGN (0x2)
 *(.infoa .infoa.*)

.infob          0x00001000        0x0
                0x00001000                . = ALIGN (0x2)
 *(.infob .infob.*)

.infoc          0x00000000        0x0
                0x00000000                . = ALIGN (0x2)
 *(.infoc .infoc.*)

.infod          0x00000000        0x0
                0x00000000                . = ALIGN (0x2)
 *(.infod .infod.*)

.vectors        0x0000ffe0       0x20
                0x0000ffe0                __vectors_start = .
 *(.vectors*)
 .vectors       0x0000ffe0       0x20 /usr/local/msp430/bin/../lib/gcc/msp430/4.7.0/mmpy-16/crt0ivtbl16.o
                0x0000ffe0                __ivtbl_16
                0x00010000                _vectors_end = .

.fartext        0x00000000        0x0
                0x00000000                . = ALIGN (0x2)
 *(.fartext .fartext.*)

.far.text       0x00000000        0x0
                0x00000000                . = ALIGN (0x2)
 *(.far.text .far.text.*)

.far.rodata     0x00000000        0x0
                0x00000000                . = ALIGN (0x2)
 *(.far.rodata .far.rodata.*)
                0x00000000                . = ALIGN (0x2)
                0x00000000                _efartext = .

.far.data       0x00000000        0x0
                0x00000000                . = ALIGN (0x2)
                0x00000000                __far_data_start = .
 *(.far.data .far.data.*)
                0x00000000                . = ALIGN (0x2)
                0x00000000                _efardata = .
                0x00000000                __far_data_load_start = LOADADDR (.far.data)
                0x00000000                __far_data_size = SIZEOF (.far.data)

.far.bss        0x00000000        0x0
                0x00000000                . = ALIGN (0x2)
                0x00000000                __far_bss_start = .
 *(.far.bss .far.bss.*)
                0x00000000                . = ALIGN (0x2)
                0x00000000                __far_bss_end = .
                0x00000000                __far_bss_size = SIZEOF (.far.bss)
                0x00000000                . = ALIGN (0x2)
                0x00000000                _far_end = .

.profiler
 *(.profiler)

.stab           0x00000000    0x1c230
 *(.stab)
 .stab          0x00000000     0x1c68 node1.co
 .stab          0x00001c68     0x1074 obj_sky/contiki-sky-main.o
                               0x17ac (size before relaxing)
 .stab          0x00002cdc      0x24c contiki-sky.a(contiki-sky-pla)
                                0x5ac (size before relaxing)
 .stab          0x00002f28      0x438 contiki-sky.a(sht11-sensor.o)
                                0x948 (size before relaxing)
 .stab          0x00003360      0x468 contiki-sky.a(button-sensor.o)
                                0x7d4 (size before relaxing)
 .stab          0x000037c8      0x618 contiki-sky.a(ds2411.o)
                                0xb34 (size before relaxing)
 .stab          0x00003de0      0x9d8 contiki-sky.a(xmem.o)
                                0xf00 (size before relaxing)
 .stab          0x000047b8      0x2b8 contiki-sky.a(node-id.o)
                                0x4e0 (size before relaxing)
 .stab          0x00004a70      0x684 contiki-sky.a(sensors.o)
                                0xbb8 (size before relaxing)
 .stab          0x000050f4     0x22c8 contiki-sky.a(cc2420.o)
                               0x2c40 (size before relaxing)
 .stab          0x000073bc      0x9cc contiki-sky.a(cc2420-arch.o)
                               0x13f8 (size before relaxing)
 .stab          0x00007d88      0x600 contiki-sky.a(uart1.o)
                                0x954 (size before relaxing)
 .stab          0x00008388      0x27c contiki-sky.a(uart1-putchar.o)
                                0x7bc (size before relaxing)
 .stab          0x00008604      0x72c contiki-sky.a(msp430.o)
                                0xa80 (size before relaxing)
 .stab          0x00008d30      0x930 contiki-sky.a(clock.o)
                                0xc84 (size before relaxing)
 .stab          0x00009660      0x5a0 contiki-sky.a(leds.o)
                                0x7ec (size before relaxing)
 .stab          0x00009c00      0x378 contiki-sky.a(leds-arch.o)
                                0x6cc (size before relaxing)
 .stab          0x00009f78      0x3cc contiki-sky.a(watchdog.o)
                                0x720 (size before relaxing)
 .stab          0x0000a344      0x3b4 contiki-sky.a(rtimer-arch.o)
                                0x708 (size before relaxing)
 .stab          0x0000a6f8      0x294 contiki-sky.a(autostart.o)
                                0x534 (size before relaxing)
 .stab          0x0000a98c      0x78c contiki-sky.a(ctimer.o)
                                0xaf8 (size before relaxing)
 .stab          0x0000b118      0x474 contiki-sky.a(energest.o)
                                0x6fc (size before relaxing)
 .stab          0x0000b58c      0x9fc contiki-sky.a(etimer.o)
                                0xccc (size before relaxing)
 .stab          0x0000bf88      0xb70 contiki-sky.a(process.o)
                               0x1008 (size before relaxing)
 .stab          0x0000caf8      0x3cc contiki-sky.a(rtimer.o)
                                0x6b4 (size before relaxing)
 .stab          0x0000cec4      0x348 contiki-sky.a(timer.o)
                                0x588 (size before relaxing)
 .stab          0x0000d20c      0x51c contiki-sky.a(serial-line.o)
                                0xa38 (size before relaxing)
 .stab          0x0000d728      0x7bc contiki-sky.a(list.o)
                                0x7c8 (size before relaxing)
 .stab          0x0000dee4      0x21c contiki-sky.a(random.o)
                                0x618 (size before relaxing)
 .stab          0x0000e100      0x3f0 contiki-sky.a(ringbuf.o)
                                0x630 (size before relaxing)
 .stab          0x0000e4f0      0x6cc contiki-sky.a(broadcast.o)
                               0x1500 (size before relaxing)
 .stab          0x0000ebbc      0x654 contiki-sky.a(channel.o)
                               0x1278 (size before relaxing)
 .stab          0x0000f210      0xcb4 contiki-sky.a(rime.o)
                               0x13f8 (size before relaxing)
 .stab          0x0000fec4      0x8e8 contiki-sky.a(runicast.o)
                               0x156c (size before relaxing)
 .stab          0x000107ac      0x87c contiki-sky.a(stunicast.o)
                               0x1500 (size before relaxing)
 .stab          0x00011028      0x618 contiki-sky.a(unicast.o)
                               0x1290 (size before relaxing)
 .stab          0x00011640      0xdec contiki-sky.a(csma.o)
                               0x159c (size before relaxing)
 .stab          0x0001242c      0x1f8 contiki-sky.a(mac.o)
                                0x4ec (size before relaxing)
 .stab          0x00012624      0x2ac contiki-sky.a(linkaddr.o)
                                0x6a8 (size before relaxing)
 .stab          0x000128d0      0xd74 contiki-sky.a(packetbuf.o)
                               0x1bc0 (size before relaxing)
 .stab          0x00013644      0xa38 contiki-sky.a(queuebuf.o)
                               0x186c (size before relaxing)
 .stab          0x0001407c     0x17ac contiki-sky.a(contikimac.o)
                               0x23b8 (size before relaxing)
 .stab          0x00015828      0x6d8 contiki-sky.a(contikimac-fram)
                                0xf18 (size before relaxing)
 .stab          0x00015f00      0x684 contiki-sky.a(nullsec.o)
                                0xd80 (size before relaxing)
 .stab          0x00016584      0xbb8 contiki-sky.a(sht11.o)
                               0x10e0 (size before relaxing)
 .stab          0x0001713c      0x1f8 contiki-sky.a(spi.o)
                                0x420 (size before relaxing)
 .stab          0x00017334      0x4ec contiki-sky.a(compower.o)
                                0xcf0 (size before relaxing)
 .stab          0x00017820      0x5c4 contiki-sky.a(memb.o)
                                0xaf8 (size before relaxing)
 .stab          0x00017de4      0x660 contiki-sky.a(abc.o)
                               0x1494 (size before relaxing)
 .stab          0x00018444      0x6b4 contiki-sky.a(announcement.o)
                                0x954 (size before relaxing)
 .stab          0x00018af8      0x948 contiki-sky.a(broadcast-annou)
                               0x15c0 (size before relaxing)
 .stab          0x00019440      0x588 contiki-sky.a(chameleon.o)
                               0x1230 (size before relaxing)
 .stab          0x000199c8      0x918 contiki-sky.a(framer-802154.o)
                                0xf54 (size before relaxing)
 .stab          0x0001a2e0      0x318 contiki-sky.a(framer.o)
                                0xc54 (size before relaxing)
 .stab          0x0001a5f8      0x600 contiki-sky.a(mac-sequence.o)
                               0x144c (size before relaxing)
 .stab          0x0001abf8      0xd44 contiki-sky.a(chameleon-bitop)
                               0x19bc (size before relaxing)
 .stab          0x0001b93c      0x8f4 contiki-sky.a(frame802154.o)
                               0x10c8 (size before relaxing)

.stabstr        0x00000000    0x16817
 *(.stabstr)
 .stabstr       0x00000000    0x16817 node1.co

.stab.excl
 *(.stab.excl)

.stab.exclstr
 *(.stab.exclstr)

.stab.index
 *(.stab.index)

.stab.indexstr
 *(.stab.indexstr)

.comment        0x00000000       0x30
 *(.comment)
 .comment       0x00000000       0x30 node1.co
                                 0x31 (size before relaxing)
 .comment       0x00000000       0x31 obj_sky/contiki-sky-main.o
 .comment       0x00000000       0x31 contiki-sky.a(contiki-sky-pla)
 .comment       0x00000000       0x31 contiki-sky.a(sht11-sensor.o)
 .comment       0x00000000       0x31 contiki-sky.a(button-sensor.o)
 .comment       0x00000000       0x31 contiki-sky.a(ds2411.o)
 .comment       0x00000000       0x31 contiki-sky.a(xmem.o)
 .comment       0x00000000       0x31 contiki-sky.a(node-id.o)
 .comment       0x00000000       0x31 contiki-sky.a(sensors.o)
 .comment       0x00000000       0x31 contiki-sky.a(cc2420.o)
 .comment       0x00000000       0x31 contiki-sky.a(cc2420-arch.o)
 .comment       0x00000000       0x31 contiki-sky.a(uart1.o)
 .comment       0x00000000       0x31 contiki-sky.a(uart1-putchar.o)
 .comment       0x00000000       0x31 contiki-sky.a(msp430.o)
 .comment       0x00000000       0x31 contiki-sky.a(clock.o)
 .comment       0x00000000       0x31 contiki-sky.a(leds.o)
 .comment       0x00000000       0x31 contiki-sky.a(leds-arch.o)
 .comment       0x00000000       0x31 contiki-sky.a(watchdog.o)
 .comment       0x00000000       0x31 contiki-sky.a(rtimer-arch.o)
 .comment       0x00000000       0x31 contiki-sky.a(autostart.o)
 .comment       0x00000000       0x31 contiki-sky.a(ctimer.o)
 .comment       0x00000000       0x31 contiki-sky.a(energest.o)
 .comment       0x00000000       0x31 contiki-sky.a(etimer.o)
 .comment       0x00000000       0x31 contiki-sky.a(process.o)
 .comment       0x00000000       0x31 contiki-sky.a(rtimer.o)
 .comment       0x00000000       0x31 contiki-sky.a(timer.o)
 .comment       0x00000000       0x31 contiki-sky.a(serial-line.o)
 .comment       0x00000000       0x31 contiki-sky.a(list.o)
 .comment       0x00000000       0x31 contiki-sky.a(random.o)
 .comment       0x00000000       0x31 contiki-sky.a(ringbuf.o)
 .comment       0x00000000       0x31 contiki-sky.a(broadcast.o)
 .comment       0x00000000       0x31 contiki-sky.a(channel.o)
 .comment       0x00000000       0x31 contiki-sky.a(rime.o)
 .comment       0x00000000       0x31 contiki-sky.a(runicast.o)
 .comment       0x00000000       0x31 contiki-sky.a(stunicast.o)
 .comment       0x00000000       0x31 contiki-sky.a(unicast.o)
 .comment       0x00000000       0x31 contiki-sky.a(csma.o)
 .comment       0x00000000       0x31 contiki-sky.a(mac.o)
 .comment       0x00000000       0x31 contiki-sky.a(linkaddr.o)
 .comment       0x00000000       0x31 contiki-sky.a(packetbuf.o)
 .comment       0x00000000       0x31 contiki-sky.a(queuebuf.o)
 .comment       0x00000000       0x31 contiki-sky.a(contikimac.o)
 .comment       0x00000000       0x31 contiki-sky.a(contikimac-fram)
 .comment       0x00000000       0x31 contiki-sky.a(nullsec.o)
 .comment       0x00000000       0x31 contiki-sky.a(sht11.o)
 .comment       0x00000000       0x31 contiki-sky.a(spi.o)
 .comment       0x00000000       0x31 contiki-sky.a(compower.o)
 .comment       0x00000000       0x31 contiki-sky.a(memb.o)
 .comment       0x00000000       0x31 contiki-sky.a(abc.o)
 .comment       0x00000000       0x31 contiki-sky.a(announcement.o)
 .comment       0x00000000       0x31 contiki-sky.a(broadcast-annou)
 .comment       0x00000000       0x31 contiki-sky.a(chameleon.o)
 .comment       0x00000000       0x31 contiki-sky.a(framer-802154.o)
 .comment       0x00000000       0x31 contiki-sky.a(framer.o)
 .comment       0x00000000       0x31 contiki-sky.a(mac-sequence.o)
 .comment       0x00000000       0x31 contiki-sky.a(chameleon-bitop)
 .comment       0x00000000       0x31 contiki-sky.a(frame802154.o)
 .comment       0x00000000       0x31 /usr/local/msp430/bin/../lib/gcc/msp430/4.7.0/mmpy-16/libgcc.a(_fixunssfsi.o)
 .comment       0x00000000       0x31 /usr/local/msp430/bin/../lib/gcc/msp430/4.7.0/mmpy-16/libgcc.a(_addsub_sf.o)
 .comment       0x00000000       0x31 /usr/local/msp430/bin/../lib/gcc/msp430/4.7.0/mmpy-16/libgcc.a(_mul_sf.o)
 .comment       0x00000000       0x31 /usr/local/msp430/bin/../lib/gcc/msp430/4.7.0/mmpy-16/libgcc.a(_div_sf.o)
 .comment       0x00000000       0x31 /usr/local/msp430/bin/../lib/gcc/msp430/4.7.0/mmpy-16/libgcc.a(_ge_sf.o)
 .comment       0x00000000       0x31 /usr/local/msp430/bin/../lib/gcc/msp430/4.7.0/mmpy-16/libgcc.a(_si_to_sf.o)
 .comment       0x00000000       0x31 /usr/local/msp430/bin/../lib/gcc/msp430/4.7.0/mmpy-16/libgcc.a(_sf_to_si.o)
 .comment       0x00000000       0x31 /usr/local/msp430/bin/../lib/gcc/msp430/4.7.0/mmpy-16/libgcc.a(_thenan_sf.o)
 .comment       0x00000000       0x31 /usr/local/msp430/bin/../lib/gcc/msp430/4.7.0/mmpy-16/libgcc.a(_clzsi2.o)
 .comment       0x00000000       0x31 /usr/local/msp430/bin/../lib/gcc/msp430/4.7.0/mmpy-16/libgcc.a(_pack_sf.o)
 .comment       0x00000000       0x31 /usr/local/msp430/bin/../lib/gcc/msp430/4.7.0/mmpy-16/libgcc.a(_unpack_sf.o)
 .comment       0x00000000       0x31 /usr/local/msp430/bin/../lib/gcc/msp430/4.7.0/mmpy-16/libgcc.a(_fpcmp_parts_sf.o)
 .comment       0x00000000       0x31 /usr/local/msp430/bin/../lib/gcc/msp430/4.7.0/mmpy-16/libgcc.a(_clz.o)
 .comment       0x00000000       0x31 /usr/local/msp430/bin/../lib/gcc/msp430/4.7.0/../../../../msp430/lib/mmpy-16/libc.a(printf.o)
 .comment       0x00000000       0x31 /usr/local/msp430/bin/../lib/gcc/msp430/4.7.0/../../../../msp430/lib/mmpy-16/libc.a(sprintf.o)
 .comment       0x00000000       0x31 /usr/local/msp430/bin/../lib/gcc/msp430/4.7.0/../../../../msp430/lib/mmpy-16/libc.a(vuprintf.o)
 .comment       0x00000000       0x31 /usr/local/msp430/bin/../lib/gcc/msp430/4.7.0/../../../../msp430/lib/mmpy-16/libc.a(puts.o)
 .comment       0x00000000       0x31 /usr/local/msp430/bin/../lib/gcc/msp430/4.7.0/../../../../msp430/lib/mmpy-16/libc.a(rand.o)
 .comment       0x00000000       0x31 /usr/local/msp430/bin/../lib/gcc/msp430/4.7.0/../../../../msp430/lib/mmpy-16/libc.a(strcmp.o)
 .comment       0x00000000       0x31 /usr/local/msp430/bin/../lib/gcc/msp430/4.7.0/../../../../msp430/lib/mmpy-16/libc.a(memcmp.o)
 .comment       0x00000000       0x31 /usr/local/msp430/bin/../lib/gcc/msp430/4.7.0/../../../../msp430/lib/mmpy-16/libc.a(memcpy.o)
 .comment       0x00000000       0x31 /usr/local/msp430/bin/../lib/gcc/msp430/4.7.0/../../../../msp430/lib/mmpy-16/libc.a(memset.o)

.debug
 *(.debug)

.line
 *(.line)

.debug_srcinfo
 *(.debug_srcinfo)

.debug_sfnames
 *(.debug_sfnames)

.debug_aranges  0x00000000      0x2c4
 *(.debug_aranges)
 .debug_aranges
                0x00000000       0x14 /usr/local/msp430/bin/../lib/gcc/msp430/4.7.0/mmpy-16/crt0ivtbl16.o
 .debug_aranges
                0x00000014       0x14 /usr/local/msp430/bin/../lib/gcc/msp430/4.7.0/mmpy-16/libgcc.a(_mulsi3.o)
 .debug_aranges
                0x00000028       0x14 /usr/local/msp430/bin/../lib/gcc/msp430/4.7.0/mmpy-16/libgcc.a(_divmod16.o)
 .debug_aranges
                0x0000003c       0x14 /usr/local/msp430/bin/../lib/gcc/msp430/4.7.0/mmpy-16/libgcc.a(_udivmod32.o)
 .debug_aranges
                0x00000050       0x14 /usr/local/msp430/bin/../lib/gcc/msp430/4.7.0/mmpy-16/libgcc.a(_fixunssfsi.o)
 .debug_aranges
                0x00000064       0x14 /usr/local/msp430/bin/../lib/gcc/msp430/4.7.0/mmpy-16/libgcc.a(_addsub_sf.o)
 .debug_aranges
                0x00000078       0x14 /usr/local/msp430/bin/../lib/gcc/msp430/4.7.0/mmpy-16/libgcc.a(_mul_sf.o)
 .debug_aranges
                0x0000008c       0x14 /usr/local/msp430/bin/../lib/gcc/msp430/4.7.0/mmpy-16/libgcc.a(_div_sf.o)
 .debug_aranges
                0x000000a0       0x14 /usr/local/msp430/bin/../lib/gcc/msp430/4.7.0/mmpy-16/libgcc.a(_ge_sf.o)
 .debug_aranges
                0x000000b4       0x14 /usr/local/msp430/bin/../lib/gcc/msp430/4.7.0/mmpy-16/libgcc.a(_si_to_sf.o)
 .debug_aranges
                0x000000c8       0x14 /usr/local/msp430/bin/../lib/gcc/msp430/4.7.0/mmpy-16/libgcc.a(_sf_to_si.o)
 .debug_aranges
                0x000000dc       0x10 /usr/local/msp430/bin/../lib/gcc/msp430/4.7.0/mmpy-16/libgcc.a(_thenan_sf.o)
 .debug_aranges
                0x000000ec       0x14 /usr/local/msp430/bin/../lib/gcc/msp430/4.7.0/mmpy-16/libgcc.a(_udivmod16.o)
 .debug_aranges
                0x00000100       0x14 /usr/local/msp430/bin/../lib/gcc/msp430/4.7.0/mmpy-16/libgcc.a(_clzsi2.o)
 .debug_aranges
                0x00000114       0x14 /usr/local/msp430/bin/../lib/gcc/msp430/4.7.0/mmpy-16/libgcc.a(_pack_sf.o)
 .debug_aranges
                0x00000128       0x14 /usr/local/msp430/bin/../lib/gcc/msp430/4.7.0/mmpy-16/libgcc.a(_unpack_sf.o)
 .debug_aranges
                0x0000013c       0x14 /usr/local/msp430/bin/../lib/gcc/msp430/4.7.0/mmpy-16/libgcc.a(_fpcmp_parts_sf.o)
 .debug_aranges
                0x00000150       0x10 /usr/local/msp430/bin/../lib/gcc/msp430/4.7.0/mmpy-16/libgcc.a(_clz.o)
 .debug_aranges
                0x00000160       0x18 /usr/local/msp430/bin/../lib/gcc/msp430/4.7.0/../../../../msp430/lib/mmpy-16/libc.a(printf.o)
 .debug_aranges
                0x00000178       0x28 /usr/local/msp430/bin/../lib/gcc/msp430/4.7.0/../../../../msp430/lib/mmpy-16/libc.a(sprintf.o)
 .debug_aranges
                0x000001a0       0x18 /usr/local/msp430/bin/../lib/gcc/msp430/4.7.0/../../../../msp430/lib/mmpy-16/libc.a(vuprintf.o)
 .debug_aranges
                0x000001b8       0x14 /usr/local/msp430/bin/../lib/gcc/msp430/4.7.0/../../../../msp430/lib/mmpy-16/libc.a(puts.o)
 .debug_aranges
                0x000001cc       0x1c /usr/local/msp430/bin/../lib/gcc/msp430/4.7.0/../../../../msp430/lib/mmpy-16/libc.a(rand.o)
 .debug_aranges
                0x000001e8       0x14 /usr/local/msp430/bin/../lib/gcc/msp430/4.7.0/../../../../msp430/lib/mmpy-16/libc.a(strcmp.o)
 .debug_aranges
                0x000001fc       0x14 /usr/local/msp430/bin/../lib/gcc/msp430/4.7.0/../../../../msp430/lib/mmpy-16/libc.a(memcmp.o)
 .debug_aranges
                0x00000210       0x14 /usr/local/msp430/bin/../lib/gcc/msp430/4.7.0/../../../../msp430/lib/mmpy-16/libc.a(memcpy.o)
 .debug_aranges
                0x00000224       0x14 /usr/local/msp430/bin/../lib/gcc/msp430/4.7.0/../../../../msp430/lib/mmpy-16/libc.a(memset.o)
 .debug_aranges
                0x00000238       0x14 /usr/local/msp430/bin/../lib/gcc/msp430/4.7.0/mmpy-16/libgcc.a(_udivmod64.o)
 .debug_aranges
                0x0000024c       0x14 /usr/local/msp430/bin/../lib/gcc/msp430/4.7.0/mmpy-16/libcrt0.a(__watchdog_support.o)
 .debug_aranges
                0x00000260       0x14 /usr/local/msp430/bin/../lib/gcc/msp430/4.7.0/mmpy-16/libcrt0.a(__init_stack.o)
 .debug_aranges
                0x00000274       0x14 /usr/local/msp430/bin/../lib/gcc/msp430/4.7.0/mmpy-16/libcrt0.a(_copy_data.o)
 .debug_aranges
                0x00000288       0x14 /usr/local/msp430/bin/../lib/gcc/msp430/4.7.0/mmpy-16/libcrt0.a(_clear_bss.o)
 .debug_aranges
                0x0000029c       0x14 /usr/local/msp430/bin/../lib/gcc/msp430/4.7.0/mmpy-16/libcrt0.a(_endless_loop__.o)
 .debug_aranges
                0x000002b0       0x14 /usr/local/msp430/bin/../lib/gcc/msp430/4.7.0/mmpy-16/libcrt0.a(_unexpected_.o)

.debug_pubnames
 *(.debug_pubnames)

.debug_info     0x00000000     0x3759
 *(.debug_info)
 .debug_info    0x00000000       0x9b /usr/local/msp430/bin/../lib/gcc/msp430/4.7.0/mmpy-16/crt0ivtbl16.o
 .debug_info    0x0000009b       0x98 /usr/local/msp430/bin/../lib/gcc/msp430/4.7.0/mmpy-16/libgcc.a(_mulsi3.o)
 .debug_info    0x00000133       0x98 /usr/local/msp430/bin/../lib/gcc/msp430/4.7.0/mmpy-16/libgcc.a(_divmod16.o)
 .debug_info    0x000001cb       0x98 /usr/local/msp430/bin/../lib/gcc/msp430/4.7.0/mmpy-16/libgcc.a(_udivmod32.o)
 .debug_info    0x00000263       0xb6 /usr/local/msp430/bin/../lib/gcc/msp430/4.7.0/mmpy-16/libgcc.a(_fixunssfsi.o)
 .debug_info    0x00000319      0x50d /usr/local/msp430/bin/../lib/gcc/msp430/4.7.0/mmpy-16/libgcc.a(_addsub_sf.o)
 .debug_info    0x00000826      0x447 /usr/local/msp430/bin/../lib/gcc/msp430/4.7.0/mmpy-16/libgcc.a(_mul_sf.o)
 .debug_info    0x00000c6d      0x3d3 /usr/local/msp430/bin/../lib/gcc/msp430/4.7.0/mmpy-16/libgcc.a(_div_sf.o)
 .debug_info    0x00001040      0x2fa /usr/local/msp430/bin/../lib/gcc/msp430/4.7.0/mmpy-16/libgcc.a(_ge_sf.o)
 .debug_info    0x0000133a      0x243 /usr/local/msp430/bin/../lib/gcc/msp430/4.7.0/mmpy-16/libgcc.a(_si_to_sf.o)
 .debug_info    0x0000157d      0x2cb /usr/local/msp430/bin/../lib/gcc/msp430/4.7.0/mmpy-16/libgcc.a(_sf_to_si.o)
 .debug_info    0x00001848      0x167 /usr/local/msp430/bin/../lib/gcc/msp430/4.7.0/mmpy-16/libgcc.a(_thenan_sf.o)
 .debug_info    0x000019af       0x98 /usr/local/msp430/bin/../lib/gcc/msp430/4.7.0/mmpy-16/libgcc.a(_udivmod16.o)
 .debug_info    0x00001a47      0x111 /usr/local/msp430/bin/../lib/gcc/msp430/4.7.0/mmpy-16/libgcc.a(_clzsi2.o)
 .debug_info    0x00001b58      0x2ba /usr/local/msp430/bin/../lib/gcc/msp430/4.7.0/mmpy-16/libgcc.a(_pack_sf.o)
 .debug_info    0x00001e12      0x24a /usr/local/msp430/bin/../lib/gcc/msp430/4.7.0/mmpy-16/libgcc.a(_unpack_sf.o)
 .debug_info    0x0000205c      0x1dd /usr/local/msp430/bin/../lib/gcc/msp430/4.7.0/mmpy-16/libgcc.a(_fpcmp_parts_sf.o)
 .debug_info    0x00002239       0xc3 /usr/local/msp430/bin/../lib/gcc/msp430/4.7.0/mmpy-16/libgcc.a(_clz.o)
 .debug_info    0x000022fc      0x16e /usr/local/msp430/bin/../lib/gcc/msp430/4.7.0/../../../../msp430/lib/mmpy-16/libc.a(printf.o)
 .debug_info    0x0000246a      0x321 /usr/local/msp430/bin/../lib/gcc/msp430/4.7.0/../../../../msp430/lib/mmpy-16/libc.a(sprintf.o)
 .debug_info    0x0000278b      0x5d4 /usr/local/msp430/bin/../lib/gcc/msp430/4.7.0/../../../../msp430/lib/mmpy-16/libc.a(vuprintf.o)
 .debug_info    0x00002d5f       0xc7 /usr/local/msp430/bin/../lib/gcc/msp430/4.7.0/../../../../msp430/lib/mmpy-16/libc.a(puts.o)
 .debug_info    0x00002e26      0x146 /usr/local/msp430/bin/../lib/gcc/msp430/4.7.0/../../../../msp430/lib/mmpy-16/libc.a(rand.o)
 .debug_info    0x00002f6c       0xa9 /usr/local/msp430/bin/../lib/gcc/msp430/4.7.0/../../../../msp430/lib/mmpy-16/libc.a(strcmp.o)
 .debug_info    0x00003015       0xe5 /usr/local/msp430/bin/../lib/gcc/msp430/4.7.0/../../../../msp430/lib/mmpy-16/libc.a(memcmp.o)
 .debug_info    0x000030fa      0x12c /usr/local/msp430/bin/../lib/gcc/msp430/4.7.0/../../../../msp430/lib/mmpy-16/libc.a(memcpy.o)
 .debug_info    0x00003226      0x117 /usr/local/msp430/bin/../lib/gcc/msp430/4.7.0/../../../../msp430/lib/mmpy-16/libc.a(memset.o)
 .debug_info    0x0000333d       0x98 /usr/local/msp430/bin/../lib/gcc/msp430/4.7.0/mmpy-16/libgcc.a(_udivmod64.o)
 .debug_info    0x000033d5       0x96 /usr/local/msp430/bin/../lib/gcc/msp430/4.7.0/mmpy-16/libcrt0.a(__watchdog_support.o)
 .debug_info    0x0000346b       0x96 /usr/local/msp430/bin/../lib/gcc/msp430/4.7.0/mmpy-16/libcrt0.a(__init_stack.o)
 .debug_info    0x00003501       0x96 /usr/local/msp430/bin/../lib/gcc/msp430/4.7.0/mmpy-16/libcrt0.a(_copy_data.o)
 .debug_info    0x00003597       0x96 /usr/local/msp430/bin/../lib/gcc/msp430/4.7.0/mmpy-16/libcrt0.a(_clear_bss.o)
 .debug_info    0x0000362d       0x96 /usr/local/msp430/bin/../lib/gcc/msp430/4.7.0/mmpy-16/libcrt0.a(_endless_loop__.o)
 .debug_info    0x000036c3       0x96 /usr/local/msp430/bin/../lib/gcc/msp430/4.7.0/mmpy-16/libcrt0.a(_unexpected_.o)
 *(.gnu.linkonce.wi.*)

.debug_abbrev   0x00000000     0x1ad5
 *(.debug_abbrev)
 .debug_abbrev  0x00000000       0x14 /usr/local/msp430/bin/../lib/gcc/msp430/4.7.0/mmpy-16/crt0ivtbl16.o
 .debug_abbrev  0x00000014       0x14 /usr/local/msp430/bin/../lib/gcc/msp430/4.7.0/mmpy-16/libgcc.a(_mulsi3.o)
 .debug_abbrev  0x00000028       0x14 /usr/local/msp430/bin/../lib/gcc/msp430/4.7.0/mmpy-16/libgcc.a(_divmod16.o)
 .debug_abbrev  0x0000003c       0x14 /usr/local/msp430/bin/../lib/gcc/msp430/4.7.0/mmpy-16/libgcc.a(_udivmod32.o)
 .debug_abbrev  0x00000050       0x60 /usr/local/msp430/bin/../lib/gcc/msp430/4.7.0/mmpy-16/libgcc.a(_fixunssfsi.o)
 .debug_abbrev  0x000000b0      0x202 /usr/local/msp430/bin/../lib/gcc/msp430/4.7.0/mmpy-16/libgcc.a(_addsub_sf.o)
 .debug_abbrev  0x000002b2      0x23a /usr/local/msp430/bin/../lib/gcc/msp430/4.7.0/mmpy-16/libgcc.a(_mul_sf.o)
 .debug_abbrev  0x000004ec      0x223 /usr/local/msp430/bin/../lib/gcc/msp430/4.7.0/mmpy-16/libgcc.a(_div_sf.o)
 .debug_abbrev  0x0000070f      0x1a5 /usr/local/msp430/bin/../lib/gcc/msp430/4.7.0/mmpy-16/libgcc.a(_ge_sf.o)
 .debug_abbrev  0x000008b4      0x19e /usr/local/msp430/bin/../lib/gcc/msp430/4.7.0/mmpy-16/libgcc.a(_si_to_sf.o)
 .debug_abbrev  0x00000a52      0x194 /usr/local/msp430/bin/../lib/gcc/msp430/4.7.0/mmpy-16/libgcc.a(_sf_to_si.o)
 .debug_abbrev  0x00000be6       0xc5 /usr/local/msp430/bin/../lib/gcc/msp430/4.7.0/mmpy-16/libgcc.a(_thenan_sf.o)
 .debug_abbrev  0x00000cab       0x14 /usr/local/msp430/bin/../lib/gcc/msp430/4.7.0/mmpy-16/libgcc.a(_udivmod16.o)
 .debug_abbrev  0x00000cbf       0xaf /usr/local/msp430/bin/../lib/gcc/msp430/4.7.0/mmpy-16/libgcc.a(_clzsi2.o)
 .debug_abbrev  0x00000d6e      0x197 /usr/local/msp430/bin/../lib/gcc/msp430/4.7.0/mmpy-16/libgcc.a(_pack_sf.o)
 .debug_abbrev  0x00000f05      0x150 /usr/local/msp430/bin/../lib/gcc/msp430/4.7.0/mmpy-16/libgcc.a(_unpack_sf.o)
 .debug_abbrev  0x00001055      0x10e /usr/local/msp430/bin/../lib/gcc/msp430/4.7.0/mmpy-16/libgcc.a(_fpcmp_parts_sf.o)
 .debug_abbrev  0x00001163       0x75 /usr/local/msp430/bin/../lib/gcc/msp430/4.7.0/mmpy-16/libgcc.a(_clz.o)
 .debug_abbrev  0x000011d8       0xfa /usr/local/msp430/bin/../lib/gcc/msp430/4.7.0/../../../../msp430/lib/mmpy-16/libc.a(printf.o)
 .debug_abbrev  0x000012d2      0x14c /usr/local/msp430/bin/../lib/gcc/msp430/4.7.0/../../../../msp430/lib/mmpy-16/libc.a(sprintf.o)
 .debug_abbrev  0x0000141e      0x23e /usr/local/msp430/bin/../lib/gcc/msp430/4.7.0/../../../../msp430/lib/mmpy-16/libc.a(vuprintf.o)
 .debug_abbrev  0x0000165c       0xa3 /usr/local/msp430/bin/../lib/gcc/msp430/4.7.0/../../../../msp430/lib/mmpy-16/libc.a(puts.o)